Component: ARM Compiler 5.06 update 5 (build 528) Tool: armlink [4d35e2]

==============================================================================

Section Cross References

    startup_stm32f103xe.o(STACK) refers (Special) to heapauxi.o(.text) for __use_two_region_memory
    startup_stm32f103xe.o(HEAP) refers (Special) to heapauxi.o(.text) for __use_two_region_memory
    startup_stm32f103xe.o(RESET) refers (Special) to heapauxi.o(.text) for __use_two_region_memory
    startup_stm32f103xe.o(RESET) refers to startup_stm32f103xe.o(STACK) for __initial_sp
    startup_stm32f103xe.o(RESET) refers to startup_stm32f103xe.o(.text) for Reset_Handler
    startup_stm32f103xe.o(RESET) refers to stm32f1xx_it.o(i.NMI_Handler) for NMI_Handler
    startup_stm32f103xe.o(RESET) refers to stm32f1xx_it.o(i.HardFault_Handler) for HardFault_Handler
    startup_stm32f103xe.o(RESET) refers to stm32f1xx_it.o(i.MemManage_Handler) for MemManage_Handler
    startup_stm32f103xe.o(RESET) refers to stm32f1xx_it.o(i.BusFault_Handler) for BusFault_Handler
    startup_stm32f103xe.o(RESET) refers to stm32f1xx_it.o(i.UsageFault_Handler) for UsageFault_Handler
    startup_stm32f103xe.o(RESET) refers to stm32f1xx_it.o(i.SVC_Handler) for SVC_Handler
    startup_stm32f103xe.o(RESET) refers to stm32f1xx_it.o(i.DebugMon_Handler) for DebugMon_Handler
    startup_stm32f103xe.o(RESET) refers to stm32f1xx_it.o(i.PendSV_Handler) for PendSV_Handler
    startup_stm32f103xe.o(RESET) refers to stm32f1xx_it.o(i.SysTick_Handler) for SysTick_Handler
    startup_stm32f103xe.o(RESET) refers to stm32f1xx_it.o(i.DMA1_Channel4_IRQHandler) for DMA1_Channel4_IRQHandler
    startup_stm32f103xe.o(RESET) refers to stm32f1xx_it.o(i.USB_HP_CAN1_TX_IRQHandler) for USB_HP_CAN1_TX_IRQHandler
    startup_stm32f103xe.o(RESET) refers to stm32f1xx_it.o(i.USB_LP_CAN1_RX0_IRQHandler) for USB_LP_CAN1_RX0_IRQHandler
    startup_stm32f103xe.o(.text) refers (Special) to heapauxi.o(.text) for __use_two_region_memory
    startup_stm32f103xe.o(.text) refers to system_stm32f1xx.o(i.SystemInit) for SystemInit
    startup_stm32f103xe.o(.text) refers to __main.o(!!!main) for __main
    startup_stm32f103xe.o(.text) refers to startup_stm32f103xe.o(HEAP) for Heap_Mem
    startup_stm32f103xe.o(.text) refers to startup_stm32f103xe.o(STACK) for Stack_Mem
    main.o(i.HAL_I2S_RxCpltCallback) refers to usbd_cdc_if.o(i.CDC_Transmit_FS) for CDC_Transmit_FS
    main.o(i.HAL_I2S_RxCpltCallback) refers to i2s.o(.bss) for hi2s2
    main.o(i.HAL_I2S_RxCpltCallback) refers to main.o(.data) for .data
    main.o(i.HAL_I2S_RxCpltCallback) refers to main.o(.bss) for .bss
    main.o(i.SystemClock_Config) refers to rt_memclr_w.o(.text) for __aeabi_memclr4
    main.o(i.SystemClock_Config) refers to stm32f1xx_hal_rcc.o(i.HAL_RCC_OscConfig) for HAL_RCC_OscConfig
    main.o(i.SystemClock_Config) refers to stm32f1xx_hal_rcc.o(i.HAL_RCC_ClockConfig) for HAL_RCC_ClockConfig
    main.o(i.SystemClock_Config) refers to stm32f1xx_hal_rcc_ex.o(i.HAL_RCCEx_PeriphCLKConfig) for HAL_RCCEx_PeriphCLKConfig
    main.o(i.main) refers to stm32f1xx_hal.o(i.HAL_Init) for HAL_Init
    main.o(i.main) refers to main.o(i.SystemClock_Config) for SystemClock_Config
    main.o(i.main) refers to gpio.o(i.MX_GPIO_Init) for MX_GPIO_Init
    main.o(i.main) refers to dma.o(i.MX_DMA_Init) for MX_DMA_Init
    main.o(i.main) refers to usb_device.o(i.MX_USB_DEVICE_Init) for MX_USB_DEVICE_Init
    main.o(i.main) refers to i2s.o(i.MX_I2S2_Init) for MX_I2S2_Init
    main.o(i.main) refers to stm32f1xx_hal_i2s.o(i.HAL_I2S_Receive_DMA) for HAL_I2S_Receive_DMA
    main.o(i.main) refers to stm32f1xx_hal.o(i.HAL_Delay) for HAL_Delay
    main.o(i.main) refers to stm32f1xx_hal_gpio.o(i.HAL_GPIO_ReadPin) for HAL_GPIO_ReadPin
    main.o(i.main) refers to main.o(.bss) for .bss
    main.o(i.main) refers to i2s.o(.bss) for hi2s2
    main.o(i.main) refers to main.o(.data) for .data
    gpio.o(i.MX_GPIO_Init) refers to stm32f1xx_hal_gpio.o(i.HAL_GPIO_WritePin) for HAL_GPIO_WritePin
    gpio.o(i.MX_GPIO_Init) refers to stm32f1xx_hal_gpio.o(i.HAL_GPIO_Init) for HAL_GPIO_Init
    dma.o(i.MX_DMA_Init) refers to stm32f1xx_hal_cortex.o(i.HAL_NVIC_SetPriority) for HAL_NVIC_SetPriority
    dma.o(i.MX_DMA_Init) refers to stm32f1xx_hal_cortex.o(i.HAL_NVIC_EnableIRQ) for HAL_NVIC_EnableIRQ
    i2s.o(i.HAL_I2S_MspDeInit) refers to stm32f1xx_hal_gpio.o(i.HAL_GPIO_DeInit) for HAL_GPIO_DeInit
    i2s.o(i.HAL_I2S_MspDeInit) refers to stm32f1xx_hal_dma.o(i.HAL_DMA_DeInit) for HAL_DMA_DeInit
    i2s.o(i.HAL_I2S_MspInit) refers to stm32f1xx_hal_gpio.o(i.HAL_GPIO_Init) for HAL_GPIO_Init
    i2s.o(i.HAL_I2S_MspInit) refers to stm32f1xx_hal_dma.o(i.HAL_DMA_Init) for HAL_DMA_Init
    i2s.o(i.HAL_I2S_MspInit) refers to main.o(i.Error_Handler) for Error_Handler
    i2s.o(i.HAL_I2S_MspInit) refers to i2s.o(.bss) for .bss
    i2s.o(i.MX_I2S2_Init) refers to stm32f1xx_hal_i2s.o(i.HAL_I2S_Init) for HAL_I2S_Init
    i2s.o(i.MX_I2S2_Init) refers to main.o(i.Error_Handler) for Error_Handler
[...]
    .ARM.Collect$$rtexit$$00000002           0x08000200   Section        0  rtexit2.o(.ARM.Collect$$rtexit$$00000002)
    .ARM.Collect$$rtexit$$00000003           0x08000200   Section        4  rtexit2.o(.ARM.Collect$$rtexit$$00000003)
    .ARM.Collect$$rtexit$$00000004           0x08000204   Section        6  rtexit2.o(.ARM.Collect$$rtexit$$00000004)
    .text                                    0x0800020c   Section       64  startup_stm32f103xe.o(.text)
    .text                                    0x0800024c   Section      100  rt_memcpy_w.o(.text)
    .text                                    0x080002b0   Section       78  rt_memclr_w.o(.text)
    .text                                    0x080002fe   Section        0  heapauxi.o(.text)
    .text                                    0x08000304   Section       74  sys_stackheap_outer.o(.text)
    .text                                    0x0800034e   Section        0  exit.o(.text)
    .text                                    0x08000360   Section        8  libspace.o(.text)
    .text                                    0x08000368   Section        0  sys_exit.o(.text)
    .text                                    0x08000374   Section        2  use_no_semi.o(.text)
    .text                                    0x08000376   Section        0  indicate_semi.o(.text)
    i.BusFault_Handler                       0x08000376   Section        0  stm32f1xx_it.o(i.BusFault_Handler)
    i.CDC_Control_FS                         0x08000378   Section        0  usbd_cdc_if.o(i.CDC_Control_FS)
    CDC_Control_FS                           0x08000379   Thumb Code     4  usbd_cdc_if.o(i.CDC_Control_FS)
    i.CDC_DeInit_FS                          0x0800037c   Section        0  usbd_cdc_if.o(i.CDC_DeInit_FS)
    CDC_DeInit_FS                            0x0800037d   Thumb Code     4  usbd_cdc_if.o(i.CDC_DeInit_FS)
    i.CDC_Init_FS                            0x08000380   Section        0  usbd_cdc_if.o(i.CDC_Init_FS)
    CDC_Init_FS                              0x08000381   Thumb Code    24  usbd_cdc_if.o(i.CDC_Init_FS)
    i.CDC_Receive_FS                         0x080003a4   Section        0  usbd_cdc_if.o(i.CDC_Receive_FS)
    CDC_Receive_FS                           0x080003a5   Thumb Code    42  usbd_cdc_if.o(i.CDC_Receive_FS)
    i.CDC_Transmit_FS                        0x080003d4   Section        0  usbd_cdc_if.o(i.CDC_Transmit_FS)
    i.DMA1_Channel4_IRQHandler               0x08000400   Section        0  stm32f1xx_it.o(i.DMA1_Channel4_IRQHandler)
    i.DMA_SetConfig                          0x0800040c   Section        0  stm32f1xx_hal_dma.o(i.DMA_SetConfig)
    DMA_SetConfig                            0x0800040d   Thumb Code    42  stm32f1xx_hal_dma.o(i.DMA_SetConfig)
    i.DebugMon_Handler                       0x08000436   Section        0  stm32f1xx_it.o(i.DebugMon_Handler)
    i.Error_Handler                          0x08000438   Section        0  main.o(i.Error_Handler)
    i.HAL_DMA_IRQHandler                     0x0800043c   Section        0  stm32f1xx_hal_dma.o(i.HAL_DMA_IRQHandler)
    i.HAL_DMA_Init                           0x08000684   Section        0  stm32f1xx_hal_dma.o(i.HAL_DMA_Init)
    i.HAL_DMA_Start_IT                       0x08000700   Section        0  stm32f1xx_hal_dma.o(i.HAL_DMA_Start_IT)
    i.HAL_Delay                              0x08000770   Section        0  stm32f1xx_hal.o(i.HAL_Delay)
    i.HAL_GPIO_Init                          0x08000794   Section        0  stm32f1xx_hal_gpio.o(i.HAL_GPIO_Init)
    i.HAL_GPIO_ReadPin                       0x0800098c   Section        0  stm32f1xx_hal_gpio.o(i.HAL_GPIO_ReadPin)
    i.HAL_GPIO_WritePin                      0x08000996   Section        0  stm32f1xx_hal_gpio.o(i.HAL_GPIO_WritePin)
    i.HAL_GetTick                            0x080009a0   Section        0  stm32f1xx_hal.o(i.HAL_GetTick)
    i.HAL_I2S_ErrorCallback                  0x080009ac   Section        0  stm32f1xx_hal_i2s.o(i.HAL_I2S_ErrorCallback)
    i.HAL_I2S_Init                           0x080009b0   Section        0  stm32f1xx_hal_i2s.o(i.HAL_I2S_Init)
    i.HAL_I2S_MspInit                        0x08000aa8   Section        0  i2s.o(i.HAL_I2S_MspInit)
    i.HAL_I2S_Receive_DMA                    0x08000b50   Section        0  stm32f1xx_hal_i2s.o(i.HAL_I2S_Receive_DMA)
    i.HAL_I2S_RxCpltCallback                 0x08000c24   Section        0  main.o(i.HAL_I2S_RxCpltCallback)
    i.HAL_I2S_RxHalfCpltCallback             0x08000c7c   Section        0  stm32f1xx_hal_i2s.o(i.HAL_I2S_RxHalfCpltCallback)
    i.HAL_IncTick                            0x08000c80   Section        0  stm32f1xx_hal.o(i.HAL_IncTick)
    i.HAL_Init                               0x08000c90   Section        0  stm32f1xx_hal.o(i.HAL_Init)
    i.HAL_InitTick                           0x08000cb4   Section        0  stm32f1xx_hal.o(i.HAL_InitTick)
    i.HAL_MspInit                            0x08000cf4   Section        0  stm32f1xx_hal_msp.o(i.HAL_MspInit)
    i.HAL_NVIC_EnableIRQ                     0x08000d30   Section        0  stm32f1xx_hal_cortex.o(i.HAL_NVIC_EnableIRQ)
    i.HAL_NVIC_SetPriority                   0x08000d4c   Section        0  stm32f1xx_hal_cortex.o(i.HAL_NVIC_SetPriority)
    i.HAL_NVIC_SetPriorityGrouping           0x08000d8c   Section        0  stm32f1xx_hal_cortex.o(i.HAL_NVIC_SetPriorityGrouping)
    i.HAL_PCDEx_PMAConfig                    0x08000db0   Section        0  stm32f1xx_hal_pcd_ex.o(i.HAL_PCDEx_PMAConfig)
    i.HAL_PCDEx_SetConnectionState           0x08000dec   Section        0  usbd_conf.o(i.HAL_PCDEx_SetConnectionState)
    i.HAL_PCD_DataInStageCallback            0x08000dee   Section        0  usbd_conf.o(i.HAL_PCD_DataInStageCallback)
    i.HAL_PCD_DataOutStageCallback           0x08000e00   Section        0  usbd_conf.o(i.HAL_PCD_DataOutStageCallback)
    i.HAL_PCD_EP_Close                       0x08000e14   Section        0  stm32f1xx_hal_pcd.o(i.HAL_PCD_EP_Close)
    i.HAL_PCD_EP_ClrStall                    0x08000e60   Section        0  stm32f1xx_hal_pcd.o(i.HAL_PCD_EP_ClrStall)
    i.HAL_PCD_EP_DB_Receive                  0x08000ebc   Section        0  stm32f1xx_hal_pcd.o(i.HAL_PCD_EP_DB_Receive)
    HAL_PCD_EP_DB_Receive                    0x08000ebd   Thumb Code   230  stm32f1xx_hal_pcd.o(i.HAL_PCD_EP_DB_Receive)
    i.HAL_PCD_EP_DB_Transmit                 0x08000fa2   Section        0  stm32f1xx_hal_pcd.o(i.HAL_PCD_EP_DB_Transmit)
    HAL_PCD_EP_DB_Transmit                   0x08000fa3   Thumb Code   824  stm32f1xx_hal_pcd.o(i.HAL_PCD_EP_DB_Transmit)
    i.HAL_PCD_EP_GetRxCount                  0x080012da   Section        0  stm32f1xx_hal_pcd.o(i.HAL_PCD_EP_GetRxCount)
    i.HAL_PCD_EP_Open                        0x080012ec   Section        0  stm32f1xx_hal_pcd.o(i.HAL_PCD_EP_Open)
    i.HAL_PCD_EP_Receive                     0x08001346   Section        0  stm32f1xx_hal_pcd.o(i.HAL_PCD_EP_Receive)
    i.HAL_PCD_EP_SetStall                    0x08001374   Section        0  stm32f1xx_hal_pcd.o(i.HAL_PCD_EP_SetStall)
    i.HAL_PCD_EP_Transmit                    0x080013e6   Section        0  stm32f1xx_hal_pcd.o(i.HAL_PCD_EP_Transmit)
    i.HAL_PCD_IRQHandler                     0x08001418   Section        0  stm32f1xx_hal_pcd.o(i.HAL_PCD_IRQHandler)
    i.HAL_PCD_Init                           0x0800154c   Section        0  stm32f1xx_hal_pcd.o(i.HAL_PCD_Init)
    i.HAL_PCD_MspInit                        0x08001628   Section        0  usbd_conf.o(i.HAL_PCD_MspInit)
    i.HAL_PCD_ResetCallback                  0x08001674   Section        0  usbd_conf.o(i.HAL_PCD_ResetCallback)
    i.HAL_PCD_ResumeCallback                 0x0800169a   Section        0  usbd_conf.o(i.HAL_PCD_ResumeCallback)
    i.HAL_PCD_SOFCallback                    0x080016a2   Section        0  usbd_conf.o(i.HAL_PCD_SOFCallback)
    i.HAL_PCD_SetAddress                     0x080016aa   Section        0  stm32f1xx_hal_pcd.o(i.HAL_PCD_SetAddress)
    i.HAL_PCD_SetupStageCallback             0x080016d2   Section        0  usbd_conf.o(i.HAL_PCD_SetupStageCallback)
    i.HAL_PCD_Start                          0x080016e0   Section        0  stm32f1xx_hal_pcd.o(i.HAL_PCD_Start)
    i.HAL_PCD_SuspendCallback                0x08001714   Section        0  usbd_conf.o(i.HAL_PCD_SuspendCallback)
    i.HAL_RCCEx_GetPeriphCLKFreq             0x08001738   Section        0  stm32f1xx_hal_rcc_ex.o(i.HAL_RCCEx_GetPeriphCLKFreq)
    i.HAL_RCCEx_PeriphCLKConfig              0x080017f0   Section        0  stm32f1xx_hal_rcc_ex.o(i.HAL_RCCEx_PeriphCLKConfig)
    i.HAL_RCC_ClockConfig                    0x080018dc   Section        0  stm32f1xx_hal_rcc.o(i.HAL_RCC_ClockConfig)
    i.HAL_RCC_GetPCLK2Freq                   0x08001a08   Section        0  stm32f1xx_hal_rcc.o(i.HAL_RCC_GetPCLK2Freq)
    i.HAL_RCC_GetSysClockFreq                0x08001a28   Section        0  stm32f1xx_hal_rcc.o(i.HAL_RCC_GetSysClockFreq)
    i.HAL_RCC_OscConfig                      0x08001a74   Section        0  stm32f1xx_hal_rcc.o(i.HAL_RCC_OscConfig)
    i.HAL_SYSTICK_Config                     0x08001d94   Section        0  stm32f1xx_hal_cortex.o(i.HAL_SYSTICK_Config)
    i.HardFault_Handler                      0x08001dbc   Section        0  stm32f1xx_it.o(i.HardFault_Handler)
    i.I2S_DMAError                           0x08001dbe   Section        0  stm32f1xx_hal_i2s.o(i.I2S_DMAError)
    I2S_DMAError                             0x08001dbf   Thumb Code    40  stm32f1xx_hal_i2s.o(i.I2S_DMAError)
    i.I2S_DMARxCplt                          0x08001de6   Section        0  stm32f1xx_hal_i2s.o(i.I2S_DMARxCplt)
    I2S_DMARxCplt                            0x08001de7   Thumb Code    36  stm32f1xx_hal_i2s.o(i.I2S_DMARxCplt)
    i.I2S_DMARxHalfCplt                      0x08001e0a   Section        0  stm32f1xx_hal_i2s.o(i.I2S_DMARxHalfCplt)
    I2S_DMARxHalfCplt                        0x08001e0b   Thumb Code    10  stm32f1xx_hal_i2s.o(i.I2S_DMARxHalfCplt)
    i.IntToUnicode                           0x08001e14   Section        0  usbd_desc.o(i.IntToUnicode)
    IntToUnicode                             0x08001e15   Thumb Code    56  usbd_desc.o(i.IntToUnicode)
    i.MX_DMA_Init                            0x08001e4c   Section        0  dma.o(i.MX_DMA_Init)
    i.MX_GPIO_Init                           0x08001e78   Section        0  gpio.o(i.MX_GPIO_Init)
    i.MX_I2S2_Init                           0x08001f2c   Section        0  i2s.o(i.MX_I2S2_Init)
    i.MX_USB_DEVICE_Init                     0x08001f68   Section        0  usb_device.o(i.MX_USB_DEVICE_Init)
    i.MemManage_Handler                      0x08001fbc   Section        0  stm32f1xx_it.o(i.MemManage_Handler)
    i.NMI_Handler                            0x08001fbe   Section        0  stm32f1xx_it.o(i.NMI_Handler)
    i.PCD_EP_ISR_Handler                     0x08001fc0   Section        0  stm32f1xx_hal_pcd.o(i.PCD_EP_ISR_Handler)
    PCD_EP_ISR_Handler                       0x08001fc1   Thumb Code   940  stm32f1xx_hal_pcd.o(i.PCD_EP_ISR_Handler)
    i.PendSV_Handler                         0x0800236c   Section        0  stm32f1xx_it.o(i.PendSV_Handler)
    i.SVC_Handler                            0x0800236e   Section        0  stm32f1xx_it.o(i.SVC_Handler)
    i.SysTick_Handler                        0x08002370   Section        0  stm32f1xx_it.o(i.SysTick_Handler)
    i.SystemClock_Config                     0x08002374   Section        0  main.o(i.SystemClock_Config)
    i.SystemInit                             0x080023ee   Section        0  system_stm32f1xx.o(i.SystemInit)
    i.USBD_CDC_DataIn                        0x080023f0   Section        0  usbd_cdc.o(i.USBD_CDC_DataIn)
    USBD_CDC_DataIn                          0x080023f1   Thumb Code    70  usbd_cdc.o(i.USBD_CDC_DataIn)
    i.USBD_CDC_DataOut                       0x08002436   Section        0  usbd_cdc.o(i.USBD_CDC_DataOut)
    USBD_CDC_DataOut                         0x08002437   Thumb Code    46  usbd_cdc.o(i.USBD_CDC_DataOut)
    i.USBD_CDC_DeInit                        0x08002464   Section        0  usbd_cdc.o(i.USBD_CDC_DeInit)
    USBD_CDC_DeInit                          0x08002465   Thumb Code    68  usbd_cdc.o(i.USBD_CDC_DeInit)
    i.USBD_CDC_EP0_RxReady                   0x080024a8   Section        0  usbd_cdc.o(i.USBD_CDC_EP0_RxReady)
    USBD_CDC_EP0_RxReady                     0x080024a9   Thumb Code    36  usbd_cdc.o(i.USBD_CDC_EP0_RxReady)
    i.USBD_CDC_GetDeviceQualifierDescriptor  0x080024cc   Section        0  usbd_cdc.o(i.USBD_CDC_GetDeviceQualifierDescriptor)
    i.USBD_CDC_GetFSCfgDesc                  0x080024d8   Section        0  usbd_cdc.o(i.USBD_CDC_GetFSCfgDesc)
    USBD_CDC_GetFSCfgDesc                    0x080024d9   Thumb Code     8  usbd_cdc.o(i.USBD_CDC_GetFSCfgDesc)
    i.USBD_CDC_GetHSCfgDesc                  0x080024e4   Section        0  usbd_cdc.o(i.USBD_CDC_GetHSCfgDesc)
    USBD_CDC_GetHSCfgDesc                    0x080024e5   Thumb Code     8  usbd_cdc.o(i.USBD_CDC_GetHSCfgDesc)
    i.USBD_CDC_GetOtherSpeedCfgDesc          0x080024f0   Section        0  usbd_cdc.o(i.USBD_CDC_GetOtherSpeedCfgDesc)
    USBD_CDC_GetOtherSpeedCfgDesc            0x080024f1   Thumb Code     8  usbd_cdc.o(i.USBD_CDC_GetOtherSpeedCfgDesc)
    i.USBD_CDC_Init                          0x080024fc   Section        0  usbd_cdc.o(i.USBD_CDC_Init)
    USBD_CDC_Init                            0x080024fd   Thumb Code   148  usbd_cdc.o(i.USBD_CDC_Init)
    i.USBD_CDC_ReceivePacket                 0x08002590   Section        0  usbd_cdc.o(i.USBD_CDC_ReceivePacket)
    i.USBD_CDC_RegisterInterface             0x080025b8   Section        0  usbd_cdc.o(i.USBD_CDC_RegisterInterface)
    i.USBD_CDC_SetRxBuffer                   0x080025c8   Section        0  usbd_cdc.o(i.USBD_CDC_SetRxBuffer)
    i.USBD_CDC_SetTxBuffer                   0x080025d4   Section        0  usbd_cdc.o(i.USBD_CDC_SetTxBuffer)
    i.USBD_CDC_Setup                         0x080025e4   Section        0  usbd_cdc.o(i.USBD_CDC_Setup)
    USBD_CDC_Setup                           0x080025e5   Thumb Code   172  usbd_cdc.o(i.USBD_CDC_Setup)
    i.USBD_CDC_TransmitPacket                0x08002690   Section        0  usbd_cdc.o(i.USBD_CDC_TransmitPacket)
    i.USBD_ClrClassConfig                    0x080026c6   Section        0  usbd_core.o(i.USBD_ClrClassConfig)
    i.USBD_CtlContinueRx                     0x080026d4   Section        0  usbd_ioreq.o(i.USBD_CtlContinueRx)
    i.USBD_CtlContinueSendData               0x080026e4   Section        0  usbd_ioreq.o(i.USBD_CtlContinueSendData)
    i.USBD_CtlError                          0x080026f4   Section        0  usbd_ctlreq.o(i.USBD_CtlError)
    i.USBD_CtlPrepareRx                      0x0800270a   Section        0  usbd_ioreq.o(i.USBD_CtlPrepareRx)
    i.USBD_CtlReceiveStatus                  0x08002728   Section        0  usbd_ioreq.o(i.USBD_CtlReceiveStatus)
    i.USBD_CtlSendData                       0x0800273e   Section        0  usbd_ioreq.o(i.USBD_CtlSendData)
    i.USBD_CtlSendStatus                     0x08002758   Section        0  usbd_ioreq.o(i.USBD_CtlSendStatus)
    i.USBD_FS_ConfigStrDescriptor            0x08002770   Section        0  usbd_desc.o(i.USBD_FS_ConfigStrDescriptor)
    i.USBD_FS_DeviceDescriptor               0x08002790   Section        0  usbd_desc.o(i.USBD_FS_DeviceDescriptor)
    i.USBD_FS_InterfaceStrDescriptor         0x0800279c   Section        0  usbd_desc.o(i.USBD_FS_InterfaceStrDescriptor)
    i.USBD_FS_LangIDStrDescriptor            0x080027c0   Section        0  usbd_desc.o(i.USBD_FS_LangIDStrDescriptor)
    i.USBD_FS_ManufacturerStrDescriptor      0x080027cc   Section        0  usbd_desc.o(i.USBD_FS_ManufacturerStrDescriptor)
    i.USBD_FS_ProductStrDescriptor           0x080027f4   Section        0  usbd_desc.o(i.USBD_FS_ProductStrDescriptor)
    i.USBD_FS_SerialStrDescriptor            0x08002820   Section        0  usbd_desc.o(i.USBD_FS_SerialStrDescriptor)
    i.USBD_GetDescriptor                     0x08002858   Section        0  usbd_ctlreq.o(i.USBD_GetDescriptor)
    USBD_GetDescriptor                       0x08002859   Thumb Code   232  usbd_ctlreq.o(i.USBD_GetDescriptor)
    i.USBD_GetString                         0x08002940   Section        0  usbd_ctlreq.o(i.USBD_GetString)
    i.USBD_Get_USB_Status                    0x08002988   Section        0  usbd_conf.o(i.USBD_Get_USB_Status)
    USBD_Get_USB_Status                      0x08002989   Thumb Code    24  usbd_conf.o(i.USBD_Get_USB_Status)
    i.USBD_Init                              0x080029a0   Section        0  usbd_core.o(i.USBD_Init)
    i.USBD_LL_ClearStallEP                   0x080029ca   Section        0  usbd_conf.o(i.USBD_LL_ClearStallEP)
    i.USBD_LL_CloseEP                        0x080029dc   Section        0  usbd_conf.o(i.USBD_LL_CloseEP)
    i.USBD_LL_DataInStage                    0x080029ee   Section        0  usbd_core.o(i.USBD_LL_DataInStage)
    i.USBD_LL_DataOutStage                   0x08002ab4   Section        0  usbd_core.o(i.USBD_LL_DataOutStage)
    i.USBD_LL_GetRxDataSize                  0x08002b36   Section        0  usbd_conf.o(i.USBD_LL_GetRxDataSize)
    i.USBD_LL_Init                           0x08002b40   Section        0  usbd_conf.o(i.USBD_LL_Init)
    i.USBD_LL_IsStallEP                      0x08002bc0   Section        0  usbd_conf.o(i.USBD_LL_IsStallEP)
    i.USBD_LL_OpenEP                         0x08002be0   Section        0  usbd_conf.o(i.USBD_LL_OpenEP)
    i.USBD_LL_PrepareReceive                 0x08002bf8   Section        0  usbd_conf.o(i.USBD_LL_PrepareReceive)
    i.USBD_LL_Reset                          0x08002c0a   Section        0  usbd_core.o(i.USBD_LL_Reset)
    i.USBD_LL_Resume                         0x08002c5a   Section        0  usbd_core.o(i.USBD_LL_Resume)
    i.USBD_LL_SOF                            0x08002c6e   Section        0  usbd_core.o(i.USBD_LL_SOF)
    i.USBD_LL_SetSpeed                       0x08002c86   Section        0  usbd_core.o(i.USBD_LL_SetSpeed)
    i.USBD_LL_SetUSBAddress                  0x08002c8c   Section        0  usbd_conf.o(i.USBD_LL_SetUSBAddress)
    i.USBD_LL_SetupStage                     0x08002c9e   Section        0  usbd_core.o(i.USBD_LL_SetupStage)
    i.USBD_LL_StallEP                        0x08002cf8   Section        0  usbd_conf.o(i.USBD_LL_StallEP)
    i.USBD_LL_Start                          0x08002d0a   Section        0  usbd_conf.o(i.USBD_LL_Start)
    i.USBD_LL_Suspend                        0x08002d1c   Section        0  usbd_core.o(i.USBD_LL_Suspend)
    i.USBD_LL_Transmit                       0x08002d2e   Section        0  usbd_conf.o(i.USBD_LL_Transmit)
    i.USBD_ParseSetupRequest                 0x08002d40   Section        0  usbd_ctlreq.o(i.USBD_ParseSetupRequest)
    i.USBD_RegisterClass                     0x08002d68   Section        0  usbd_core.o(i.USBD_RegisterClass)
    i.USBD_SetClassConfig                    0x08002d78   Section        0  usbd_core.o(i.USBD_SetClassConfig)
    i.USBD_SetConfig                         0x08002d90   Section        0  usbd_ctlreq.o(i.USBD_SetConfig)
    USBD_SetConfig                           0x08002d91   Thumb Code   128  usbd_ctlreq.o(i.USBD_SetConfig)
    i.USBD_Start                             0x08002e14   Section        0  usbd_core.o(i.USBD_Start)
    i.USBD_StdDevReq                         0x08002e1e   Section        0  usbd_ctlreq.o(i.USBD_StdDevReq)
    i.USBD_StdEPReq                          0x08002f30   Section        0  usbd_ctlreq.o(i.USBD_StdEPReq)
    i.USBD_StdItfReq                         0x08003080   Section        0  usbd_ctlreq.o(i.USBD_StdItfReq)
    i.USBD_static_free                       0x080030ce   Section        0  usbd_conf.o(i.USBD_static_free)
    i.USBD_static_malloc                     0x080030d0   Section        0  usbd_conf.o(i.USBD_static_malloc)
    i.USB_ActivateEndpoint                   0x080030d8   Section        0  stm32f1xx_ll_usb.o(i.USB_ActivateEndpoint)
    i.USB_CoreInit                           0x08003374   Section        0  stm32f1xx_ll_usb.o(i.USB_CoreInit)
    i.USB_DeactivateEndpoint                 0x08003378   Section        0  stm32f1xx_ll_usb.o(i.USB_DeactivateEndpoint)
    i.USB_DevConnect                         0x08003486   Section        0  stm32f1xx_ll_usb.o(i.USB_DevConnect)
    i.USB_DevDisconnect                      0x0800348a   Section        0  stm32f1xx_ll_usb.o(i.USB_DevDisconnect)
    i.USB_DevInit                            0x0800348e   Section        0  stm32f1xx_ll_usb.o(i.USB_DevInit)
    i.USB_DisableGlobalInt                   0x080034a0   Section        0  stm32f1xx_ll_usb.o(i.USB_DisableGlobalInt)
    i.USB_EP0_OutStart                       0x080034ae   Section        0  stm32f1xx_ll_usb.o(i.USB_EP0_OutStart)
    i.USB_EPClearStall                       0x080034b2   Section        0  stm32f1xx_ll_usb.o(i.USB_EPClearStall)
    i.USB_EPSetStall                         0x0800352a   Section        0  stm32f1xx_ll_usb.o(i.USB_EPSetStall)
    i.USB_EPStartXfer                        0x0800355c   Section        0  stm32f1xx_ll_usb.o(i.USB_EPStartXfer)
    i.USB_EnableGlobalInt                    0x08003a3e   Section        0  stm32f1xx_ll_usb.o(i.USB_EnableGlobalInt)
    i.USB_HP_CAN1_TX_IRQHandler              0x08003a50   Section        0  stm32f1xx_it.o(i.USB_HP_CAN1_TX_IRQHandler)
    i.USB_LP_CAN1_RX0_IRQHandler             0x08003a5c   Section        0  stm32f1xx_it.o(i.USB_LP_CAN1_RX0_IRQHandler)
    i.USB_ReadInterrupts                     0x08003a68   Section        0  stm32f1xx_ll_usb.o(i.USB_ReadInterrupts)
    i.USB_ReadPMA                            0x08003a70   Section        0  stm32f1xx_ll_usb.o(i.USB_ReadPMA)
    i.USB_SetCurrentMode                     0x08003a9c   Section        0  stm32f1xx_ll_usb.o(i.USB_SetCurrentMode)
    i.USB_SetDevAddress                      0x08003aa0   Section        0  stm32f1xx_ll_usb.o(i.USB_SetDevAddress)
    i.USB_WritePMA                           0x08003aac   Section        0  stm32f1xx_ll_usb.o(i.USB_WritePMA)
    i.UsageFault_Handler                     0x08003ad2   Section        0  stm32f1xx_it.o(i.UsageFault_Handler)
    i.__NVIC_SetPriority                     0x08003ad4   Section        0  stm32f1xx_hal_cortex.o(i.__NVIC_SetPriority)
    __NVIC_SetPriority                       0x08003ad5   Thumb Code    32  stm32f1xx_hal_cortex.o(i.__NVIC_SetPriority)
    i.main                                   0x08003af4   Section        0  main.o(i.main)
    .constdata                               0x08003b4c   Section       18  stm32f1xx_hal_rcc.o(.constdata)
    aPredivFactorTable                       0x08003b4c   Data           2  stm32f1xx_hal_rcc.o(.constdata)
    aPLLMULFactorTable                       0x08003b4e   Data          16  stm32f1xx_hal_rcc.o(.constdata)
    .constdata                               0x08003b5e   Section       18  stm32f1xx_hal_rcc_ex.o(.constdata)
    aPredivFactorTable                       0x08003b5e   Data           2  stm32f1xx_hal_rcc_ex.o(.constdata)
    aPLLMULFactorTable                       0x08003b60   Data          16  stm32f1xx_hal_rcc_ex.o(.constdata)
    .constdata                               0x08003b70   Section       16  system_stm32f1xx.o(.constdata)
    .constdata                               0x08003b80   Section        8  system_stm32f1xx.o(.constdata)
    .data                                    0x20000000   Section       16  main.o(.data)
    .data                                    0x20000010   Section       28  usbd_desc.o(.data)
    .data                                    0x2000002c   Section       50  usbd_desc.o(.data)
    .data                                    0x20000060   Section       16  usbd_cdc_if.o(.data)
    .data                                    0x20000070   Section       12  stm32f1xx_hal.o(.data)
    .data                                    0x2000007c   Section        4  system_stm32f1xx.o(.data)
    .data                                    0x20000080   Section        1  usbd_ctlreq.o(.data)
    cfgidx                                   0x20000080   Data           1  usbd_ctlreq.o(.data)
    .data                                    0x20000084   Section      215  usbd_cdc.o(.data)
    USBD_CDC_DeviceQualifierDesc             0x20000084   Data          10  usbd_cdc.o(.data)
    .data                                    0x2000015c   Section       56  usbd_cdc.o(.data)
    .bss                                     0x20000194   Section       16  main.o(.bss)
    .bss                                     0x200001a4   Section      128  i2s.o(.bss)
    .bss                                     0x20000224   Section      708  usb_device.o(.bss)
    .bss                                     0x200004e8   Section      512  usbd_desc.o(.bss)
    .bss                                     0x200006e8   Section     2048  usbd_cdc_if.o(.bss)
    .bss                                     0x20000ee8   Section     1296  usbd_conf.o(.bss)
    mem                                      0x20000ee8   Data         544  usbd_conf.o(.bss)
    .bss                                     0x200013f8   Section       96  libspace.o(.bss)
    HEAP                                     0x20001458   Section     1024  startup_stm32f103xe.o(HEAP)
    Heap_Mem                                 0x20001458   Data        1024  startup_stm32f103xe.o(HEAP)
    STACK                                    0x20001858   Section     1024  startup_stm32f103xe.o(STACK)
    Stack_Mem                                0x20001858   Data        1024  startup_stm32f103xe.o(STACK)
    __initial_sp                             0x20001c58   Data           0  startup_stm32f103xe.o(STACK)

    Global Symbols

    Symbol Name                              Value     Ov Type        Size  Object(Section)

    BuildAttributes$$THM_ISAv4$P$D$K$B$S$PE$A:L22UL41UL21$X:L11$S22US41US21$IEEE1$IW$USESV6$~STKCKD$USESV7$~SHL$OSPACE$ROPI$EBA8$UX$STANDARDLIB$REQ8$PRES8$EABIv2 0x00000000   Number         0  anon$$obj.o ABSOLUTE
    __ARM_use_no_argv                        0x00000000   Number         0  main.o ABSOLUTE
    __ARM_exceptions_init                     - Undefined Weak Reference
    __alloca_initialize                       - Undefined Weak Reference
    __arm_preinit_                            - Undefined Weak Reference
    __cpp_initialize__aeabi_                  - Undefined Weak Reference
    __cxa_finalize                            - Undefined Weak Reference
    __rt_locale                               - Undefined Weak Reference
    __sigvec_lookup                           - Undefined Weak Reference
    _atexit_init                              - Undefined Weak Reference
    _call_atexit_fns                          - Undefined Weak Reference
    _clock_init                               - Undefined Weak Reference
    _fp_trap_init                             - Undefined Weak Reference
    _fp_trap_shutdown                         - Undefined Weak Reference
    _get_lc_collate                           - Undefined Weak Reference
    _get_lc_ctype                             - Undefined Weak Reference
    _get_lc_monetary                          - Undefined Weak Reference
    _get_lc_numeric                           - Undefined Weak Reference
    _get_lc_time                              - Undefined Weak Reference
    _getenv_init                              - Undefined Weak Reference
    _handle_redirection                       - Undefined Weak Reference
    _init_alloc                               - Undefined Weak Reference
    _init_user_alloc                          - Undefined Weak Reference
    _initio                                   - Undefined Weak Reference
    _rand_init                                - Undefined Weak Reference
    _signal_finish                            - Undefined Weak Reference
    _signal_init                              - Undefined Weak Reference
    _terminate_alloc                          - Undefined Weak Reference
    _terminate_user_alloc                     - Undefined Weak Reference
    _terminateio                              - Undefined Weak Reference
    __Vectors_Size                           0x00000130   Number         0  startup_stm32f103xe.o ABSOLUTE
    __Vectors                                0x08000000   Data           4  startup_stm32f103xe.o(RESET)
    __Vectors_End                            0x08000130   Data           0  startup_stm32f103xe.o(RESET)
    __main                                   0x08000131   Thumb Code     8  __main.o(!!!main)
    __scatterload                            0x08000139   Thumb Code     0  __scatter.o(!!!scatter)
    __scatterload_rt2                        0x08000139   Thumb Code    44  __scatter.o(!!!scatter)
    __scatterload_rt2_thumb_only             0x08000139   Thumb Code     0  __scatter.o(!!!scatter)
    __scatterload_null                       0x08000147   Thumb Code     0  __scatter.o(!!!scatter)
    __decompress                             0x0800016d   Thumb Code    90  __dczerorl2.o(!!dczerorl2)
    __decompress1                            0x0800016d   Thumb Code     0  __dczerorl2.o(!!dczerorl2)
    __scatterload_zeroinit                   0x080001c9   Thumb Code    28  __scatter_zi.o(!!handler_zi)
    __rt_lib_init                            0x080001e5   Thumb Code     0  libinit.o(.ARM.Collect$$libinit$$00000000)
    __rt_lib_init_alloca_1                   0x080001e7   Thumb Code     0  libinit2.o(.ARM.Collect$$libinit$$0000002E)
    __rt_lib_init_argv_1                     0x080001e7   Thumb Code     0  libinit2.o(.ARM.Collect$$libinit$$0000002C)
    __rt_lib_init_atexit_1                   0x080001e7   Thumb Code     0  libinit2.o(.ARM.Collect$$libinit$$0000001B)
    __rt_lib_init_clock_1                    0x080001e7   Thumb Code     0  libinit2.o(.ARM.Collect$$libinit$$00000021)
    __rt_lib_init_cpp_1                      0x080001e7   Thumb Code     0  libinit2.o(.ARM.Collect$$libinit$$00000032)
    __rt_lib_init_exceptions_1               0x080001e7   Thumb Code     0  libinit2.o(.ARM.Collect$$libinit$$00000030)
    __rt_lib_init_fp_1                       0x080001e7   Thumb Code     0  libinit2.o(.ARM.Collect$$libinit$$00000002)
    __rt_lib_init_fp_trap_1                  0x080001e7   Thumb Code     0  libinit2.o(.ARM.Collect$$libinit$$0000001F)
    __rt_lib_init_getenv_1                   0x080001e7   Thumb Code     0  libinit2.o(.ARM.Collect$$libinit$$00000023)
    __rt_lib_init_heap_1                     0x080001e7   Thumb Code     0  libinit2.o(.ARM.Collect$$libinit$$0000000A)
    __rt_lib_init_lc_collate_1               0x080001e7   Thumb Code     0  libinit2.o(.ARM.Collect$$libinit$$00000011)
    __rt_lib_init_lc_ctype_1                 0x080001e7   Thumb Code     0  libinit2.o(.ARM.Collect$$libinit$$00000013)
    __rt_lib_init_lc_monetary_1              0x080001e7   Thumb Code     0  libinit2.o(.ARM.Collect$$libinit$$00000015)
    __rt_lib_init_lc_numeric_1               0x080001e7   Thumb Code     0  libinit2.o(.ARM.Collect$$libinit$$00000017)
    __rt_lib_init_lc_time_1                  0x080001e7   Thumb Code     0  libinit2.o(.ARM.Collect$$libinit$$00000019)
    __rt_lib_init_preinit_1                  0x080001e7   Thumb Code     0  libinit2.o(.ARM.Collect$$libinit$$00000004)
    __rt_lib_init_rand_1                     0x080001e7   Thumb Code     0  libinit2.o(.ARM.Collect$$libinit$$0000000E)
    __rt_lib_init_return                     0x080001e7   Thumb Code     0  libinit2.o(.ARM.Collect$$libinit$$00000033)
    __rt_lib_init_signal_1                   0x080001e7   Thumb Code     0  libinit2.o(.ARM.Collect$$libinit$$0000001D)
    __rt_lib_init_stdio_1                    0x080001e7   Thumb Code     0  libinit2.o(.ARM.Collect$$libinit$$00000025)
    __rt_lib_init_user_alloc_1               0x080001e7   Thumb Code     0  libinit2.o(.ARM.Collect$$libinit$$0000000C)
    __rt_lib_shutdown                        0x080001e9   Thumb Code     0  libshutdown.o(.ARM.Collect$$libshutdown$$00000000)
    __rt_lib_shutdown_cpp_1                  0x080001eb   Thumb Code     0  libshutdown2.o(.ARM.Collect$$libshutdown$$00000002)
    __rt_lib_shutdown_fp_trap_1              0x080001eb   Thumb Code     0  libshutdown2.o(.ARM.Collect$$libshutdown$$00000007)
    __rt_lib_shutdown_heap_1                 0x080001eb   Thumb Code     0  libshutdown2.o(.ARM.Collect$$libshutdown$$0000000F)
    __rt_lib_shutdown_return                 0x080001eb   Thumb Code     0  libshutdown2.o(.ARM.Collect$$libshutdown$$00000010)
    __rt_lib_shutdown_signal_1               0x080001eb   Thumb Code     0  libshutdown2.o(.ARM.Collect$$libshutdown$$0000000A)
    __rt_lib_shutdown_stdio_1                0x080001eb   Thumb Code     0  libshutdown2.o(.ARM.Collect$$libshutdown$$00000004)
    __rt_lib_shutdown_user_alloc_1           0x080001eb   Thumb Code     0  libshutdown2.o(.ARM.Collect$$libshutdown$$0000000C)
    __rt_entry                               0x080001ed   Thumb Code     0  __rtentry.o(.ARM.Collect$$rtentry$$00000000)
    __rt_entry_presh_1                       0x080001ed   Thumb Code     0  __rtentry2.o(.ARM.Collect$$rtentry$$00000002)
    __rt_entry_sh                            0x080001ed   Thumb Code     0  __rtentry4.o(.ARM.Collect$$rtentry$$00000004)
    __rt_entry_li                            0x080001f3   Thumb Code     0  __rtentry2.o(.ARM.Collect$$rtentry$$0000000A)
    __rt_entry_postsh_1                      0x080001f3   Thumb Code     0  __rtentry2.o(.ARM.Collect$$rtentry$$00000009)
    __rt_entry_main                          0x080001f7   Thumb Code     0  __rtentry2.o(.ARM.Collect$$rtentry$$0000000D)
    __rt_entry_postli_1                      0x080001f7   Thumb Code     0  __rtentry2.o(.ARM.Collect$$rtentry$$0000000C)
    __rt_exit                                0x080001ff   Thumb Code     0  rtexit.o(.ARM.Collect$$rtexit$$00000000)
    __rt_exit_ls                             0x08000201   Thumb Code     0  rtexit2.o(.ARM.Collect$$rtexit$$00000003)
    __rt_exit_prels_1                        0x08000201   Thumb Code     0  rtexit2.o(.ARM.Collect$$rtexit$$00000002)
    __rt_exit_exit                           0x08000205   Thumb Code     0  rtexit2.o(.ARM.Collect$$rtexit$$00000004)
    Reset_Handler                            0x0800020d   Thumb Code     8  startup_stm32f103xe.o(.text)
    ADC1_2_IRQHandler                        0x08000227   Thumb Code     0  startup_stm32f103xe.o(.text)
    ADC3_IRQHandler                          0x08000227   Thumb Code     0  startup_stm32f103xe.o(.text)
    CAN1_RX1_IRQHandler                      0x08000227   Thumb Code     0  startup_stm32f103xe.o(.text)
    CAN1_SCE_IRQHandler                      0x08000227   Thumb Code     0  startup_stm32f103xe.o(.text)
    DMA1_Channel1_IRQHandler                 0x08000227   Thumb Code     0  startup_stm32f103xe.o(.text)
    DMA1_Channel2_IRQHandler                 0x08000227   Thumb Code     0  startup_stm32f103xe.o(.text)
    DMA1_Channel3_IRQHandler                 0x08000227   Thumb Code     0  startup_stm32f103xe.o(.text)
    DMA1_Channel5_IRQHandler                 0x08000227   Thumb Code     0  startup_stm32f103xe.o(.text)
    DMA1_Channel6_IRQHandler                 0x08000227   Thumb Code     0  startup_stm32f103xe.o(.text)
    DMA1_Channel7_IRQHandler                 0x08000227   Thumb Code     0  startup_stm32f103xe.o(.text)
    DMA2_Channel1_IRQHandler                 0x08000227   Thumb Code     0  startup_stm32f103xe.o(.text)
    DMA2_Channel2_IRQHandler                 0x08000227   Thumb Code     0  startup_stm32f103xe.o(.text)
    DMA2_Channel3_IRQHandler                 0x08000227   Thumb Code     0  startup_stm32f103xe.o(.text)
    DMA2_Channel4_5_IRQHandler               0x08000227   Thumb Code     0  startup_stm32f103xe.o(.text)
    EXTI0_IRQHandler                         0x08000227   Thumb Code     0  startup_stm32f103xe.o(.text)
    EXTI15_10_IRQHandler                     0x08000227   Thumb Code     0  startup_stm32f103xe.o(.text)
    EXTI1_IRQHandler                         0x08000227   Thumb Code     0  startup_stm32f103xe.o(.text)
    EXTI2_IRQHandler                         0x08000227   Thumb Code     0  startup_stm32f103xe.o(.text)
    EXTI3_IRQHandler                         0x08000227   Thumb Code     0  startup_stm32f103xe.o(.text)
    EXTI4_IRQHandler                         0x08000227   Thumb Code     0  startup_stm32f103xe.o(.text)
    EXTI9_5_IRQHandler                       0x08000227   Thumb Code     0  startup_stm32f103xe.o(.text)
    FLASH_IRQHandler                         0x08000227   Thumb Code     0  startup_stm32f103xe.o(.text)
    FSMC_IRQHandler                          0x08000227   Thumb Code     0  startup_stm32f103xe.o(.text)
    I2C1_ER_IRQHandler                       0x08000227   Thumb Code     0  startup_stm32f103xe.o(.text)
    I2C1_EV_IRQHandler                       0x08000227   Thumb Code     0  startup_stm32f103xe.o(.text)
    I2C2_ER_IRQHandler                       0x08000227   Thumb Code     0  startup_stm32f103xe.o(.text)
    I2C2_EV_IRQHandler                       0x08000227   Thumb Code     0  startup_stm32f103xe.o(.text)
    PVD_IRQHandler                           0x08000227   Thumb Code     0  startup_stm32f103xe.o(.text)
    RCC_IRQHandler                           0x08000227   Thumb Code     0  startup_stm32f103xe.o(.text)
    RTC_Alarm_IRQHandler                     0x08000227   Thumb Code     0  startup_stm32f103xe.o(.text)
    RTC_IRQHandler                           0x08000227   Thumb Code     0  startup_stm32f103xe.o(.text)
    SDIO_IRQHandler                          0x08000227   Thumb Code     0  startup_stm32f103xe.o(.text)
    SPI1_IRQHandler                          0x08000227   Thumb Code     0  startup_stm32f103xe.o(.text)
    SPI2_IRQHandler                          0x08000227   Thumb Code     0  startup_stm32f103xe.o(.text)
    SPI3_IRQHandler                          0x08000227   Thumb Code     0  startup_stm32f103xe.o(.text)
    TAMPER_IRQHandler                        0x08000227   Thumb Code     0  startup_stm32f103xe.o(.text)
    TIM1_BRK_IRQHandler                      0x08000227   Thumb Code     0  startup_stm32f103xe.o(.text)
    TIM1_CC_IRQHandler                       0x08000227   Thumb Code     0  startup_stm32f103xe.o(.text)
    TIM1_TRG_COM_IRQHandler                  0x08000227   Thumb Code     0  startup_stm32f103xe.o(.text)
    TIM1_UP_IRQHandler                       0x08000227   Thumb Code     0  startup_stm32f103xe.o(.text)
    TIM2_IRQHandler                          0x08000227   Thumb Code     0  startup_stm32f103xe.o(.text)
    TIM3_IRQHandler                          0x08000227   Thumb Code     0  startup_stm32f103xe.o(.text)
    TIM4_IRQHandler                          0x08000227   Thumb Code     0  startup_stm32f103xe.o(.text)
    TIM5_IRQHandler                          0x08000227   Thumb Code     0  startup_stm32f103xe.o(.text)
    TIM6_IRQHandler                          0x08000227   Thumb Code     0  startup_stm32f103xe.o(.text)
    TIM7_IRQHandler                          0x08000227   Thumb Code     0  startup_stm32f103xe.o(.text)
    TIM8_BRK_IRQHandler                      0x08000227   Thumb Code     0  startup_stm32f103xe.o(.text)
    TIM8_CC_IRQHandler                       0x08000227   Thumb Code     0  startup_stm32f103xe.o(.text)
    TIM8_TRG_COM_IRQHandler                  0x08000227   Thumb Code     0  startup_stm32f103xe.o(.text)
    TIM8_UP_IRQHandler                       0x08000227   Thumb Code     0  startup_stm32f103xe.o(.text)
    UART4_IRQHandler                         0x08000227   Thumb Code     0  startup_stm32f103xe.o(.text)
    UART5_IRQHandler                         0x08000227   Thumb Code     0  startup_stm32f103xe.o(.text)
    USART1_IRQHandler                        0x08000227   Thumb Code     0  startup_stm32f103xe.o(.text)
    USART2_IRQHandler                        0x08000227   Thumb Code     0  startup_stm32f103xe.o(.text)
    USART3_IRQHandler                        0x08000227   Thumb Code     0  startup_stm32f103xe.o(.text)
    USBWakeUp_IRQHandler                     0x08000227   Thumb Code     0  startup_stm32f103xe.o(.text)
    WWDG_IRQHandler                          0x08000227   Thumb Code     0  startup_stm32f103xe.o(.text)
    __user_initial_stackheap                 0x08000229   Thumb Code     0  startup_stm32f103xe.o(.text)
    __aeabi_memcpy4                          0x0800024d   Thumb Code     0  rt_memcpy_w.o(.text)
    __aeabi_memcpy8                          0x0800024d   Thumb Code     0  rt_memcpy_w.o(.text)
    __rt_memcpy_w                            0x0800024d   Thumb Code   100  rt_memcpy_w.o(.text)
    _memcpy_lastbytes_aligned                0x08000295   Thumb Code     0  rt_memcpy_w.o(.text)
    __aeabi_memclr4                          0x080002b1   Thumb Code     0  rt_memclr_w.o(.text)
    __aeabi_memclr8                          0x080002b1   Thumb Code     0  rt_memclr_w.o(.text)
    __rt_memclr_w                            0x080002b1   Thumb Code    78  rt_memclr_w.o(.text)
    _memset_w                                0x080002b5   Thumb Code     0  rt_memclr_w.o(.text)
    __use_two_region_memory                  0x080002ff   Thumb Code     2  heapauxi.o(.text)
    __rt_heap_escrow$2region                 0x08000301   Thumb Code     2  heapauxi.o(.text)
    __rt_heap_expand$2region                 0x08000303   Thumb Code     2  heapauxi.o(.text)
    __user_setup_stackheap                   0x08000305   Thumb Code    74  sys_stackheap_outer.o(.text)
    exit                                     0x0800034f   Thumb Code    18  exit.o(.text)
    __user_libspace                          0x08000361   Thumb Code     8  libspace.o(.text)
    __user_perproc_libspace                  0x08000361   Thumb Code     0  libspace.o(.text)
    __user_perthread_libspace                0x08000361   Thumb Code     0  libspace.o(.text)
    _sys_exit                                0x08000369   Thumb Code     8  sys_exit.o(.text)
    __I$use$semihosting                      0x08000375   Thumb Code     0  use_no_semi.o(.text)
    __use_no_semihosting_swi                 0x08000375   Thumb Code     2  use_no_semi.o(.text)
    BusFault_Handler                         0x08000377   Thumb Code     2  stm32f1xx_it.o(i.BusFault_Handler)
    __semihosting_library_function           0x08000377   Thumb Code     0  indicate_semi.o(.text)
    CDC_Transmit_FS                          0x080003d5   Thumb Code    38  usbd_cdc_if.o(i.CDC_Transmit_FS)
    DMA1_Channel4_IRQHandler                 0x08000401   Thumb Code     6  stm32f1xx_it.o(i.DMA1_Channel4_IRQHandler)
    DebugMon_Handler                         0x08000437   Thumb Code     2  stm32f1xx_it.o(i.DebugMon_Handler)
    Error_Handler                            0x08000439   Thumb Code     4  main.o(i.Error_Handler)
    HAL_DMA_IRQHandler                       0x0800043d   Thumb Code   552  stm32f1xx_hal_dma.o(i.HAL_DMA_IRQHandler)
    HAL_DMA_Init                             0x08000685   Thumb Code   112  stm32f1xx_hal_dma.o(i.HAL_DMA_Init)
    HAL_DMA_Start_IT                         0x08000701   Thumb Code   112  stm32f1xx_hal_dma.o(i.HAL_DMA_Start_IT)
    HAL_Delay                                0x08000771   Thumb Code    32  stm32f1xx_hal.o(i.HAL_Delay)
    HAL_GPIO_Init                            0x08000795   Thumb Code   462  stm32f1xx_hal_gpio.o(i.HAL_GPIO_Init)
    HAL_GPIO_ReadPin                         0x0800098d   Thumb Code    10  stm32f1xx_hal_gpio.o(i.HAL_GPIO_ReadPin)
    HAL_GPIO_WritePin                        0x08000997   Thumb Code    10  stm32f1xx_hal_gpio.o(i.HAL_GPIO_WritePin)
    HAL_GetTick                              0x080009a1   Thumb Code     6  stm32f1xx_hal.o(i.HAL_GetTick)
    HAL_I2S_ErrorCallback                    0x080009ad   Thumb Code     2  stm32f1xx_hal_i2s.o(i.HAL_I2S_ErrorCallback)
    HAL_I2S_Init                             0x080009b1   Thumb Code   238  stm32f1xx_hal_i2s.o(i.HAL_I2S_Init)
    HAL_I2S_MspInit                          0x08000aa9   Thumb Code   146  i2s.o(i.HAL_I2S_MspInit)
    HAL_I2S_Receive_DMA                      0x08000b51   Thumb Code   198  stm32f1xx_hal_i2s.o(i.HAL_I2S_Receive_DMA)
    HAL_I2S_RxCpltCallback                   0x08000c25   Thumb Code    76  main.o(i.HAL_I2S_RxCpltCallback)
    HAL_I2S_RxHalfCpltCallback               0x08000c7d   Thumb Code     2  stm32f1xx_hal_i2s.o(i.HAL_I2S_RxHalfCpltCallback)
    HAL_IncTick                              0x08000c81   Thumb Code    12  stm32f1xx_hal.o(i.HAL_IncTick)
    HAL_Init                                 0x08000c91   Thumb Code    32  stm32f1xx_hal.o(i.HAL_Init)
    HAL_InitTick                             0x08000cb5   Thumb Code    54  stm32f1xx_hal.o(i.HAL_InitTick)
    HAL_MspInit                              0x08000cf5   Thumb Code    52  stm32f1xx_hal_msp.o(i.HAL_MspInit)
    HAL_NVIC_EnableIRQ                       0x08000d31   Thumb Code    26  stm32f1xx_hal_cortex.o(i.HAL_NVIC_EnableIRQ)
    HAL_NVIC_SetPriority                     0x08000d4d   Thumb Code    60  stm32f1xx_hal_cortex.o(i.HAL_NVIC_SetPriority)
    HAL_NVIC_SetPriorityGrouping             0x08000d8d   Thumb Code    26  stm32f1xx_hal_cortex.o(i.HAL_NVIC_SetPriorityGrouping)
    HAL_PCDEx_PMAConfig                      0x08000db1   Thumb Code    60  stm32f1xx_hal_pcd_ex.o(i.HAL_PCDEx_PMAConfig)
    HAL_PCDEx_SetConnectionState             0x08000ded   Thumb Code     2  usbd_conf.o(i.HAL_PCDEx_SetConnectionState)
    HAL_PCD_DataInStageCallback              0x08000def   Thumb Code    18  usbd_conf.o(i.HAL_PCD_DataInStageCallback)
    HAL_PCD_DataOutStageCallback             0x08000e01   Thumb Code    20  usbd_conf.o(i.HAL_PCD_DataOutStageCallback)
    HAL_PCD_EP_Close                         0x08000e15   Thumb Code    76  stm32f1xx_hal_pcd.o(i.HAL_PCD_EP_Close)
    HAL_PCD_EP_ClrStall                      0x08000e61   Thumb Code    92  stm32f1xx_hal_pcd.o(i.HAL_PCD_EP_ClrStall)
    HAL_PCD_EP_GetRxCount                    0x080012db   Thumb Code    18  stm32f1xx_hal_pcd.o(i.HAL_PCD_EP_GetRxCount)
    HAL_PCD_EP_Open                          0x080012ed   Thumb Code    90  stm32f1xx_hal_pcd.o(i.HAL_PCD_EP_Open)
    HAL_PCD_EP_Receive                       0x08001347   Thumb Code    46  stm32f1xx_hal_pcd.o(i.HAL_PCD_EP_Receive)
    HAL_PCD_EP_SetStall                      0x08001375   Thumb Code   114  stm32f1xx_hal_pcd.o(i.HAL_PCD_EP_SetStall)
    HAL_PCD_EP_Transmit                      0x080013e7   Thumb Code    48  stm32f1xx_hal_pcd.o(i.HAL_PCD_EP_Transmit)
    HAL_PCD_IRQHandler                       0x08001419   Thumb Code   308  stm32f1xx_hal_pcd.o(i.HAL_PCD_IRQHandler)
    HAL_PCD_Init                             0x0800154d   Thumb Code   218  stm32f1xx_hal_pcd.o(i.HAL_PCD_Init)
    HAL_PCD_MspInit                          0x08001629   Thumb Code    66  usbd_conf.o(i.HAL_PCD_MspInit)
    HAL_PCD_ResetCallback                    0x08001675   Thumb Code    38  usbd_conf.o(i.HAL_PCD_ResetCallback)
    HAL_PCD_ResumeCallback                   0x0800169b   Thumb Code     8  usbd_conf.o(i.HAL_PCD_ResumeCallback)
    HAL_PCD_SOFCallback                      0x080016a3   Thumb Code     8  usbd_conf.o(i.HAL_PCD_SOFCallback)
    HAL_PCD_SetAddress                       0x080016ab   Thumb Code    40  stm32f1xx_hal_pcd.o(i.HAL_PCD_SetAddress)
    HAL_PCD_SetupStageCallback               0x080016d3   Thumb Code    14  usbd_conf.o(i.HAL_PCD_SetupStageCallback)
    HAL_PCD_Start                            0x080016e1   Thumb Code    50  stm32f1xx_hal_pcd.o(i.HAL_PCD_Start)
    HAL_PCD_SuspendCallback                  0x08001715   Thumb Code    30  usbd_conf.o(i.HAL_PCD_SuspendCallback)
    HAL_RCCEx_GetPeriphCLKFreq               0x08001739   Thumb Code   166  stm32f1xx_hal_rcc_ex.o(i.HAL_RCCEx_GetPeriphCLKFreq)
    HAL_RCCEx_PeriphCLKConfig                0x080017f1   Thumb Code   224  stm32f1xx_hal_rcc_ex.o(i.HAL_RCCEx_PeriphCLKConfig)
    HAL_RCC_ClockConfig                      0x080018dd   Thumb Code   280  stm32f1xx_hal_rcc.o(i.HAL_RCC_ClockConfig)
    HAL_RCC_GetPCLK2Freq                     0x08001a09   Thumb Code    20  stm32f1xx_hal_rcc.o(i.HAL_RCC_GetPCLK2Freq)
    HAL_RCC_GetSysClockFreq                  0x08001a29   Thumb Code    58  stm32f1xx_hal_rcc.o(i.HAL_RCC_GetSysClockFreq)
    HAL_RCC_OscConfig                        0x08001a75   Thumb Code   778  stm32f1xx_hal_rcc.o(i.HAL_RCC_OscConfig)
    HAL_SYSTICK_Config                       0x08001d95   Thumb Code    40  stm32f1xx_hal_cortex.o(i.HAL_SYSTICK_Config)
    HardFault_Handler                        0x08001dbd   Thumb Code     2  stm32f1xx_it.o(i.HardFault_Handler)
    MX_DMA_Init                              0x08001e4d   Thumb Code    40  dma.o(i.MX_DMA_Init)
    MX_GPIO_Init                             0x08001e79   Thumb Code   164  gpio.o(i.MX_GPIO_Init)
    MX_I2S2_Init                             0x08001f2d   Thumb Code    50  i2s.o(i.MX_I2S2_Init)
    MX_USB_DEVICE_Init                       0x08001f69   Thumb Code    66  usb_device.o(i.MX_USB_DEVICE_Init)
    MemManage_Handler                        0x08001fbd   Thumb Code     2  stm32f1xx_it.o(i.MemManage_Handler)
    NMI_Handler                              0x08001fbf   Thumb Code     2  stm32f1xx_it.o(i.NMI_Handler)
    PendSV_Handler                           0x0800236d   Thumb Code     2  stm32f1xx_it.o(i.PendSV_Handler)
    SVC_Handler                              0x0800236f   Thumb Code     2  stm32f1xx_it.o(i.SVC_Handler)
    SysTick_Handler                          0x08002371   Thumb Code     4  stm32f1xx_it.o(i.SysTick_Handler)
    SystemClock_Config                       0x08002375   Thumb Code   122  main.o(i.SystemClock_Config)
    SystemInit                               0x080023ef   Thumb Code     2  system_stm32f1xx.o(i.SystemInit)
    USBD_CDC_GetDeviceQualifierDescriptor    0x080024cd   Thumb Code     8  usbd_cdc.o(i.USBD_CDC_GetDeviceQualifierDescriptor)
    USBD_CDC_ReceivePacket                   0x08002591   Thumb Code    40  usbd_cdc.o(i.USBD_CDC_ReceivePacket)
    USBD_CDC_RegisterInterface               0x080025b9   Thumb Code    16  usbd_cdc.o(i.USBD_CDC_RegisterInterface)
    USBD_CDC_SetRxBuffer                     0x080025c9   Thumb Code    12  usbd_cdc.o(i.USBD_CDC_SetRxBuffer)
    USBD_CDC_SetTxBuffer                     0x080025d5   Thumb Code    16  usbd_cdc.o(i.USBD_CDC_SetTxBuffer)
    USBD_CDC_TransmitPacket                  0x08002691   Thumb Code    54  usbd_cdc.o(i.USBD_CDC_TransmitPacket)
    USBD_ClrClassConfig                      0x080026c7   Thumb Code    14  usbd_core.o(i.USBD_ClrClassConfig)
    USBD_CtlContinueRx                       0x080026d5   Thumb Code    16  usbd_ioreq.o(i.USBD_CtlContinueRx)
    USBD_CtlContinueSendData                 0x080026e5   Thumb Code    16  usbd_ioreq.o(i.USBD_CtlContinueSendData)
    USBD_CtlError                            0x080026f5   Thumb Code    22  usbd_ctlreq.o(i.USBD_CtlError)
    USBD_CtlPrepareRx                        0x0800270b   Thumb Code    30  usbd_ioreq.o(i.USBD_CtlPrepareRx)
    USBD_CtlReceiveStatus                    0x08002729   Thumb Code    22  usbd_ioreq.o(i.USBD_CtlReceiveStatus)
    USBD_CtlSendData                         0x0800273f   Thumb Code    26  usbd_ioreq.o(i.USBD_CtlSendData)
    USBD_CtlSendStatus                       0x08002759   Thumb Code    22  usbd_ioreq.o(i.USBD_CtlSendStatus)
    USBD_FS_ConfigStrDescriptor              0x08002771   Thumb Code    16  usbd_desc.o(i.USBD_FS_ConfigStrDescriptor)
    USBD_FS_DeviceDescriptor                 0x08002791   Thumb Code     8  usbd_desc.o(i.USBD_FS_DeviceDescriptor)
    USBD_FS_InterfaceStrDescriptor           0x0800279d   Thumb Code    16  usbd_desc.o(i.USBD_FS_InterfaceStrDescriptor)
    USBD_FS_LangIDStrDescriptor              0x080027c1   Thumb Code     8  usbd_desc.o(i.USBD_FS_LangIDStrDescriptor)
    USBD_FS_ManufacturerStrDescriptor        0x080027cd   Thumb Code    16  usbd_desc.o(i.USBD_FS_ManufacturerStrDescriptor)
    USBD_FS_ProductStrDescriptor             0x080027f5   Thumb Code    16  usbd_desc.o(i.USBD_FS_ProductStrDescriptor)
    USBD_FS_SerialStrDescriptor              0x08002821   Thumb Code    48  usbd_desc.o(i.USBD_FS_SerialStrDescriptor)
    USBD_GetString                           0x08002941   Thumb Code    72  usbd_ctlreq.o(i.USBD_GetString)
    USBD_Init                                0x080029a1   Thumb Code    42  usbd_core.o(i.USBD_Init)
    USBD_LL_ClearStallEP                     0x080029cb   Thumb Code    18  usbd_conf.o(i.USBD_LL_ClearStallEP)
    USBD_LL_CloseEP                          0x080029dd   Thumb Code    18  usbd_conf.o(i.USBD_LL_CloseEP)
    USBD_LL_DataInStage                      0x080029ef   Thumb Code   198  usbd_core.o(i.USBD_LL_DataInStage)
    USBD_LL_DataOutStage                     0x08002ab5   Thumb Code   130  usbd_core.o(i.USBD_LL_DataOutStage)
    USBD_LL_GetRxDataSize                    0x08002b37   Thumb Code     8  usbd_conf.o(i.USBD_LL_GetRxDataSize)
    USBD_LL_Init                             0x08002b41   Thumb Code   118  usbd_conf.o(i.USBD_LL_Init)
    USBD_LL_IsStallEP                        0x08002bc1   Thumb Code    32  usbd_conf.o(i.USBD_LL_IsStallEP)
    USBD_LL_OpenEP                           0x08002be1   Thumb Code    24  usbd_conf.o(i.USBD_LL_OpenEP)
    USBD_LL_PrepareReceive                   0x08002bf9   Thumb Code    18  usbd_conf.o(i.USBD_LL_PrepareReceive)
    USBD_LL_Reset                            0x08002c0b   Thumb Code    80  usbd_core.o(i.USBD_LL_Reset)
    USBD_LL_Resume                           0x08002c5b   Thumb Code    20  usbd_core.o(i.USBD_LL_Resume)
    USBD_LL_SOF                              0x08002c6f   Thumb Code    24  usbd_core.o(i.USBD_LL_SOF)
    USBD_LL_SetSpeed                         0x08002c87   Thumb Code     6  usbd_core.o(i.USBD_LL_SetSpeed)
    USBD_LL_SetUSBAddress                    0x08002c8d   Thumb Code    18  usbd_conf.o(i.USBD_LL_SetUSBAddress)
    USBD_LL_SetupStage                       0x08002c9f   Thumb Code    90  usbd_core.o(i.USBD_LL_SetupStage)
    USBD_LL_StallEP                          0x08002cf9   Thumb Code    18  usbd_conf.o(i.USBD_LL_StallEP)
    USBD_LL_Start                            0x08002d0b   Thumb Code    18  usbd_conf.o(i.USBD_LL_Start)
    USBD_LL_Suspend                          0x08002d1d   Thumb Code    18  usbd_core.o(i.USBD_LL_Suspend)
    USBD_LL_Transmit                         0x08002d2f   Thumb Code    18  usbd_conf.o(i.USBD_LL_Transmit)
    USBD_ParseSetupRequest                   0x08002d41   Thumb Code    40  usbd_ctlreq.o(i.USBD_ParseSetupRequest)
    USBD_RegisterClass                       0x08002d69   Thumb Code    16  usbd_core.o(i.USBD_RegisterClass)
    USBD_SetClassConfig                      0x08002d79   Thumb Code    22  usbd_core.o(i.USBD_SetClassConfig)
    USBD_Start                               0x08002e15   Thumb Code    10  usbd_core.o(i.USBD_Start)
    USBD_StdDevReq                           0x08002e1f   Thumb Code   274  usbd_ctlreq.o(i.USBD_StdDevReq)
    USBD_StdEPReq                            0x08002f31   Thumb Code   336  usbd_ctlreq.o(i.USBD_StdEPReq)
    USBD_StdItfReq                           0x08003081   Thumb Code    78  usbd_ctlreq.o(i.USBD_StdItfReq)
    USBD_static_free                         0x080030cf   Thumb Code     2  usbd_conf.o(i.USBD_static_free)
    USBD_static_malloc                       0x080030d1   Thumb Code     4  usbd_conf.o(i.USBD_static_malloc)
    USB_ActivateEndpoint                     0x080030d9   Thumb Code   668  stm32f1xx_ll_usb.o(i.USB_ActivateEndpoint)
    USB_CoreInit                             0x08003375   Thumb Code     4  stm32f1xx_ll_usb.o(i.USB_CoreInit)
    USB_DeactivateEndpoint                   0x08003379   Thumb Code   270  stm32f1xx_ll_usb.o(i.USB_DeactivateEndpoint)
    USB_DevConnect                           0x08003487   Thumb Code     4  stm32f1xx_ll_usb.o(i.USB_DevConnect)
    USB_DevDisconnect                        0x0800348b   Thumb Code     4  stm32f1xx_ll_usb.o(i.USB_DevDisconnect)
    USB_DevInit                              0x0800348f   Thumb Code    18  stm32f1xx_ll_usb.o(i.USB_DevInit)
    USB_DisableGlobalInt                     0x080034a1   Thumb Code    14  stm32f1xx_ll_usb.o(i.USB_DisableGlobalInt)
    USB_EP0_OutStart                         0x080034af   Thumb Code     4  stm32f1xx_ll_usb.o(i.USB_EP0_OutStart)
    USB_EPClearStall                         0x080034b3   Thumb Code   120  stm32f1xx_ll_usb.o(i.USB_EPClearStall)
    USB_EPSetStall                           0x0800352b   Thumb Code    50  stm32f1xx_ll_usb.o(i.USB_EPSetStall)
    USB_EPStartXfer                          0x0800355d   Thumb Code  1250  stm32f1xx_ll_usb.o(i.USB_EPStartXfer)
    USB_EnableGlobalInt                      0x08003a3f   Thumb Code    18  stm32f1xx_ll_usb.o(i.USB_EnableGlobalInt)
    USB_HP_CAN1_TX_IRQHandler                0x08003a51   Thumb Code     6  stm32f1xx_it.o(i.USB_HP_CAN1_TX_IRQHandler)
    USB_LP_CAN1_RX0_IRQHandler               0x08003a5d   Thumb Code     6  stm32f1xx_it.o(i.USB_LP_CAN1_RX0_IRQHandler)
    USB_ReadInterrupts                       0x08003a69   Thumb Code     6  stm32f1xx_ll_usb.o(i.USB_ReadInterrupts)
    USB_ReadPMA                              0x08003a71   Thumb Code    44  stm32f1xx_ll_usb.o(i.USB_ReadPMA)
    USB_SetCurrentMode                       0x08003a9d   Thumb Code     4  stm32f1xx_ll_usb.o(i.USB_SetCurrentMode)
    USB_SetDevAddress                        0x08003aa1   Thumb Code    12  stm32f1xx_ll_usb.o(i.USB_SetDevAddress)
    USB_WritePMA                             0x08003aad   Thumb Code    38  stm32f1xx_ll_usb.o(i.USB_WritePMA)
    UsageFault_Handler                       0x08003ad3   Thumb Code     2  stm32f1xx_it.o(i.UsageFault_Handler)
    main                                     0x08003af5   Thumb Code    70  main.o(i.main)
    AHBPrescTable                            0x08003b70   Data          16  system_stm32f1xx.o(.constdata)
    APBPrescTable                            0x08003b80   Data           8  system_stm32f1xx.o(.constdata)
    Region$$Table$$Base                      0x08003b88   Number         0  anon$$obj.o(Region$$Table)
    Region$$Table$$Limit                     0x08003ba8   Number         0  anon$$obj.o(Region$$Table)
    output_flag                              0x20000000   Data           1  main.o(.data)
    cb_cnt                                   0x20000004   Data           4  main.o(.data)
    val24                                    0x20000008   Data           4  main.o(.data)
    val32                                    0x2000000c   Data           4  main.o(.data)
    FS_Desc                                  0x20000010   Data          28  usbd_desc.o(.data)
    USBD_LangIDDesc                          0x2000002c   Data           4  usbd_desc.o(.data)
    USBD_FS_DeviceDesc                       0x20000030   Data          18  usbd_desc.o(.data)
    USBD_StringSerial                        0x20000044   Data          26  usbd_desc.o(.data)
    USBD_Interface_fops_FS                   0x20000060   Data          16  usbd_cdc_if.o(.data)
    uwTickFreq                               0x20000070   Data           1  stm32f1xx_hal.o(.data)
    uwTickPrio                               0x20000074   Data           4  stm32f1xx_hal.o(.data)
    uwTick                                   0x20000078   Data           4  stm32f1xx_hal.o(.data)
    SystemCoreClock                          0x2000007c   Data           4  system_stm32f1xx.o(.data)
    USBD_CDC_CfgHSDesc                       0x20000090   Data          67  usbd_cdc.o(.data)
    USBD_CDC_CfgFSDesc                       0x200000d4   Data          67  usbd_cdc.o(.data)
    USBD_CDC_OtherSpeedCfgDesc               0x20000118   Data          67  usbd_cdc.o(.data)
    USBD_CDC                                 0x2000015c   Data          56  usbd_cdc.o(.data)
    dma                                      0x20000194   Data          16  main.o(.bss)
    hi2s2                                    0x200001a4   Data          60  i2s.o(.bss)
    hdma_spi2_rx                             0x200001e0   Data          68  i2s.o(.bss)
    hUsbDeviceFS                             0x20000224   Data         708  usb_device.o(.bss)
    USBD_StrDesc                             0x200004e8   Data         512  usbd_desc.o(.bss)
    UserRxBufferFS                           0x200006e8   Data        1024  usbd_cdc_if.o(.bss)
    UserTxBufferFS                           0x20000ae8   Data        1024  usbd_cdc_if.o(.bss)
    hpcd_USB_FS                              0x20001108   Data         752  usbd_conf.o(.bss)
    __libspace_start                         0x200013f8   Data          96  libspace.o(.bss)
    __temporary_stack_top$libspace           0x20001458   Data           0  libspace.o(.bss)



==============================================================================

Memory Map of the image

  Image Entry point : 0x08000131

  Load Region LR_IROM1 (Base: 0x08000000, Size: 0x00003d3c, Max: 0x00080000, ABSOLUTE, COMPRESSED[0x00003c68])

    Execution Region ER_IROM1 (Exec base: 0x08000000, Load base: 0x08000000, Size: 0x00003ba8, Max: 0x00080000, ABSOLUTE)

    Exec Addr    Load Addr    Size         Type   Attr      Idx    E Section Name        Object

    0x08000000   0x08000000   0x00000130   Data   RO            3    RESET               startup_stm32f103xe.o
    0x08000130   0x08000130   0x00000008   Code   RO         2892  * !!!main             c_w.l(__main.o)
    0x08000138   0x08000138   0x00000034   Code   RO         3051    !!!scatter          c_w.l(__scatter.o)
    0x0800016c   0x0800016c   0x0000005a   Code   RO         3049    !!dczerorl2         c_w.l(__dczerorl2.o)
    0x080001c6   0x080001c6   0x00000002   PAD
    0x080001c8   0x080001c8   0x0000001c   Code   RO         3053    !!handler_zi        c_w.l(__scatter_zi.o)
    0x080001e4   0x080001e4   0x00000002   Code   RO         2919    .ARM.Collect$$libinit$$00000000  c_w.l(libinit.o)
    0x080001e6   0x080001e6   0x00000000   Code   RO         2926    .ARM.Collect$$libinit$$00000002  c_w.l(libinit2.o)
    0x080001e6   0x080001e6   0x00000000   Code   RO         2928    .ARM.Collect$$libinit$$00000004  c_w.l(libinit2.o)
    0x080001e6   0x080001e6   0x00000000   Code   RO         2931    .ARM.Collect$$libinit$$0000000A  c_w.l(libinit2.o)
    0x080001e6   0x080001e6   0x00000000   Code   RO         2933    .ARM.Collect$$libinit$$0000000C  c_w.l(libinit2.o)
    0x080001e6   0x080001e6   0x00000000   Code   RO         2935    .ARM.Collect$$libinit$$0000000E  c_w.l(libinit2.o)
    0x080001e6   0x080001e6   0x00000000   Code   RO         2938    .ARM.Collect$$libinit$$00000011  c_w.l(libinit2.o)
    0x080001e6   0x080001e6   0x00000000   Code   RO         2940    .ARM.Collect$$libinit$$00000013  c_w.l(libinit2.o)
    0x080001e6   0x080001e6   0x00000000   Code   RO         2942    .ARM.Collect$$libinit$$00000015  c_w.l(libinit2.o)
    0x080001e6   0x080001e6   0x00000000   Code   RO         2944    .ARM.Collect$$libinit$$00000017  c_w.l(libinit2.o)
    0x080001e6   0x080001e6   0x00000000   Code   RO         2946    .ARM.Collect$$libinit$$00000019  c_w.l(libinit2.o)
    0x080001e6   0x080001e6   0x00000000   Code   RO         2948    .ARM.Collect$$libinit$$0000001B  c_w.l(libinit2.o)
    0x080001e6   0x080001e6   0x00000000   Code   RO         2950    .ARM.Collect$$libinit$$0000001D  c_w.l(libinit2.o)
    0x080001e6   0x080001e6   0x00000000   Code   RO         2952    .ARM.Collect$$libinit$$0000001F  c_w.l(libinit2.o)
    0x080001e6   0x080001e6   0x00000000   Code   RO         2954    .ARM.Collect$$libinit$$00000021  c_w.l(libinit2.o)
    0x080001e6   0x080001e6   0x00000000   Code   RO         2956    .ARM.Collect$$libinit$$00000023  c_w.l(libinit2.o)
    0x080001e6   0x080001e6   0x00000000   Code   RO         2958    .ARM.Collect$$libinit$$00000025  c_w.l(libinit2.o)
    0x080001e6   0x080001e6   0x00000000   Code   RO         2962    .ARM.Collect$$libinit$$0000002C  c_w.l(libinit2.o)
    0x080001e6   0x080001e6   0x00000000   Code   RO         2964    .ARM.Collect$$libinit$$0000002E  c_w.l(libinit2.o)
    0x080001e6   0x080001e6   0x00000000   Code   RO         2966    .ARM.Collect$$libinit$$00000030  c_w.l(libinit2.o)
    0x080001e6   0x080001e6   0x00000000   Code   RO         2968    .ARM.Collect$$libinit$$00000032  c_w.l(libinit2.o)
    0x080001e6   0x080001e6   0x00000002   Code   RO         2969    .ARM.Collect$$libinit$$00000033  c_w.l(libinit2.o)
    0x080001e8   0x080001e8   0x00000002   Code   RO         2989    .ARM.Collect$$libshutdown$$00000000  c_w.l(libshutdown.o)
    0x080001ea   0x080001ea   0x00000000   Code   RO         3002    .ARM.Collect$$libshutdown$$00000002  c_w.l(libshutdown2.o)
    0x080001ea   0x080001ea   0x00000000   Code   RO         3004    .ARM.Collect$$libshutdown$$00000004  c_w.l(libshutdown2.o)
    0x080001ea   0x080001ea   0x00000000   Code   RO         3007    .ARM.Collect$$libshutdown$$00000007  c_w.l(libshutdown2.o)
    0x080001ea   0x080001ea   0x00000000   Code   RO         3010    .ARM.Collect$$libshutdown$$0000000A  c_w.l(libshutdown2.o)
    0x080001ea   0x080001ea   0x00000000   Code   RO         3012    .ARM.Collect$$libshutdown$$0000000C  c_w.l(libshutdown2.o)
    0x080001ea   0x080001ea   0x00000000   Code   RO         3015    .ARM.Collect$$libshutdown$$0000000F  c_w.l(libshutdown2.o)
    0x080001ea   0x080001ea   0x00000002   Code   RO         3016    .ARM.Collect$$libshutdown$$00000010  c_w.l(libshutdown2.o)
    0x080001ec   0x080001ec   0x00000000   Code   RO         2894    .ARM.Collect$$rtentry$$00000000  c_w.l(__rtentry.o)
    0x080001ec   0x080001ec   0x00000000   Code   RO         2896    .ARM.Collect$$rtentry$$00000002  c_w.l(__rtentry2.o)
    0x080001ec   0x080001ec   0x00000006   Code   RO         2908    .ARM.Collect$$rtentry$$00000004  c_w.l(__rtentry4.o)
    0x080001f2   0x080001f2   0x00000000   Code   RO         2898    .ARM.Collect$$rtentry$$00000009  c_w.l(__rtentry2.o)
    0x080001f2   0x080001f2   0x00000004   Code   RO         2899    .ARM.Collect$$rtentry$$0000000A  c_w.l(__rtentry2.o)
    0x080001f6   0x080001f6   0x00000000   Code   RO         2901    .ARM.Collect$$rtentry$$0000000C  c_w.l(__rtentry2.o)
    0x080001f6   0x080001f6   0x00000008   Code   RO         2902    .ARM.Collect$$rtentry$$0000000D  c_w.l(__rtentry2.o)
    0x080001fe   0x080001fe   0x00000002   Code   RO         2923    .ARM.Collect$$rtexit$$00000000  c_w.l(rtexit.o)
    0x08000200   0x08000200   0x00000000   Code   RO         2971    .ARM.Collect$$rtexit$$00000002  c_w.l(rtexit2.o)
    0x08000200   0x08000200   0x00000004   Code   RO         2972    .ARM.Collect$$rtexit$$00000003  c_w.l(rtexit2.o)
    0x08000204   0x08000204   0x00000006   Code   RO         2973    .ARM.Collect$$rtexit$$00000004  c_w.l(rtexit2.o)
    0x0800020a   0x0800020a   0x00000002   PAD
    0x0800020c   0x0800020c   0x00000040   Code   RO            4    .text               startup_stm32f103xe.o
    0x0800024c   0x0800024c   0x00000064   Code   RO         2886    .text               c_w.l(rt_memcpy_w.o)
    0x080002b0   0x080002b0   0x0000004e   Code   RO         2888    .text               c_w.l(rt_memclr_w.o)
    0x080002fe   0x080002fe   0x00000006   Code   RO         2890    .text               c_w.l(heapauxi.o)
    0x08000304   0x08000304   0x0000004a   Code   RO         2910    .text               c_w.l(sys_stackheap_outer.o)
    0x0800034e   0x0800034e   0x00000012   Code   RO         2912    .text               c_w.l(exit.o)
    0x08000360   0x08000360   0x00000008   Code   RO         2920    .text               c_w.l(libspace.o)
    0x08000368   0x08000368   0x0000000c   Code   RO         2981    .text               c_w.l(sys_exit.o)
    0x08000374   0x08000374   0x00000002   Code   RO         2992    .text               c_w.l(use_no_semi.o)
    0x08000376   0x08000376   0x00000000   Code   RO         2994    .text               c_w.l(indicate_semi.o)
    0x08000376   0x08000376   0x00000002   Code   RO          274    i.BusFault_Handler  stm32f1xx_it.o
    0x08000378   0x08000378   0x00000004   Code   RO          526    i.CDC_Control_FS    usbd_cdc_if.o
    0x0800037c   0x0800037c   0x00000004   Code   RO          527    i.CDC_DeInit_FS     usbd_cdc_if.o
    0x08000380   0x08000380   0x00000024   Code   RO          528    i.CDC_Init_FS       usbd_cdc_if.o
    0x080003a4   0x080003a4   0x00000030   Code   RO          529    i.CDC_Receive_FS    usbd_cdc_if.o
    0x080003d4   0x080003d4   0x0000002c   Code   RO          530    i.CDC_Transmit_FS   usbd_cdc_if.o
    0x08000400   0x08000400   0x0000000c   Code   RO          275    i.DMA1_Channel4_IRQHandler  stm32f1xx_it.o
    0x0800040c   0x0800040c   0x0000002a   Code   RO         1671    i.DMA_SetConfig     stm32f1xx_hal_dma.o
    0x08000436   0x08000436   0x00000002   Code   RO          276    i.DebugMon_Handler  stm32f1xx_it.o
    0x08000438   0x08000438   0x00000004   Code   RO           13    i.Error_Handler     main.o
    0x0800043c   0x0800043c   0x00000248   Code   RO         1677    i.HAL_DMA_IRQHandler  stm32f1xx_hal_dma.o
    0x08000684   0x08000684   0x0000007c   Code   RO         1678    i.HAL_DMA_Init      stm32f1xx_hal_dma.o
    0x08000700   0x08000700   0x00000070   Code   RO         1682    i.HAL_DMA_Start_IT  stm32f1xx_hal_dma.o
    0x08000770   0x08000770   0x00000024   Code   RO         1298    i.HAL_Delay         stm32f1xx_hal.o
    0x08000794   0x08000794   0x000001f8   Code   RO         1608    i.HAL_GPIO_Init     stm32f1xx_hal_gpio.o
    0x0800098c   0x0800098c   0x0000000a   Code   RO         1610    i.HAL_GPIO_ReadPin  stm32f1xx_hal_gpio.o
    0x08000996   0x08000996   0x0000000a   Code   RO         1612    i.HAL_GPIO_WritePin  stm32f1xx_hal_gpio.o
    0x080009a0   0x080009a0   0x0000000c   Code   RO         1302    i.HAL_GetTick       stm32f1xx_hal.o
    0x080009ac   0x080009ac   0x00000002   Code   RO         2272    i.HAL_I2S_ErrorCallback  stm32f1xx_hal_i2s.o
    0x080009ae   0x080009ae   0x00000002   PAD
    0x080009b0   0x080009b0   0x000000f8   Code   RO         2276    i.HAL_I2S_Init      stm32f1xx_hal_i2s.o
    0x08000aa8   0x08000aa8   0x000000a8   Code   RO          233    i.HAL_I2S_MspInit   i2s.o
    0x08000b50   0x08000b50   0x000000d4   Code   RO         2280    i.HAL_I2S_Receive_DMA  stm32f1xx_hal_i2s.o
    0x08000c24   0x08000c24   0x00000058   Code   RO           14    i.HAL_I2S_RxCpltCallback  main.o
    0x08000c7c   0x08000c7c   0x00000002   Code   RO         2283    i.HAL_I2S_RxHalfCpltCallback  stm32f1xx_hal_i2s.o
    0x08000c7e   0x08000c7e   0x00000002   PAD
    0x08000c80   0x08000c80   0x00000010   Code   RO         1308    i.HAL_IncTick       stm32f1xx_hal.o
    0x08000c90   0x08000c90   0x00000024   Code   RO         1309    i.HAL_Init          stm32f1xx_hal.o
    0x08000cb4   0x08000cb4   0x00000040   Code   RO         1310    i.HAL_InitTick      stm32f1xx_hal.o
    0x08000cf4   0x08000cf4   0x0000003c   Code   RO          368    i.HAL_MspInit       stm32f1xx_hal_msp.o
    0x08000d30   0x08000d30   0x0000001a   Code   RO         1768    i.HAL_NVIC_EnableIRQ  stm32f1xx_hal_cortex.o
    0x08000d4a   0x08000d4a   0x00000002   PAD
    0x08000d4c   0x08000d4c   0x00000040   Code   RO         1774    i.HAL_NVIC_SetPriority  stm32f1xx_hal_cortex.o
    0x08000d8c   0x08000d8c   0x00000024   Code   RO         1775    i.HAL_NVIC_SetPriorityGrouping  stm32f1xx_hal_cortex.o
    0x08000db0   0x08000db0   0x0000003c   Code   RO         1065    i.HAL_PCDEx_PMAConfig  stm32f1xx_hal_pcd_ex.o
    0x08000dec   0x08000dec   0x00000002   Code   RO          578    i.HAL_PCDEx_SetConnectionState  usbd_conf.o
    0x08000dee   0x08000dee   0x00000012   Code   RO          580    i.HAL_PCD_DataInStageCallback  usbd_conf.o
    0x08000e00   0x08000e00   0x00000014   Code   RO          581    i.HAL_PCD_DataOutStageCallback  usbd_conf.o
    0x08000e14   0x08000e14   0x0000004c   Code   RO          836    i.HAL_PCD_EP_Close  stm32f1xx_hal_pcd.o
    0x08000e60   0x08000e60   0x0000005c   Code   RO          837    i.HAL_PCD_EP_ClrStall  stm32f1xx_hal_pcd.o
    0x08000ebc   0x08000ebc   0x000000e6   Code   RO          838    i.HAL_PCD_EP_DB_Receive  stm32f1xx_hal_pcd.o
    0x08000fa2   0x08000fa2   0x00000338   Code   RO          839    i.HAL_PCD_EP_DB_Transmit  stm32f1xx_hal_pcd.o
    0x080012da   0x080012da   0x00000012   Code   RO          841    i.HAL_PCD_EP_GetRxCount  stm32f1xx_hal_pcd.o
    0x080012ec   0x080012ec   0x0000005a   Code   RO          842    i.HAL_PCD_EP_Open   stm32f1xx_hal_pcd.o
    0x08001346   0x08001346   0x0000002e   Code   RO          843    i.HAL_PCD_EP_Receive  stm32f1xx_hal_pcd.o
    0x08001374   0x08001374   0x00000072   Code   RO          844    i.HAL_PCD_EP_SetStall  stm32f1xx_hal_pcd.o
    0x080013e6   0x080013e6   0x00000030   Code   RO          845    i.HAL_PCD_EP_Transmit  stm32f1xx_hal_pcd.o
    0x08001416   0x08001416   0x00000002   PAD
    0x08001418   0x08001418   0x00000134   Code   RO          847    i.HAL_PCD_IRQHandler  stm32f1xx_hal_pcd.o
    0x0800154c   0x0800154c   0x000000da   Code   RO          850    i.HAL_PCD_Init      stm32f1xx_hal_pcd.o
    0x08001626   0x08001626   0x00000002   PAD
    0x08001628   0x08001628   0x0000004c   Code   RO          586    i.HAL_PCD_MspInit   usbd_conf.o
    0x08001674   0x08001674   0x00000026   Code   RO          587    i.HAL_PCD_ResetCallback  usbd_conf.o
    0x0800169a   0x0800169a   0x00000008   Code   RO          588    i.HAL_PCD_ResumeCallback  usbd_conf.o
    0x080016a2   0x080016a2   0x00000008   Code   RO          589    i.HAL_PCD_SOFCallback  usbd_conf.o
    0x080016aa   0x080016aa   0x00000028   Code   RO          856    i.HAL_PCD_SetAddress  stm32f1xx_hal_pcd.o
    0x080016d2   0x080016d2   0x0000000e   Code   RO          590    i.HAL_PCD_SetupStageCallback  usbd_conf.o
    0x080016e0   0x080016e0   0x00000032   Code   RO          858    i.HAL_PCD_Start     stm32f1xx_hal_pcd.o
    0x08001712   0x08001712   0x00000002   PAD
    0x08001714   0x08001714   0x00000024   Code   RO          591    i.HAL_PCD_SuspendCallback  usbd_conf.o
    0x08001738   0x08001738   0x000000b8   Code   RO         1569    i.HAL_RCCEx_GetPeriphCLKFreq  stm32f1xx_hal_rcc_ex.o
    0x080017f0   0x080017f0   0x000000ec   Code   RO         1570    i.HAL_RCCEx_PeriphCLKConfig  stm32f1xx_hal_rcc_ex.o
    0x080018dc   0x080018dc   0x0000012c   Code   RO         1466    i.HAL_RCC_ClockConfig  stm32f1xx_hal_rcc.o
    0x08001a08   0x08001a08   0x00000020   Code   RO         1474    i.HAL_RCC_GetPCLK2Freq  stm32f1xx_hal_rcc.o
    0x08001a28   0x08001a28   0x0000004c   Code   RO         1475    i.HAL_RCC_GetSysClockFreq  stm32f1xx_hal_rcc.o
    0x08001a74   0x08001a74   0x00000320   Code   RO         1478    i.HAL_RCC_OscConfig  stm32f1xx_hal_rcc.o
    0x08001d94   0x08001d94   0x00000028   Code   RO         1779    i.HAL_SYSTICK_Config  stm32f1xx_hal_cortex.o
    0x08001dbc   0x08001dbc   0x00000002   Code   RO          277    i.HardFault_Handler  stm32f1xx_it.o
    0x08001dbe   0x08001dbe   0x00000028   Code   RO         2289    i.I2S_DMAError      stm32f1xx_hal_i2s.o
    0x08001de6   0x08001de6   0x00000024   Code   RO         2290    i.I2S_DMARxCplt     stm32f1xx_hal_i2s.o
    0x08001e0a   0x08001e0a   0x0000000a   Code   RO         2291    i.I2S_DMARxHalfCplt  stm32f1xx_hal_i2s.o
    0x08001e14   0x08001e14   0x00000038   Code   RO          440    i.IntToUnicode      usbd_desc.o
    0x08001e4c   0x08001e4c   0x0000002c   Code   RO          208    i.MX_DMA_Init       dma.o
    0x08001e78   0x08001e78   0x000000b4   Code   RO          184    i.MX_GPIO_Init      gpio.o
    0x08001f2c   0x08001f2c   0x0000003c   Code   RO          234    i.MX_I2S2_Init      i2s.o
    0x08001f68   0x08001f68   0x00000054   Code   RO          392    i.MX_USB_DEVICE_Init  usb_device.o
    0x08001fbc   0x08001fbc   0x00000002   Code   RO          278    i.MemManage_Handler  stm32f1xx_it.o
    0x08001fbe   0x08001fbe   0x00000002   Code   RO          279    i.NMI_Handler       stm32f1xx_it.o
    0x08001fc0   0x08001fc0   0x000003ac   Code   RO          862    i.PCD_EP_ISR_Handler  stm32f1xx_hal_pcd.o
    0x0800236c   0x0800236c   0x00000002   Code   RO          280    i.PendSV_Handler    stm32f1xx_it.o
    0x0800236e   0x0800236e   0x00000002   Code   RO          281    i.SVC_Handler       stm32f1xx_it.o
    0x08002370   0x08002370   0x00000004   Code   RO          282    i.SysTick_Handler   stm32f1xx_it.o
    0x08002374   0x08002374   0x0000007a   Code   RO           15    i.SystemClock_Config  main.o
    0x080023ee   0x080023ee   0x00000002   Code   RO         2479    i.SystemInit        system_stm32f1xx.o
    0x080023f0   0x080023f0   0x00000046   Code   RO         2779    i.USBD_CDC_DataIn   usbd_cdc.o
    0x08002436   0x08002436   0x0000002e   Code   RO         2780    i.USBD_CDC_DataOut  usbd_cdc.o
    0x08002464   0x08002464   0x00000044   Code   RO         2781    i.USBD_CDC_DeInit   usbd_cdc.o
    0x080024a8   0x080024a8   0x00000024   Code   RO         2782    i.USBD_CDC_EP0_RxReady  usbd_cdc.o
    0x080024cc   0x080024cc   0x0000000c   Code   RO         2783    i.USBD_CDC_GetDeviceQualifierDescriptor  usbd_cdc.o
    0x080024d8   0x080024d8   0x0000000c   Code   RO         2784    i.USBD_CDC_GetFSCfgDesc  usbd_cdc.o
    0x080024e4   0x080024e4   0x0000000c   Code   RO         2785    i.USBD_CDC_GetHSCfgDesc  usbd_cdc.o
    0x080024f0   0x080024f0   0x0000000c   Code   RO         2786    i.USBD_CDC_GetOtherSpeedCfgDesc  usbd_cdc.o
    0x080024fc   0x080024fc   0x00000094   Code   RO         2787    i.USBD_CDC_Init     usbd_cdc.o
    0x08002590   0x08002590   0x00000028   Code   RO         2788    i.USBD_CDC_ReceivePacket  usbd_cdc.o
    0x080025b8   0x080025b8   0x00000010   Code   RO         2789    i.USBD_CDC_RegisterInterface  usbd_cdc.o
    0x080025c8   0x080025c8   0x0000000c   Code   RO         2790    i.USBD_CDC_SetRxBuffer  usbd_cdc.o
    0x080025d4   0x080025d4   0x00000010   Code   RO         2791    i.USBD_CDC_SetTxBuffer  usbd_cdc.o
    0x080025e4   0x080025e4   0x000000ac   Code   RO         2792    i.USBD_CDC_Setup    usbd_cdc.o
    0x08002690   0x08002690   0x00000036   Code   RO         2793    i.USBD_CDC_TransmitPacket  usbd_cdc.o
    0x080026c6   0x080026c6   0x0000000e   Code   RO         2516    i.USBD_ClrClassConfig  usbd_core.o
    0x080026d4   0x080026d4   0x00000010   Code   RO         2719    i.USBD_CtlContinueRx  usbd_ioreq.o
    0x080026e4   0x080026e4   0x00000010   Code   RO         2720    i.USBD_CtlContinueSendData  usbd_ioreq.o
    0x080026f4   0x080026f4   0x00000016   Code   RO         2654    i.USBD_CtlError     usbd_ctlreq.o
    0x0800270a   0x0800270a   0x0000001e   Code   RO         2721    i.USBD_CtlPrepareRx  usbd_ioreq.o
    0x08002728   0x08002728   0x00000016   Code   RO         2722    i.USBD_CtlReceiveStatus  usbd_ioreq.o
    0x0800273e   0x0800273e   0x0000001a   Code   RO         2723    i.USBD_CtlSendData  usbd_ioreq.o
    0x08002758   0x08002758   0x00000016   Code   RO         2724    i.USBD_CtlSendStatus  usbd_ioreq.o
    0x0800276e   0x0800276e   0x00000002   PAD
    0x08002770   0x08002770   0x00000020   Code   RO          441    i.USBD_FS_ConfigStrDescriptor  usbd_desc.o
    0x08002790   0x08002790   0x0000000c   Code   RO          442    i.USBD_FS_DeviceDescriptor  usbd_desc.o
    0x0800279c   0x0800279c   0x00000024   Code   RO          443    i.USBD_FS_InterfaceStrDescriptor  usbd_desc.o
    0x080027c0   0x080027c0   0x0000000c   Code   RO          444    i.USBD_FS_LangIDStrDescriptor  usbd_desc.o
    0x080027cc   0x080027cc   0x00000028   Code   RO          445    i.USBD_FS_ManufacturerStrDescriptor  usbd_desc.o
    0x080027f4   0x080027f4   0x0000002c   Code   RO          446    i.USBD_FS_ProductStrDescriptor  usbd_desc.o
    0x08002820   0x08002820   0x00000038   Code   RO          447    i.USBD_FS_SerialStrDescriptor  usbd_desc.o
    0x08002858   0x08002858   0x000000e8   Code   RO         2655    i.USBD_GetDescriptor  usbd_ctlreq.o
    0x08002940   0x08002940   0x00000048   Code   RO         2656    i.USBD_GetString    usbd_ctlreq.o
    0x08002988   0x08002988   0x00000018   Code   RO          592    i.USBD_Get_USB_Status  usbd_conf.o
    0x080029a0   0x080029a0   0x0000002a   Code   RO         2518    i.USBD_Init         usbd_core.o
    0x080029ca   0x080029ca   0x00000012   Code   RO          593    i.USBD_LL_ClearStallEP  usbd_conf.o
    0x080029dc   0x080029dc   0x00000012   Code   RO          594    i.USBD_LL_CloseEP   usbd_conf.o
    0x080029ee   0x080029ee   0x000000c6   Code   RO         2519    i.USBD_LL_DataInStage  usbd_core.o
    0x08002ab4   0x08002ab4   0x00000082   Code   RO         2520    i.USBD_LL_DataOutStage  usbd_core.o
    0x08002b36   0x08002b36   0x00000008   Code   RO          598    i.USBD_LL_GetRxDataSize  usbd_conf.o
    0x08002b3e   0x08002b3e   0x00000002   PAD
    0x08002b40   0x08002b40   0x00000080   Code   RO          599    i.USBD_LL_Init      usbd_conf.o
    0x08002bc0   0x08002bc0   0x00000020   Code   RO          600    i.USBD_LL_IsStallEP  usbd_conf.o
    0x08002be0   0x08002be0   0x00000018   Code   RO          601    i.USBD_LL_OpenEP    usbd_conf.o
    0x08002bf8   0x08002bf8   0x00000012   Code   RO          602    i.USBD_LL_PrepareReceive  usbd_conf.o
    0x08002c0a   0x08002c0a   0x00000050   Code   RO         2525    i.USBD_LL_Reset     usbd_core.o
    0x08002c5a   0x08002c5a   0x00000014   Code   RO         2526    i.USBD_LL_Resume    usbd_core.o
    0x08002c6e   0x08002c6e   0x00000018   Code   RO         2527    i.USBD_LL_SOF       usbd_core.o
    0x08002c86   0x08002c86   0x00000006   Code   RO         2528    i.USBD_LL_SetSpeed  usbd_core.o
    0x08002c8c   0x08002c8c   0x00000012   Code   RO          603    i.USBD_LL_SetUSBAddress  usbd_conf.o
    0x08002c9e   0x08002c9e   0x0000005a   Code   RO         2529    i.USBD_LL_SetupStage  usbd_core.o
    0x08002cf8   0x08002cf8   0x00000012   Code   RO          604    i.USBD_LL_StallEP   usbd_conf.o
    0x08002d0a   0x08002d0a   0x00000012   Code   RO          605    i.USBD_LL_Start     usbd_conf.o
    0x08002d1c   0x08002d1c   0x00000012   Code   RO         2530    i.USBD_LL_Suspend   usbd_core.o
    0x08002d2e   0x08002d2e   0x00000012   Code   RO          607    i.USBD_LL_Transmit  usbd_conf.o
    0x08002d40   0x08002d40   0x00000028   Code   RO         2657    i.USBD_ParseSetupRequest  usbd_ctlreq.o
    0x08002d68   0x08002d68   0x00000010   Code   RO         2531    i.USBD_RegisterClass  usbd_core.o
    0x08002d78   0x08002d78   0x00000016   Code   RO         2533    i.USBD_SetClassConfig  usbd_core.o
    0x08002d8e   0x08002d8e   0x00000002   PAD
    0x08002d90   0x08002d90   0x00000084   Code   RO         2658    i.USBD_SetConfig    usbd_ctlreq.o
    0x08002e14   0x08002e14   0x0000000a   Code   RO         2534    i.USBD_Start        usbd_core.o
    0x08002e1e   0x08002e1e   0x00000112   Code   RO         2659    i.USBD_StdDevReq    usbd_ctlreq.o
    0x08002f30   0x08002f30   0x00000150   Code   RO         2660    i.USBD_StdEPReq     usbd_ctlreq.o
    0x08003080   0x08003080   0x0000004e   Code   RO         2661    i.USBD_StdItfReq    usbd_ctlreq.o
    0x080030ce   0x080030ce   0x00000002   Code   RO          608    i.USBD_static_free  usbd_conf.o
    0x080030d0   0x080030d0   0x00000008   Code   RO          609    i.USBD_static_malloc  usbd_conf.o
    0x080030d8   0x080030d8   0x0000029c   Code   RO         1105    i.USB_ActivateEndpoint  stm32f1xx_ll_usb.o
    0x08003374   0x08003374   0x00000004   Code   RO         1108    i.USB_CoreInit      stm32f1xx_ll_usb.o
    0x08003378   0x08003378   0x0000010e   Code   RO         1110    i.USB_DeactivateEndpoint  stm32f1xx_ll_usb.o
    0x08003486   0x08003486   0x00000004   Code   RO         1111    i.USB_DevConnect    stm32f1xx_ll_usb.o
    0x0800348a   0x0800348a   0x00000004   Code   RO         1112    i.USB_DevDisconnect  stm32f1xx_ll_usb.o
    0x0800348e   0x0800348e   0x00000012   Code   RO         1113    i.USB_DevInit       stm32f1xx_ll_usb.o
    0x080034a0   0x080034a0   0x0000000e   Code   RO         1114    i.USB_DisableGlobalInt  stm32f1xx_ll_usb.o
    0x080034ae   0x080034ae   0x00000004   Code   RO         1115    i.USB_EP0_OutStart  stm32f1xx_ll_usb.o
    0x080034b2   0x080034b2   0x00000078   Code   RO         1116    i.USB_EPClearStall  stm32f1xx_ll_usb.o
    0x0800352a   0x0800352a   0x00000032   Code   RO         1117    i.USB_EPSetStall    stm32f1xx_ll_usb.o
    0x0800355c   0x0800355c   0x000004e2   Code   RO         1118    i.USB_EPStartXfer   stm32f1xx_ll_usb.o
    0x08003a3e   0x08003a3e   0x00000012   Code   RO         1120    i.USB_EnableGlobalInt  stm32f1xx_ll_usb.o
    0x08003a50   0x08003a50   0x0000000c   Code   RO          283    i.USB_HP_CAN1_TX_IRQHandler  stm32f1xx_it.o
    0x08003a5c   0x08003a5c   0x0000000c   Code   RO          284    i.USB_LP_CAN1_RX0_IRQHandler  stm32f1xx_it.o
    0x08003a68   0x08003a68   0x00000006   Code   RO         1127    i.USB_ReadInterrupts  stm32f1xx_ll_usb.o
    0x08003a6e   0x08003a6e   0x00000002   PAD
    0x08003a70   0x08003a70   0x0000002c   Code   RO         1128    i.USB_ReadPMA       stm32f1xx_ll_usb.o
    0x08003a9c   0x08003a9c   0x00000004   Code   RO         1129    i.USB_SetCurrentMode  stm32f1xx_ll_usb.o
    0x08003aa0   0x08003aa0   0x0000000c   Code   RO         1130    i.USB_SetDevAddress  stm32f1xx_ll_usb.o
    0x08003aac   0x08003aac   0x00000026   Code   RO         1132    i.USB_WritePMA      stm32f1xx_ll_usb.o
    0x08003ad2   0x08003ad2   0x00000002   Code   RO          285    i.UsageFault_Handler  stm32f1xx_it.o
    0x08003ad4   0x08003ad4   0x00000020   Code   RO         1781    i.__NVIC_SetPriority  stm32f1xx_hal_cortex.o
    0x08003af4   0x08003af4   0x00000058   Code   RO           17    i.main              main.o
    0x08003b4c   0x08003b4c   0x00000012   Data   RO         1479    .constdata          stm32f1xx_hal_rcc.o
    0x08003b5e   0x08003b5e   0x00000012   Data   RO         1571    .constdata          stm32f1xx_hal_rcc_ex.o
    0x08003b70   0x08003b70   0x00000010   Data   RO         2480    .constdata          system_stm32f1xx.o
    0x08003b80   0x08003b80   0x00000008   Data   RO         2481    .constdata          system_stm32f1xx.o
    0x08003b88   0x08003b88   0x00000020   Data   RO         3047    Region$$Table       anon$$obj.o


    Execution Region RW_IRAM1 (Exec base: 0x20000000, Load base: 0x08003ba8, Size: 0x00001c58, Max: 0x00010000, ABSOLUTE, COMPRESSED[0x000000c0])

    Exec Addr    Load Addr    Size         Type   Attr      Idx    E Section Name        Object

    0x20000000   COMPRESSED   0x00000010   Data   RW           19    .data               main.o
    0x20000010   COMPRESSED   0x0000001c   Data   RW          449    .data               usbd_desc.o
    0x2000002c   COMPRESSED   0x00000032   Data   RW          450    .data               usbd_desc.o
    0x2000005e   COMPRESSED   0x00000002   PAD
    0x20000060   COMPRESSED   0x00000010   Data   RW          532    .data               usbd_cdc_if.o
    0x20000070   COMPRESSED   0x0000000c   Data   RW         1316    .data               stm32f1xx_hal.o
    0x2000007c   COMPRESSED   0x00000004   Data   RW         2482    .data               system_stm32f1xx.o
    0x20000080   COMPRESSED   0x00000001   Data   RW         2662    .data               usbd_ctlreq.o
    0x20000081   COMPRESSED   0x00000003   PAD
    0x20000084   COMPRESSED   0x000000d7   Data   RW         2794    .data               usbd_cdc.o
    0x2000015b   COMPRESSED   0x00000001   PAD
    0x2000015c   COMPRESSED   0x00000038   Data   RW         2795    .data               usbd_cdc.o
    0x20000194        -       0x00000010   Zero   RW           18    .bss                main.o
    0x200001a4        -       0x00000080   Zero   RW          235    .bss                i2s.o
    0x20000224        -       0x000002c4   Zero   RW          393    .bss                usb_device.o
    0x200004e8        -       0x00000200   Zero   RW          448    .bss                usbd_desc.o
    0x200006e8        -       0x00000800   Zero   RW          531    .bss                usbd_cdc_if.o
    0x20000ee8        -       0x00000510   Zero   RW          610    .bss                usbd_conf.o
    0x200013f8        -       0x00000060   Zero   RW         2921    .bss                c_w.l(libspace.o)
    0x20001458        -       0x00000400   Zero   RW            2    HEAP                startup_stm32f103xe.o
    0x20001858        -       0x00000400   Zero   RW            1    STACK               startup_stm32f103xe.o


==============================================================================

Image component sizes


      Code (inc. data)   RO Data    RW Data    ZI Data      Debug   Object Name

        44          4          0          0          0        770   dma.o
       180         16          0          0          0        983   gpio.o
       228         32          0          0        128       1770   i2s.o
       302         30          0         16         16     471583   main.o
        64         26        304          0       2048        816   startup_stm32f103xe.o
       164         28          0         12          0       6561   stm32f1xx_hal.o
       198         14          0          0          0      28983   stm32f1xx_hal_cortex.o
       862         44          0          0          0       3695   stm32f1xx_hal_dma.o
       524         42          0          0          0       3551   stm32f1xx_hal_gpio.o
       550         24          0          0          0       5178   stm32f1xx_hal_i2s.o
        60          8          0          0          0        882   stm32f1xx_hal_msp.o
      3094          0          0          0          0      14393   stm32f1xx_hal_pcd.o
        60          0          0          0          0       1186   stm32f1xx_hal_pcd_ex.o
      1208         72         18          0          0       4581   stm32f1xx_hal_rcc.o
       420         30         18          0          0       2537   stm32f1xx_hal_rcc_ex.o
        56         18          0          0          0       5294   stm32f1xx_it.o
      2528          0          0          0          0      16227   stm32f1xx_ll_usb.o
         2          0         24          4          0       1131   system_stm32f1xx.o
        84         18          0          0        708       2559   usb_device.o
       726         16          0        271          0      13154   usbd_cdc.o
       136         24          0         16       2048       3376   usbd_cdc_if.o
       572         30          0          0       1296      14353   usbd_conf.o
       670          0          0          0          0       9543   usbd_core.o
      1186         28          0          1          0       7976   usbd_ctlreq.o
       288        104          0         78        512       5985   usbd_desc.o
       132          0          0          0          0       4364   usbd_ioreq.o

    ----------------------------------------------------------------------
     14358        608        396        404       6756     631431   Object Totals
         0          0         32          0          0          0   (incl. Generated)
        20          0          0          6          0          0   (incl. Padding)

    ----------------------------------------------------------------------

      Code (inc. data)   RO Data    RW Data    ZI Data      Debug   Library Member Name

        90          0          0          0          0          0   __dczerorl2.o
         8          0          0          0          0         68   __main.o
         0          0          0          0          0          0   __rtentry.o
        12          0          0          0          0          0   __rtentry2.o
         6          0          0          0          0          0   __rtentry4.o
        52          8          0          0          0          0   __scatter.o
        28          0          0          0          0          0   __scatter_zi.o
        18          0          0          0          0         80   exit.o
         6          0          0          0          0        152   heapauxi.o
         0          0          0          0          0          0   indicate_semi.o
         2          0          0          0          0          0   libinit.o
         2          0          0          0          0          0   libinit2.o
         2          0          0          0          0          0   libshutdown.o
         2          0          0          0          0          0   libshutdown2.o
         8          4          0          0         96         68   libspace.o
        78          0          0          0          0         80   rt_memclr_w.o
       100          0          0          0          0         80   rt_memcpy_w.o
         2          0          0          0          0          0   rtexit.o
        10          0          0          0          0          0   rtexit2.o
        12          4          0          0          0         68   sys_exit.o
        74          0          0          0          0         80   sys_stackheap_outer.o
         2          0          0          0          0         68   use_no_semi.o

    ----------------------------------------------------------------------
       518         16          0          0         96        744   Library Totals
         4          0          0          0          0          0   (incl. Padding)

    ----------------------------------------------------------------------

      Code (inc. data)   RO Data    RW Data    ZI Data      Debug   Library Name

       514         16          0          0         96        744   c_w.l

    ----------------------------------------------------------------------
       518         16          0          0         96        744   Library Totals

    ----------------------------------------------------------------------

==============================================================================


      Code (inc. data)   RO Data    RW Data    ZI Data      Debug   

     14876        624        396        404       6852     623747   Grand Totals
     14876        624        396        192       6852     623747   ELF Image Totals (compressed)
     14876        624        396        192          0          0   ROM Totals

==============================================================================

    Total RO  Size (Code + RO Data)                15272 (  14.91kB)
    Total RW  Size (RW Data + ZI Data)              7256 (   7.09kB)
    Total ROM Size (Code + RO Data + RW Data)      15464 (  15.10kB)

==============================================================================

