Component: ARM Compiler 5.06 update 5 (build 528) Tool: armlink [4d35e2]

==============================================================================

Section Cross References

    startup_stm32f407xx.o(STACK) refers (Special) to heapauxi.o(.text) for __use_two_region_memory
    startup_stm32f407xx.o(HEAP) refers (Special) to heapauxi.o(.text) for __use_two_region_memory
    startup_stm32f407xx.o(RESET) refers (Special) to heapauxi.o(.text) for __use_two_region_memory
    startup_stm32f407xx.o(RESET) refers to startup_stm32f407xx.o(STACK) for __initial_sp
    startup_stm32f407xx.o(RESET) refers to startup_stm32f407xx.o(.text) for Reset_Handler
    startup_stm32f407xx.o(RESET) refers to stm32f4xx_it.o(i.NMI_Handler) for NMI_Handler
    startup_stm32f407xx.o(RESET) refers to stm32f4xx_it.o(i.HardFault_Handler) for HardFault_Handler
    startup_stm32f407xx.o(RESET) refers to stm32f4xx_it.o(i.MemManage_Handler) for MemManage_Handler
    startup_stm32f407xx.o(RESET) refers to stm32f4xx_it.o(i.BusFault_Handler) for BusFault_Handler
    startup_stm32f407xx.o(RESET) refers to stm32f4xx_it.o(i.UsageFault_Handler) for UsageFault_Handler
    startup_stm32f407xx.o(RESET) refers to stm32f4xx_it.o(i.SVC_Handler) for SVC_Handler
    startup_stm32f407xx.o(RESET) refers to stm32f4xx_it.o(i.DebugMon_Handler) for DebugMon_Handler
    startup_stm32f407xx.o(RESET) refers to stm32f4xx_it.o(i.PendSV_Handler) for PendSV_Handler
    startup_stm32f407xx.o(RESET) refers to stm32f4xx_it.o(i.SysTick_Handler) for SysTick_Handler
    startup_stm32f407xx.o(RESET) refers to stm32f4xx_it.o(i.OTG_FS_IRQHandler) for OTG_FS_IRQHandler
    startup_stm32f407xx.o(.text) refers (Special) to heapauxi.o(.text) for __use_two_region_memory
    startup_stm32f407xx.o(.text) refers to system_stm32f4xx.o(i.SystemInit) for SystemInit
    startup_stm32f407xx.o(.text) refers to __main.o(!!!main) for __main
    startup_stm32f407xx.o(.text) refers to startup_stm32f407xx.o(HEAP) for Heap_Mem
    startup_stm32f407xx.o(.text) refers to startup_stm32f407xx.o(STACK) for Stack_Mem
    main.o(i.SystemClock_Config) refers to rt_memclr_w.o(.text) for __aeabi_memclr4
    main.o(i.SystemClock_Config) refers to stm32f4xx_hal_rcc.o(i.HAL_RCC_OscConfig) for HAL_RCC_OscConfig
    main.o(i.SystemClock_Config) refers to stm32f4xx_hal_rcc.o(i.HAL_RCC_ClockConfig) for HAL_RCC_ClockConfig
    main.o(i.main) refers to stm32f4xx_hal.o(i.HAL_Init) for HAL_Init
    main.o(i.main) refers to datapackdecode.o(i.dataPackInit) for dataPackInit
    main.o(i.main) refers to dataqueue.o(i.pcDataQueueInit) for pcDataQueueInit
    main.o(i.main) refers to main.o(i.SystemClock_Config) for SystemClock_Config
    main.o(i.main) refers to gpio.o(i.MX_GPIO_Init) for MX_GPIO_Init
    main.o(i.main) refers to usb_device.o(i.MX_USB_DEVICE_Init) for MX_USB_DEVICE_Init
    main.o(i.main) refers to spi.o(i.MX_SPI1_Init) for MX_SPI1_Init
    main.o(i.main) refers to atk_mo1053.o(i.atk_mo1053_init) for atk_mo1053_init
    main.o(i.main) refers to atk_mo1053.o(i.atk_mo1053_reset) for atk_mo1053_reset
    main.o(i.main) refers to recorder.o(i.recoder_enter_rec_mode) for recoder_enter_rec_mode
    main.o(i.main) refers to delay.o(i.delay_ms) for delay_ms
    main.o(i.main) refers to atk_mo1053.o(i.atk_mo1053_read_reg) for atk_mo1053_read_reg
    main.o(i.main) refers to usbd_cdc_if.o(i.CDC_Transmit_FS) for CDC_Transmit_FS
    main.o(i.main) refers to dataqueue.o(i.pcDataQueueIsEmpty) for pcDataQueueIsEmpty
    main.o(i.main) refers to dataqueue.o(i.pcDataQueuePop) for pcDataQueuePop
    main.o(i.main) refers to datapackdecode.o(i.checkDataHead) for checkDataHead
    main.o(i.main) refers to datapackdecode.o(i.checkSpiCtrl) for checkSpiCtrl
    main.o(i.main) refers to datapackdecode.o(.bss) for pcDataPack
    main.o(i.main) refers to main.o(.bss) for .bss
    gpio.o(i.MX_GPIO_Init) refers to rt_memclr_w.o(.text) for __aeabi_memclr4
    gpio.o(i.MX_GPIO_Init) refers to stm32f4xx_hal_gpio.o(i.HAL_GPIO_WritePin) for HAL_GPIO_WritePin
    gpio.o(i.MX_GPIO_Init) refers to stm32f4xx_hal_gpio.o(i.HAL_GPIO_Init) for HAL_GPIO_Init
    spi.o(i.HAL_SPI_MspDeInit) refers to stm32f4xx_hal_gpio.o(i.HAL_GPIO_DeInit) for HAL_GPIO_DeInit
    spi.o(i.HAL_SPI_MspInit) refers to rt_memclr_w.o(.text) for __aeabi_memclr4
    spi.o(i.HAL_SPI_MspInit) refers to stm32f4xx_hal_gpio.o(i.HAL_GPIO_Init) for HAL_GPIO_Init
    spi.o(i.MX_SPI1_Init) refers to stm32f4xx_hal_spi.o(i.HAL_SPI_Init) for HAL_SPI_Init
    spi.o(i.MX_SPI1_Init) refers to main.o(i.Error_Handler) for Error_Handler
    spi.o(i.MX_SPI1_Init) refers to spi.o(.bss) for .bss
    spi.o(i.spi1_set_speed) refers to spi.o(.bss) for .bss
    stm32f4xx_it.o(i.OTG_FS_IRQHandler) refers to stm32f4xx_hal_pcd.o(i.HAL_PCD_IRQHandler) for HAL_PCD_IRQHandler
    stm32f4xx_it.o(i.OTG_FS_IRQHandler) refers to usbd_conf.o(.bss) for hpcd_USB_OTG_FS
    stm32f4xx_it.o(i.SysTick_Handler) refers to stm32f4xx_hal.o(i.HAL_IncTick) for HAL_IncTick
[...]
    USBD_GetDescriptor                       0x080026cd   Thumb Code   230  usbd_ctlreq.o(i.USBD_GetDescriptor)
    i.USBD_GetEpDesc                         0x080027b2   Section        0  usbd_core.o(i.USBD_GetEpDesc)
    i.USBD_GetNextDesc                       0x080027ec   Section        0  usbd_core.o(i.USBD_GetNextDesc)
    i.USBD_GetString                         0x080027fa   Section        0  usbd_ctlreq.o(i.USBD_GetString)
    i.USBD_Get_USB_Status                    0x08002842   Section        0  usbd_conf.o(i.USBD_Get_USB_Status)
    i.USBD_Init                              0x0800285a   Section        0  usbd_core.o(i.USBD_Init)
    i.USBD_LL_ClearStallEP                   0x08002880   Section        0  usbd_conf.o(i.USBD_LL_ClearStallEP)
    i.USBD_LL_CloseEP                        0x08002892   Section        0  usbd_conf.o(i.USBD_LL_CloseEP)
    i.USBD_LL_DataInStage                    0x080028a4   Section        0  usbd_core.o(i.USBD_LL_DataInStage)
    i.USBD_LL_DataOutStage                   0x0800295a   Section        0  usbd_core.o(i.USBD_LL_DataOutStage)
    i.USBD_LL_DevConnected                   0x080029e8   Section        0  usbd_core.o(i.USBD_LL_DevConnected)
    i.USBD_LL_DevDisconnected                0x080029ec   Section        0  usbd_core.o(i.USBD_LL_DevDisconnected)
    i.USBD_LL_GetRxDataSize                  0x08002a0a   Section        0  usbd_conf.o(i.USBD_LL_GetRxDataSize)
    i.USBD_LL_Init                           0x08002a14   Section        0  usbd_conf.o(i.USBD_LL_Init)
    i.USBD_LL_IsStallEP                      0x08002a74   Section        0  usbd_conf.o(i.USBD_LL_IsStallEP)
    i.USBD_LL_IsoINIncomplete                0x08002a94   Section        0  usbd_core.o(i.USBD_LL_IsoINIncomplete)
    i.USBD_LL_IsoOUTIncomplete               0x08002abc   Section        0  usbd_core.o(i.USBD_LL_IsoOUTIncomplete)
    i.USBD_LL_OpenEP                         0x08002ae4   Section        0  usbd_conf.o(i.USBD_LL_OpenEP)
    i.USBD_LL_PrepareReceive                 0x08002afc   Section        0  usbd_conf.o(i.USBD_LL_PrepareReceive)
    i.USBD_LL_Reset                          0x08002b0e   Section        0  usbd_core.o(i.USBD_LL_Reset)
    i.USBD_LL_Resume                         0x08002b6a   Section        0  usbd_core.o(i.USBD_LL_Resume)
    i.USBD_LL_SOF                            0x08002b7e   Section        0  usbd_core.o(i.USBD_LL_SOF)
    i.USBD_LL_SetSpeed                       0x08002b98   Section        0  usbd_core.o(i.USBD_LL_SetSpeed)
    i.USBD_LL_SetUSBAddress                  0x08002b9e   Section        0  usbd_conf.o(i.USBD_LL_SetUSBAddress)
    i.USBD_LL_SetupStage                     0x08002bb0   Section        0  usbd_core.o(i.USBD_LL_SetupStage)
    i.USBD_LL_StallEP                        0x08002c10   Section        0  usbd_conf.o(i.USBD_LL_StallEP)
    i.USBD_LL_Start                          0x08002c22   Section        0  usbd_conf.o(i.USBD_LL_Start)
    i.USBD_LL_Suspend                        0x08002c34   Section        0  usbd_core.o(i.USBD_LL_Suspend)
    i.USBD_LL_Transmit                       0x08002c46   Section        0  usbd_conf.o(i.USBD_LL_Transmit)
    i.USBD_ParseSetupRequest                 0x08002c58   Section        0  usbd_ctlreq.o(i.USBD_ParseSetupRequest)
    i.USBD_RegisterClass                     0x08002c84   Section        0  usbd_core.o(i.USBD_RegisterClass)
    i.USBD_SetClassConfig                    0x08002cbe   Section        0  usbd_core.o(i.USBD_SetClassConfig)
    i.USBD_SetConfig                         0x08002cd4   Section        0  usbd_ctlreq.o(i.USBD_SetConfig)
    USBD_SetConfig                           0x08002cd5   Thumb Code   180  usbd_ctlreq.o(i.USBD_SetConfig)
    i.USBD_Start                             0x08002d8c   Section        0  usbd_core.o(i.USBD_Start)
    i.USBD_StdDevReq                         0x08002d90   Section        0  usbd_ctlreq.o(i.USBD_StdDevReq)
    i.USBD_StdEPReq                          0x08002ebc   Section        0  usbd_ctlreq.o(i.USBD_StdEPReq)
    i.USBD_StdItfReq                         0x0800301c   Section        0  usbd_ctlreq.o(i.USBD_StdItfReq)
    i.USBD_static_free                       0x0800308e   Section        0  usbd_conf.o(i.USBD_static_free)
    i.USBD_static_malloc                     0x08003090   Section        0  usbd_conf.o(i.USBD_static_malloc)
    i.USB_ActivateEndpoint                   0x08003098   Section        0  stm32f4xx_ll_usb.o(i.USB_ActivateEndpoint)
    i.USB_ActivateSetup                      0x08003118   Section        0  stm32f4xx_ll_usb.o(i.USB_ActivateSetup)
    i.USB_CoreInit                           0x08003134   Section        0  stm32f4xx_ll_usb.o(i.USB_CoreInit)
    i.USB_CoreReset                          0x080031a8   Section        0  stm32f4xx_ll_usb.o(i.USB_CoreReset)
    USB_CoreReset                            0x080031a9   Thumb Code    58  stm32f4xx_ll_usb.o(i.USB_CoreReset)
    i.USB_DeactivateEndpoint                 0x080031e8   Section        0  stm32f4xx_ll_usb.o(i.USB_DeactivateEndpoint)
    i.USB_DevConnect                         0x080032b4   Section        0  stm32f4xx_ll_usb.o(i.USB_DevConnect)
    i.USB_DevDisconnect                      0x080032d0   Section        0  stm32f4xx_ll_usb.o(i.USB_DevDisconnect)
    i.USB_DevInit                            0x080032ec   Section        0  stm32f4xx_ll_usb.o(i.USB_DevInit)
    i.USB_DisableGlobalInt                   0x08003460   Section        0  stm32f4xx_ll_usb.o(i.USB_DisableGlobalInt)
    i.USB_EP0StartXfer                       0x0800346c   Section        0  stm32f4xx_ll_usb.o(i.USB_EP0StartXfer)
    i.USB_EP0_OutStart                       0x08003588   Section        0  stm32f4xx_ll_usb.o(i.USB_EP0_OutStart)
    i.USB_EPClearStall                       0x080035e0   Section        0  stm32f4xx_ll_usb.o(i.USB_EPClearStall)
    i.USB_EPSetStall                         0x08003638   Section        0  stm32f4xx_ll_usb.o(i.USB_EPSetStall)
    i.USB_EPStartXfer                        0x08003690   Section        0  stm32f4xx_ll_usb.o(i.USB_EPStartXfer)
    i.USB_EPStopXfer                         0x08003874   Section        0  stm32f4xx_ll_usb.o(i.USB_EPStopXfer)
    i.USB_EnableGlobalInt                    0x08003912   Section        0  stm32f4xx_ll_usb.o(i.USB_EnableGlobalInt)
    i.USB_FlushRxFifo                        0x08003920   Section        0  stm32f4xx_ll_usb.o(i.USB_FlushRxFifo)
    i.USB_FlushTxFifo                        0x0800395c   Section        0  stm32f4xx_ll_usb.o(i.USB_FlushTxFifo)
    i.USB_GetDevSpeed                        0x0800399c   Section        0  stm32f4xx_ll_usb.o(i.USB_GetDevSpeed)
    i.USB_GetMode                            0x080039b6   Section        0  stm32f4xx_ll_usb.o(i.USB_GetMode)
    i.USB_ReadDevAllInEpInterrupt            0x080039be   Section        0  stm32f4xx_ll_usb.o(i.USB_ReadDevAllInEpInterrupt)
    i.USB_ReadDevAllOutEpInterrupt           0x080039cc   Section        0  stm32f4xx_ll_usb.o(i.USB_ReadDevAllOutEpInterrupt)
    i.USB_ReadDevInEPInterrupt               0x080039da   Section        0  stm32f4xx_ll_usb.o(i.USB_ReadDevInEPInterrupt)
    i.USB_ReadDevOutEPInterrupt              0x080039fe   Section        0  stm32f4xx_ll_usb.o(i.USB_ReadDevOutEPInterrupt)
    i.USB_ReadInterrupts                     0x08003a0e   Section        0  stm32f4xx_ll_usb.o(i.USB_ReadInterrupts)
    i.USB_ReadPacket                         0x08003a16   Section        0  stm32f4xx_ll_usb.o(i.USB_ReadPacket)
    i.USB_SetCurrentMode                     0x08003a54   Section        0  stm32f4xx_ll_usb.o(i.USB_SetCurrentMode)
    i.USB_SetDevAddress                      0x08003ab0   Section        0  stm32f4xx_ll_usb.o(i.USB_SetDevAddress)
    i.USB_SetTurnaroundTime                  0x08003ad4   Section        0  stm32f4xx_ll_usb.o(i.USB_SetTurnaroundTime)
    i.USB_WritePacket                        0x08003bbc   Section        0  stm32f4xx_ll_usb.o(i.USB_WritePacket)
    i.UsageFault_Handler                     0x08003be4   Section        0  stm32f4xx_it.o(i.UsageFault_Handler)
    i.VS_Load_Patch                          0x08003be8   Section        0  recorder.o(i.VS_Load_Patch)
    i.__NVIC_SetPriority                     0x08003c44   Section        0  stm32f4xx_hal_cortex.o(i.__NVIC_SetPriority)
    __NVIC_SetPriority                       0x08003c45   Thumb Code    32  stm32f4xx_hal_cortex.o(i.__NVIC_SetPriority)
    i.atk_mo1053_init                        0x08003c64   Section        0  atk_mo1053.o(i.atk_mo1053_init)
    i.atk_mo1053_read_reg                    0x08003cb0   Section        0  atk_mo1053.o(i.atk_mo1053_read_reg)
    i.atk_mo1053_reset                       0x08003d20   Section        0  atk_mo1053.o(i.atk_mo1053_reset)
    i.atk_mo1053_spi_read_write_byte         0x08003d90   Section        0  atk_mo1053.o(i.atk_mo1053_spi_read_write_byte)
    i.atk_mo1053_write_cmd                   0x08003d94   Section        0  atk_mo1053.o(i.atk_mo1053_write_cmd)
    i.checkDataHead                          0x08003dfc   Section        0  datapackdecode.o(i.checkDataHead)
    i.checkSpiCtrl                           0x08003e38   Section        0  datapackdecode.o(i.checkSpiCtrl)
    i.dataPackInit                           0x08003e56   Section        0  datapackdecode.o(i.dataPackInit)
    i.dataQueueInit                          0x08003e7a   Section        0  dataqueue.o(i.dataQueueInit)
    i.dataQueuePop                           0x08003e8a   Section        0  dataqueue.o(i.dataQueuePop)
    i.dataQueuePush                          0x08003ed0   Section        0  dataqueue.o(i.dataQueuePush)
    i.delay_ms                               0x08003f26   Section        0  delay.o(i.delay_ms)
    i.delay_us                               0x08003f2a   Section        0  delay.o(i.delay_us)
    i.main                                   0x08003f38   Section        0  main.o(i.main)
    i.pcDataQueueInit                        0x08003fd0   Section        0  dataqueue.o(i.pcDataQueueInit)
    i.pcDataQueueIsEmpty                     0x08003fdc   Section        0  dataqueue.o(i.pcDataQueueIsEmpty)
    i.pcDataQueuePop                         0x08003ff0   Section        0  dataqueue.o(i.pcDataQueuePop)
    i.pcDataQueuePush                        0x08004000   Section        0  dataqueue.o(i.pcDataQueuePush)
    i.recoder_enter_rec_mode                 0x08004010   Section        0  recorder.o(i.recoder_enter_rec_mode)
    i.spi1_read_write_byte                   0x08004068   Section        0  atk_mo1053.o(i.spi1_read_write_byte)
    i.spi1_set_speed                         0x08004088   Section        0  spi.o(i.spi1_set_speed)
    x$fpl$fpinit                             0x080040bc   Section       10  fpinit.o(x$fpl$fpinit)
    $v0                                      0x080040bc   Number         0  fpinit.o(x$fpl$fpinit)
    .constdata                               0x080040c6   Section       16  system_stm32f4xx.o(.constdata)
    .constdata                               0x080040d6   Section       80  recorder.o(.constdata)
    .data                                    0x20000000   Section        1  main.o(.data)
    .data                                    0x20000004   Section       28  usbd_desc.o(.data)
    .data                                    0x20000020   Section       50  usbd_desc.o(.data)
    .data                                    0x20000054   Section       20  usbd_cdc_if.o(.data)
    .data                                    0x20000068   Section       12  stm32f4xx_hal.o(.data)
    .data                                    0x20000074   Section        4  system_stm32f4xx.o(.data)
    .data                                    0x20000078   Section        1  usbd_ctlreq.o(.data)
    cfgidx                                   0x20000078   Data           1  usbd_ctlreq.o(.data)
    .data                                    0x2000007c   Section       83  usbd_cdc.o(.data)
    CDCInEpAdd                               0x2000007c   Data           1  usbd_cdc.o(.data)
    CDCOutEpAdd                              0x2000007d   Data           1  usbd_cdc.o(.data)
    CDCCmdEpAdd                              0x2000007e   Data           1  usbd_cdc.o(.data)
    USBD_CDC_DeviceQualifierDesc             0x20000080   Data          10  usbd_cdc.o(.data)
    USBD_CDC_CfgDesc                         0x2000008c   Data          67  usbd_cdc.o(.data)
    .data                                    0x200000d0   Section       56  usbd_cdc.o(.data)
    .data                                    0x20000108   Section        1  datapackdecode.o(.data)
    .bss                                     0x2000010c   Section      328  main.o(.bss)
    .bss                                     0x20000254   Section       88  spi.o(.bss)
    .bss                                     0x200002ac   Section      732  usb_device.o(.bss)
    .bss                                     0x20000588   Section      512  usbd_desc.o(.bss)
    .bss                                     0x20000788   Section     4096  usbd_cdc_if.o(.bss)
    .bss                                     0x20001788   Section     1836  usbd_conf.o(.bss)
    mem                                      0x20001788   Data         544  usbd_conf.o(.bss)
    .bss                                     0x20001eb4   Section     1293  dataqueue.o(.bss)
    .bss                                     0x200023c1   Section      138  datapackdecode.o(.bss)
    .bss                                     0x2000244c   Section       96  libspace.o(.bss)
    HEAP                                     0x200024b0   Section     1024  startup_stm32f407xx.o(HEAP)
    Heap_Mem                                 0x200024b0   Data        1024  startup_stm32f407xx.o(HEAP)
    STACK                                    0x200028b0   Section     8192  startup_stm32f407xx.o(STACK)
    Stack_Mem                                0x200028b0   Data        8192  startup_stm32f407xx.o(STACK)
    __initial_sp                             0x200048b0   Data           0  startup_stm32f407xx.o(STACK)

    Global Symbols

    Symbol Name                              Value     Ov Type        Size  Object(Section)

    BuildAttributes$$THM_ISAv4$E$P$D$K$B$S$7EM$VFPi3$EXTD16$VFPS$VFMA$PE$A:L22UL41UL21$X:L11$S22US41US21$IEEE1$IW$USESV6$~STKCKD$USESV7$~SHL$OSPACE$ROPI$EBA8$UX$STANDARDLIB$REQ8$PRES8$EABIv2 0x00000000   Number         0  anon$$obj.o ABSOLUTE
    __ARM_use_no_argv                        0x00000000   Number         0  main.o ABSOLUTE
    __ARM_exceptions_init                     - Undefined Weak Reference
    __alloca_initialize                       - Undefined Weak Reference
    __arm_preinit_                            - Undefined Weak Reference
    __cpp_initialize__aeabi_                  - Undefined Weak Reference
    __cxa_finalize                            - Undefined Weak Reference
    __rt_locale                               - Undefined Weak Reference
    __sigvec_lookup                           - Undefined Weak Reference
    _atexit_init                              - Undefined Weak Reference
    _call_atexit_fns                          - Undefined Weak Reference
    _clock_init                               - Undefined Weak Reference
    _fp_trap_init                             - Undefined Weak Reference
    _fp_trap_shutdown                         - Undefined Weak Reference
    _get_lc_collate                           - Undefined Weak Reference
    _get_lc_ctype                             - Undefined Weak Reference
    _get_lc_monetary                          - Undefined Weak Reference
    _get_lc_numeric                           - Undefined Weak Reference
    _get_lc_time                              - Undefined Weak Reference
    _getenv_init                              - Undefined Weak Reference
    _handle_redirection                       - Undefined Weak Reference
    _init_alloc                               - Undefined Weak Reference
    _init_user_alloc                          - Undefined Weak Reference
    _initio                                   - Undefined Weak Reference
    _rand_init                                - Undefined Weak Reference
    _signal_finish                            - Undefined Weak Reference
    _signal_init                              - Undefined Weak Reference
    _terminate_alloc                          - Undefined Weak Reference
    _terminate_user_alloc                     - Undefined Weak Reference
    _terminateio                              - Undefined Weak Reference
    __Vectors_Size                           0x00000188   Number         0  startup_stm32f407xx.o ABSOLUTE
    __Vectors                                0x08000000   Data           4  startup_stm32f407xx.o(RESET)
    __Vectors_End                            0x08000188   Data           0  startup_stm32f407xx.o(RESET)
    __main                                   0x08000189   Thumb Code     8  __main.o(!!!main)
    __scatterload                            0x08000191   Thumb Code     0  __scatter.o(!!!scatter)
    __scatterload_rt2                        0x08000191   Thumb Code    44  __scatter.o(!!!scatter)
    __scatterload_rt2_thumb_only             0x08000191   Thumb Code     0  __scatter.o(!!!scatter)
    __scatterload_null                       0x0800019f   Thumb Code     0  __scatter.o(!!!scatter)
    __scatterload_copy                       0x080001c5   Thumb Code    26  __scatter_copy.o(!!handler_copy)
    __scatterload_zeroinit                   0x080001e1   Thumb Code    28  __scatter_zi.o(!!handler_zi)
    __rt_lib_init                            0x080001fd   Thumb Code     0  libinit.o(.ARM.Collect$$libinit$$00000000)
    __rt_lib_init_fp_1                       0x080001ff   Thumb Code     0  libinit2.o(.ARM.Collect$$libinit$$00000001)
    __rt_lib_init_alloca_1                   0x08000203   Thumb Code     0  libinit2.o(.ARM.Collect$$libinit$$0000002E)
    __rt_lib_init_argv_1                     0x08000203   Thumb Code     0  libinit2.o(.ARM.Collect$$libinit$$0000002C)
    __rt_lib_init_atexit_1                   0x08000203   Thumb Code     0  libinit2.o(.ARM.Collect$$libinit$$0000001B)
    __rt_lib_init_clock_1                    0x08000203   Thumb Code     0  libinit2.o(.ARM.Collect$$libinit$$00000021)
    __rt_lib_init_cpp_1                      0x08000203   Thumb Code     0  libinit2.o(.ARM.Collect$$libinit$$00000032)
    __rt_lib_init_exceptions_1               0x08000203   Thumb Code     0  libinit2.o(.ARM.Collect$$libinit$$00000030)
    __rt_lib_init_fp_trap_1                  0x08000203   Thumb Code     0  libinit2.o(.ARM.Collect$$libinit$$0000001F)
    __rt_lib_init_getenv_1                   0x08000203   Thumb Code     0  libinit2.o(.ARM.Collect$$libinit$$00000023)
    __rt_lib_init_heap_1                     0x08000203   Thumb Code     0  libinit2.o(.ARM.Collect$$libinit$$0000000A)
    __rt_lib_init_lc_collate_1               0x08000203   Thumb Code     0  libinit2.o(.ARM.Collect$$libinit$$00000011)
    __rt_lib_init_lc_ctype_1                 0x08000203   Thumb Code     0  libinit2.o(.ARM.Collect$$libinit$$00000013)
    __rt_lib_init_lc_monetary_1              0x08000203   Thumb Code     0  libinit2.o(.ARM.Collect$$libinit$$00000015)
    __rt_lib_init_lc_numeric_1               0x08000203   Thumb Code     0  libinit2.o(.ARM.Collect$$libinit$$00000017)
    __rt_lib_init_lc_time_1                  0x08000203   Thumb Code     0  libinit2.o(.ARM.Collect$$libinit$$00000019)
    __rt_lib_init_preinit_1                  0x08000203   Thumb Code     0  libinit2.o(.ARM.Collect$$libinit$$00000004)
    __rt_lib_init_rand_1                     0x08000203   Thumb Code     0  libinit2.o(.ARM.Collect$$libinit$$0000000E)
    __rt_lib_init_return                     0x08000203   Thumb Code     0  libinit2.o(.ARM.Collect$$libinit$$00000033)
    __rt_lib_init_signal_1                   0x08000203   Thumb Code     0  libinit2.o(.ARM.Collect$$libinit$$0000001D)
    __rt_lib_init_stdio_1                    0x08000203   Thumb Code     0  libinit2.o(.ARM.Collect$$libinit$$00000025)
    __rt_lib_init_user_alloc_1               0x08000203   Thumb Code     0  libinit2.o(.ARM.Collect$$libinit$$0000000C)
    __rt_lib_shutdown                        0x08000205   Thumb Code     0  libshutdown.o(.ARM.Collect$$libshutdown$$00000000)
    __rt_lib_shutdown_cpp_1                  0x08000207   Thumb Code     0  libshutdown2.o(.ARM.Collect$$libshutdown$$00000002)
    __rt_lib_shutdown_fp_trap_1              0x08000207   Thumb Code     0  libshutdown2.o(.ARM.Collect$$libshutdown$$00000007)
    __rt_lib_shutdown_heap_1                 0x08000207   Thumb Code     0  libshutdown2.o(.ARM.Collect$$libshutdown$$0000000F)
    __rt_lib_shutdown_return                 0x08000207   Thumb Code     0  libshutdown2.o(.ARM.Collect$$libshutdown$$00000010)
    __rt_lib_shutdown_signal_1               0x08000207   Thumb Code     0  libshutdown2.o(.ARM.Collect$$libshutdown$$0000000A)
    __rt_lib_shutdown_stdio_1                0x08000207   Thumb Code     0  libshutdown2.o(.ARM.Collect$$libshutdown$$00000004)
    __rt_lib_shutdown_user_alloc_1           0x08000207   Thumb Code     0  libshutdown2.o(.ARM.Collect$$libshutdown$$0000000C)
    __rt_entry                               0x08000209   Thumb Code     0  __rtentry.o(.ARM.Collect$$rtentry$$00000000)
    __rt_entry_presh_1                       0x08000209   Thumb Code     0  __rtentry2.o(.ARM.Collect$$rtentry$$00000002)
    __rt_entry_sh                            0x08000209   Thumb Code     0  __rtentry4.o(.ARM.Collect$$rtentry$$00000004)
    __rt_entry_li                            0x0800020f   Thumb Code     0  __rtentry2.o(.ARM.Collect$$rtentry$$0000000A)
    __rt_entry_postsh_1                      0x0800020f   Thumb Code     0  __rtentry2.o(.ARM.Collect$$rtentry$$00000009)
    __rt_entry_main                          0x08000213   Thumb Code     0  __rtentry2.o(.ARM.Collect$$rtentry$$0000000D)
    __rt_entry_postli_1                      0x08000213   Thumb Code     0  __rtentry2.o(.ARM.Collect$$rtentry$$0000000C)
    __rt_exit                                0x0800021b   Thumb Code     0  rtexit.o(.ARM.Collect$$rtexit$$00000000)
    __rt_exit_ls                             0x0800021d   Thumb Code     0  rtexit2.o(.ARM.Collect$$rtexit$$00000003)
    __rt_exit_prels_1                        0x0800021d   Thumb Code     0  rtexit2.o(.ARM.Collect$$rtexit$$00000002)
    __rt_exit_exit                           0x08000221   Thumb Code     0  rtexit2.o(.ARM.Collect$$rtexit$$00000004)
    Reset_Handler                            0x08000229   Thumb Code     8  startup_stm32f407xx.o(.text)
    ADC_IRQHandler                           0x08000243   Thumb Code     0  startup_stm32f407xx.o(.text)
    CAN1_RX0_IRQHandler                      0x08000243   Thumb Code     0  startup_stm32f407xx.o(.text)
    CAN1_RX1_IRQHandler                      0x08000243   Thumb Code     0  startup_stm32f407xx.o(.text)
    CAN1_SCE_IRQHandler                      0x08000243   Thumb Code     0  startup_stm32f407xx.o(.text)
    CAN1_TX_IRQHandler                       0x08000243   Thumb Code     0  startup_stm32f407xx.o(.text)
    CAN2_RX0_IRQHandler                      0x08000243   Thumb Code     0  startup_stm32f407xx.o(.text)
    CAN2_RX1_IRQHandler                      0x08000243   Thumb Code     0  startup_stm32f407xx.o(.text)
    CAN2_SCE_IRQHandler                      0x08000243   Thumb Code     0  startup_stm32f407xx.o(.text)
    CAN2_TX_IRQHandler                       0x08000243   Thumb Code     0  startup_stm32f407xx.o(.text)
    DCMI_IRQHandler                          0x08000243   Thumb Code     0  startup_stm32f407xx.o(.text)
    DMA1_Stream0_IRQHandler                  0x08000243   Thumb Code     0  startup_stm32f407xx.o(.text)
    DMA1_Stream1_IRQHandler                  0x08000243   Thumb Code     0  startup_stm32f407xx.o(.text)
    DMA1_Stream2_IRQHandler                  0x08000243   Thumb Code     0  startup_stm32f407xx.o(.text)
    DMA1_Stream3_IRQHandler                  0x08000243   Thumb Code     0  startup_stm32f407xx.o(.text)
    DMA1_Stream4_IRQHandler                  0x08000243   Thumb Code     0  startup_stm32f407xx.o(.text)
    DMA1_Stream5_IRQHandler                  0x08000243   Thumb Code     0  startup_stm32f407xx.o(.text)
    DMA1_Stream6_IRQHandler                  0x08000243   Thumb Code     0  startup_stm32f407xx.o(.text)
    DMA1_Stream7_IRQHandler                  0x08000243   Thumb Code     0  startup_stm32f407xx.o(.text)
    DMA2_Stream0_IRQHandler                  0x08000243   Thumb Code     0  startup_stm32f407xx.o(.text)
    DMA2_Stream1_IRQHandler                  0x08000243   Thumb Code     0  startup_stm32f407xx.o(.text)
    DMA2_Stream2_IRQHandler                  0x08000243   Thumb Code     0  startup_stm32f407xx.o(.text)
    DMA2_Stream3_IRQHandler                  0x08000243   Thumb Code     0  startup_stm32f407xx.o(.text)
    DMA2_Stream4_IRQHandler                  0x08000243   Thumb Code     0  startup_stm32f407xx.o(.text)
    DMA2_Stream5_IRQHandler                  0x08000243   Thumb Code     0  startup_stm32f407xx.o(.text)
    DMA2_Stream6_IRQHandler                  0x08000243   Thumb Code     0  startup_stm32f407xx.o(.text)
    DMA2_Stream7_IRQHandler                  0x08000243   Thumb Code     0  startup_stm32f407xx.o(.text)
    ETH_IRQHandler                           0x08000243   Thumb Code     0  startup_stm32f407xx.o(.text)
    ETH_WKUP_IRQHandler                      0x08000243   Thumb Code     0  startup_stm32f407xx.o(.text)
    EXTI0_IRQHandler                         0x08000243   Thumb Code     0  startup_stm32f407xx.o(.text)
    EXTI15_10_IRQHandler                     0x08000243   Thumb Code     0  startup_stm32f407xx.o(.text)
    EXTI1_IRQHandler                         0x08000243   Thumb Code     0  startup_stm32f407xx.o(.text)
    EXTI2_IRQHandler                         0x08000243   Thumb Code     0  startup_stm32f407xx.o(.text)
    EXTI3_IRQHandler                         0x08000243   Thumb Code     0  startup_stm32f407xx.o(.text)
    EXTI4_IRQHandler                         0x08000243   Thumb Code     0  startup_stm32f407xx.o(.text)
    EXTI9_5_IRQHandler                       0x08000243   Thumb Code     0  startup_stm32f407xx.o(.text)
    FLASH_IRQHandler                         0x08000243   Thumb Code     0  startup_stm32f407xx.o(.text)
    FMC_IRQHandler                           0x08000243   Thumb Code     0  startup_stm32f407xx.o(.text)
    FPU_IRQHandler                           0x08000243   Thumb Code     0  startup_stm32f407xx.o(.text)
    HASH_RNG_IRQHandler                      0x08000243   Thumb Code     0  startup_stm32f407xx.o(.text)
    I2C1_ER_IRQHandler                       0x08000243   Thumb Code     0  startup_stm32f407xx.o(.text)
    I2C1_EV_IRQHandler                       0x08000243   Thumb Code     0  startup_stm32f407xx.o(.text)
    I2C2_ER_IRQHandler                       0x08000243   Thumb Code     0  startup_stm32f407xx.o(.text)
    I2C2_EV_IRQHandler                       0x08000243   Thumb Code     0  startup_stm32f407xx.o(.text)
    I2C3_ER_IRQHandler                       0x08000243   Thumb Code     0  startup_stm32f407xx.o(.text)
    I2C3_EV_IRQHandler                       0x08000243   Thumb Code     0  startup_stm32f407xx.o(.text)
    OTG_FS_WKUP_IRQHandler                   0x08000243   Thumb Code     0  startup_stm32f407xx.o(.text)
    OTG_HS_EP1_IN_IRQHandler                 0x08000243   Thumb Code     0  startup_stm32f407xx.o(.text)
    OTG_HS_EP1_OUT_IRQHandler                0x08000243   Thumb Code     0  startup_stm32f407xx.o(.text)
    OTG_HS_IRQHandler                        0x08000243   Thumb Code     0  startup_stm32f407xx.o(.text)
    OTG_HS_WKUP_IRQHandler                   0x08000243   Thumb Code     0  startup_stm32f407xx.o(.text)
    PVD_IRQHandler                           0x08000243   Thumb Code     0  startup_stm32f407xx.o(.text)
    RCC_IRQHandler                           0x08000243   Thumb Code     0  startup_stm32f407xx.o(.text)
    RTC_Alarm_IRQHandler                     0x08000243   Thumb Code     0  startup_stm32f407xx.o(.text)
    RTC_WKUP_IRQHandler                      0x08000243   Thumb Code     0  startup_stm32f407xx.o(.text)
    SDIO_IRQHandler                          0x08000243   Thumb Code     0  startup_stm32f407xx.o(.text)
    SPI1_IRQHandler                          0x08000243   Thumb Code     0  startup_stm32f407xx.o(.text)
    SPI2_IRQHandler                          0x08000243   Thumb Code     0  startup_stm32f407xx.o(.text)
    SPI3_IRQHandler                          0x08000243   Thumb Code     0  startup_stm32f407xx.o(.text)
    TAMP_STAMP_IRQHandler                    0x08000243   Thumb Code     0  startup_stm32f407xx.o(.text)
    TIM1_BRK_TIM9_IRQHandler                 0x08000243   Thumb Code     0  startup_stm32f407xx.o(.text)
    TIM1_CC_IRQHandler                       0x08000243   Thumb Code     0  startup_stm32f407xx.o(.text)
    TIM1_TRG_COM_TIM11_IRQHandler            0x08000243   Thumb Code     0  startup_stm32f407xx.o(.text)
    TIM1_UP_TIM10_IRQHandler                 0x08000243   Thumb Code     0  startup_stm32f407xx.o(.text)
    TIM2_IRQHandler                          0x08000243   Thumb Code     0  startup_stm32f407xx.o(.text)
    TIM3_IRQHandler                          0x08000243   Thumb Code     0  startup_stm32f407xx.o(.text)
    TIM4_IRQHandler                          0x08000243   Thumb Code     0  startup_stm32f407xx.o(.text)
    TIM5_IRQHandler                          0x08000243   Thumb Code     0  startup_stm32f407xx.o(.text)
    TIM6_DAC_IRQHandler                      0x08000243   Thumb Code     0  startup_stm32f407xx.o(.text)
    TIM7_IRQHandler                          0x08000243   Thumb Code     0  startup_stm32f407xx.o(.text)
    TIM8_BRK_TIM12_IRQHandler                0x08000243   Thumb Code     0  startup_stm32f407xx.o(.text)
    TIM8_CC_IRQHandler                       0x08000243   Thumb Code     0  startup_stm32f407xx.o(.text)
    TIM8_TRG_COM_TIM14_IRQHandler            0x08000243   Thumb Code     0  startup_stm32f407xx.o(.text)
    TIM8_UP_TIM13_IRQHandler                 0x08000243   Thumb Code     0  startup_stm32f407xx.o(.text)
    UART4_IRQHandler                         0x08000243   Thumb Code     0  startup_stm32f407xx.o(.text)
    UART5_IRQHandler                         0x08000243   Thumb Code     0  startup_stm32f407xx.o(.text)
    USART1_IRQHandler                        0x08000243   Thumb Code     0  startup_stm32f407xx.o(.text)
    USART2_IRQHandler                        0x08000243   Thumb Code     0  startup_stm32f407xx.o(.text)
    USART3_IRQHandler                        0x08000243   Thumb Code     0  startup_stm32f407xx.o(.text)
    USART6_IRQHandler                        0x08000243   Thumb Code     0  startup_stm32f407xx.o(.text)
    WWDG_IRQHandler                          0x08000243   Thumb Code     0  startup_stm32f407xx.o(.text)
    __user_initial_stackheap                 0x08000245   Thumb Code     0  startup_stm32f407xx.o(.text)
    __aeabi_uldivmod                         0x08000269   Thumb Code     0  lludivv7m.o(.text)
    _ll_udiv                                 0x08000269   Thumb Code   238  lludivv7m.o(.text)
    __aeabi_memcpy4                          0x08000357   Thumb Code     0  rt_memcpy_w.o(.text)
    __aeabi_memcpy8                          0x08000357   Thumb Code     0  rt_memcpy_w.o(.text)
    __rt_memcpy_w                            0x08000357   Thumb Code   100  rt_memcpy_w.o(.text)
    _memcpy_lastbytes_aligned                0x0800039f   Thumb Code     0  rt_memcpy_w.o(.text)
    __aeabi_memclr4                          0x080003bb   Thumb Code     0  rt_memclr_w.o(.text)
    __aeabi_memclr8                          0x080003bb   Thumb Code     0  rt_memclr_w.o(.text)
    __rt_memclr_w                            0x080003bb   Thumb Code    78  rt_memclr_w.o(.text)
    _memset_w                                0x080003bf   Thumb Code     0  rt_memclr_w.o(.text)
    __use_two_region_memory                  0x08000409   Thumb Code     2  heapauxi.o(.text)
    __rt_heap_escrow$2region                 0x0800040b   Thumb Code     2  heapauxi.o(.text)
    __rt_heap_expand$2region                 0x0800040d   Thumb Code     2  heapauxi.o(.text)
    __user_setup_stackheap                   0x0800040f   Thumb Code    74  sys_stackheap_outer.o(.text)
    exit                                     0x08000459   Thumb Code    18  exit.o(.text)
    __user_libspace                          0x0800046d   Thumb Code     8  libspace.o(.text)
    __user_perproc_libspace                  0x0800046d   Thumb Code     0  libspace.o(.text)
    __user_perthread_libspace                0x0800046d   Thumb Code     0  libspace.o(.text)
    _sys_exit                                0x08000475   Thumb Code     8  sys_exit.o(.text)
    __I$use$semihosting                      0x08000481   Thumb Code     0  use_no_semi.o(.text)
    __use_no_semihosting_swi                 0x08000481   Thumb Code     2  use_no_semi.o(.text)
    BusFault_Handler                         0x08000483   Thumb Code     2  stm32f4xx_it.o(i.BusFault_Handler)
    __semihosting_library_function           0x08000483   Thumb Code     0  indicate_semi.o(.text)
    CDC_Transmit_FS                          0x080004e5   Thumb Code    38  usbd_cdc_if.o(i.CDC_Transmit_FS)
    DebugMon_Handler                         0x08000511   Thumb Code     2  stm32f4xx_it.o(i.DebugMon_Handler)
    Error_Handler                            0x08000513   Thumb Code     4  main.o(i.Error_Handler)
    HAL_Delay                                0x08000519   Thumb Code    32  stm32f4xx_hal.o(i.HAL_Delay)
    HAL_GPIO_Init                            0x0800053d   Thumb Code   450  stm32f4xx_hal_gpio.o(i.HAL_GPIO_Init)
    HAL_GPIO_ReadPin                         0x0800072d   Thumb Code    10  stm32f4xx_hal_gpio.o(i.HAL_GPIO_ReadPin)
    HAL_GPIO_WritePin                        0x08000737   Thumb Code    10  stm32f4xx_hal_gpio.o(i.HAL_GPIO_WritePin)
    HAL_GetTick                              0x08000741   Thumb Code     6  stm32f4xx_hal.o(i.HAL_GetTick)
    HAL_IncTick                              0x0800074d   Thumb Code    12  stm32f4xx_hal.o(i.HAL_IncTick)
    HAL_Init                                 0x0800075d   Thumb Code    48  stm32f4xx_hal.o(i.HAL_Init)
    HAL_InitTick                             0x08000791   Thumb Code    54  stm32f4xx_hal.o(i.HAL_InitTick)
    HAL_MspInit                              0x080007d1   Thumb Code    42  stm32f4xx_hal_msp.o(i.HAL_MspInit)
    HAL_NVIC_EnableIRQ                       0x08000801   Thumb Code    26  stm32f4xx_hal_cortex.o(i.HAL_NVIC_EnableIRQ)
    HAL_NVIC_SetPriority                     0x0800081d   Thumb Code    60  stm32f4xx_hal_cortex.o(i.HAL_NVIC_SetPriority)
    HAL_NVIC_SetPriorityGrouping             0x0800085d   Thumb Code    26  stm32f4xx_hal_cortex.o(i.HAL_NVIC_SetPriorityGrouping)
    HAL_PCDEx_LPM_Callback                   0x08000881   Thumb Code     2  stm32f4xx_hal_pcd_ex.o(i.HAL_PCDEx_LPM_Callback)
    HAL_PCDEx_SetRxFiFo                      0x08000883   Thumb Code     8  stm32f4xx_hal_pcd_ex.o(i.HAL_PCDEx_SetRxFiFo)
    HAL_PCDEx_SetTxFiFo                      0x0800088b   Thumb Code    68  stm32f4xx_hal_pcd_ex.o(i.HAL_PCDEx_SetTxFiFo)
    HAL_PCD_ConnectCallback                  0x080008cf   Thumb Code     8  usbd_conf.o(i.HAL_PCD_ConnectCallback)
    HAL_PCD_DataInStageCallback              0x080008d7   Thumb Code    18  usbd_conf.o(i.HAL_PCD_DataInStageCallback)
    HAL_PCD_DataOutStageCallback             0x080008e9   Thumb Code    20  usbd_conf.o(i.HAL_PCD_DataOutStageCallback)
    HAL_PCD_DisconnectCallback               0x080008fd   Thumb Code     8  usbd_conf.o(i.HAL_PCD_DisconnectCallback)
    HAL_PCD_EP_Abort                         0x08000905   Thumb Code    30  stm32f4xx_hal_pcd.o(i.HAL_PCD_EP_Abort)
    HAL_PCD_EP_Close                         0x08000923   Thumb Code    76  stm32f4xx_hal_pcd.o(i.HAL_PCD_EP_Close)
    HAL_PCD_EP_ClrStall                      0x0800096f   Thumb Code    92  stm32f4xx_hal_pcd.o(i.HAL_PCD_EP_ClrStall)
    HAL_PCD_EP_GetRxCount                    0x080009cb   Thumb Code    18  stm32f4xx_hal_pcd.o(i.HAL_PCD_EP_GetRxCount)
    HAL_PCD_EP_Open                          0x080009dd   Thumb Code    96  stm32f4xx_hal_pcd.o(i.HAL_PCD_EP_Open)
    HAL_PCD_EP_Receive                       0x08000a3d   Thumb Code    72  stm32f4xx_hal_pcd.o(i.HAL_PCD_EP_Receive)
    HAL_PCD_EP_SetStall                      0x08000a85   Thumb Code   116  stm32f4xx_hal_pcd.o(i.HAL_PCD_EP_SetStall)
    HAL_PCD_EP_Transmit                      0x08000af9   Thumb Code    64  stm32f4xx_hal_pcd.o(i.HAL_PCD_EP_Transmit)
    HAL_PCD_IRQHandler                       0x08000b39   Thumb Code  1376  stm32f4xx_hal_pcd.o(i.HAL_PCD_IRQHandler)
    HAL_PCD_ISOINIncompleteCallback          0x08001099   Thumb Code     8  usbd_conf.o(i.HAL_PCD_ISOINIncompleteCallback)
    HAL_PCD_ISOOUTIncompleteCallback         0x080010a1   Thumb Code     8  usbd_conf.o(i.HAL_PCD_ISOOUTIncompleteCallback)
    HAL_PCD_Init                             0x080010a9   Thumb Code   226  stm32f4xx_hal_pcd.o(i.HAL_PCD_Init)
    HAL_PCD_MspInit                          0x0800118d   Thumb Code   122  usbd_conf.o(i.HAL_PCD_MspInit)
    HAL_PCD_ResetCallback                    0x08001211   Thumb Code    44  usbd_conf.o(i.HAL_PCD_ResetCallback)
    HAL_PCD_ResumeCallback                   0x0800123d   Thumb Code     8  usbd_conf.o(i.HAL_PCD_ResumeCallback)
    HAL_PCD_SOFCallback                      0x08001245   Thumb Code     8  usbd_conf.o(i.HAL_PCD_SOFCallback)
    HAL_PCD_SetAddress                       0x0800124d   Thumb Code    40  stm32f4xx_hal_pcd.o(i.HAL_PCD_SetAddress)
    HAL_PCD_SetupStageCallback               0x08001275   Thumb Code    14  usbd_conf.o(i.HAL_PCD_SetupStageCallback)
    HAL_PCD_Start                            0x08001283   Thumb Code    66  stm32f4xx_hal_pcd.o(i.HAL_PCD_Start)
    HAL_PCD_SuspendCallback                  0x080012c5   Thumb Code    44  usbd_conf.o(i.HAL_PCD_SuspendCallback)
    HAL_RCC_ClockConfig                      0x080012f5   Thumb Code   288  stm32f4xx_hal_rcc.o(i.HAL_RCC_ClockConfig)
    HAL_RCC_GetHCLKFreq                      0x08001429   Thumb Code     6  stm32f4xx_hal_rcc.o(i.HAL_RCC_GetHCLKFreq)
    HAL_RCC_GetSysClockFreq                  0x08001435   Thumb Code    88  stm32f4xx_hal_rcc.o(i.HAL_RCC_GetSysClockFreq)
    HAL_RCC_OscConfig                        0x08001495   Thumb Code   856  stm32f4xx_hal_rcc.o(i.HAL_RCC_OscConfig)
    HAL_SPI_Init                             0x08001801   Thumb Code   188  stm32f4xx_hal_spi.o(i.HAL_SPI_Init)
    HAL_SPI_MspInit                          0x080018bd   Thumb Code    92  spi.o(i.HAL_SPI_MspInit)
    HAL_SPI_TransmitReceive                  0x08001925   Thumb Code   482  stm32f4xx_hal_spi.o(i.HAL_SPI_TransmitReceive)
    HAL_SYSTICK_Config                       0x08001b07   Thumb Code    40  stm32f4xx_hal_cortex.o(i.HAL_SYSTICK_Config)
    HardFault_Handler                        0x08001b2f   Thumb Code     2  stm32f4xx_it.o(i.HardFault_Handler)
    MX_GPIO_Init                             0x08001b69   Thumb Code   208  gpio.o(i.MX_GPIO_Init)
    MX_SPI1_Init                             0x08001c49   Thumb Code    64  spi.o(i.MX_SPI1_Init)
    MX_USB_DEVICE_Init                       0x08001c91   Thumb Code    66  usb_device.o(i.MX_USB_DEVICE_Init)
    MemManage_Handler                        0x08001ce5   Thumb Code     2  stm32f4xx_it.o(i.MemManage_Handler)
    NMI_Handler                              0x08001ce7   Thumb Code     2  stm32f4xx_it.o(i.NMI_Handler)
    OTG_FS_IRQHandler                        0x08001ce9   Thumb Code     6  stm32f4xx_it.o(i.OTG_FS_IRQHandler)
    PendSV_Handler                           0x08001e63   Thumb Code     2  stm32f4xx_it.o(i.PendSV_Handler)
    SVC_Handler                              0x08001f75   Thumb Code     2  stm32f4xx_it.o(i.SVC_Handler)
    SysTick_Handler                          0x08001f81   Thumb Code     4  stm32f4xx_it.o(i.SysTick_Handler)
    SystemClock_Config                       0x08001f85   Thumb Code   140  main.o(i.SystemClock_Config)
    SystemInit                               0x08002019   Thumb Code    12  system_stm32f4xx.o(i.SystemInit)
    USBD_CDC_GetDeviceQualifierDescriptor    0x080021a5   Thumb Code     8  usbd_cdc.o(i.USBD_CDC_GetDeviceQualifierDescriptor)
    USBD_CDC_ReceivePacket                   0x08002381   Thumb Code    50  usbd_cdc.o(i.USBD_CDC_ReceivePacket)
    USBD_CDC_RegisterInterface               0x080023b9   Thumb Code    22  usbd_cdc.o(i.USBD_CDC_RegisterInterface)
    USBD_CDC_SetRxBuffer                     0x080023cf   Thumb Code    26  usbd_cdc.o(i.USBD_CDC_SetRxBuffer)
    USBD_CDC_SetTxBuffer                     0x080023e9   Thumb Code    30  usbd_cdc.o(i.USBD_CDC_SetTxBuffer)
    USBD_CDC_TransmitPacket                  0x080024dd   Thumb Code    76  usbd_cdc.o(i.USBD_CDC_TransmitPacket)
    USBD_ClrClassConfig                      0x0800252d   Thumb Code    20  usbd_core.o(i.USBD_ClrClassConfig)
    USBD_CoreFindEP                          0x08002541   Thumb Code     4  usbd_core.o(i.USBD_CoreFindEP)
    USBD_CoreFindIF                          0x08002545   Thumb Code     4  usbd_core.o(i.USBD_CoreFindIF)
    USBD_CtlContinueRx                       0x08002549   Thumb Code    16  usbd_ioreq.o(i.USBD_CtlContinueRx)
    USBD_CtlContinueSendData                 0x08002559   Thumb Code    16  usbd_ioreq.o(i.USBD_CtlContinueSendData)
    USBD_CtlError                            0x08002569   Thumb Code    22  usbd_ctlreq.o(i.USBD_CtlError)
    USBD_CtlPrepareRx                        0x0800257f   Thumb Code    30  usbd_ioreq.o(i.USBD_CtlPrepareRx)
    USBD_CtlReceiveStatus                    0x0800259d   Thumb Code    22  usbd_ioreq.o(i.USBD_CtlReceiveStatus)
    USBD_CtlSendData                         0x080025b3   Thumb Code    26  usbd_ioreq.o(i.USBD_CtlSendData)
    USBD_CtlSendStatus                       0x080025cd   Thumb Code    22  usbd_ioreq.o(i.USBD_CtlSendStatus)
    USBD_FS_ConfigStrDescriptor              0x080025e5   Thumb Code    16  usbd_desc.o(i.USBD_FS_ConfigStrDescriptor)
    USBD_FS_DeviceDescriptor                 0x08002605   Thumb Code     8  usbd_desc.o(i.USBD_FS_DeviceDescriptor)
    USBD_FS_InterfaceStrDescriptor           0x08002611   Thumb Code    16  usbd_desc.o(i.USBD_FS_InterfaceStrDescriptor)
    USBD_FS_LangIDStrDescriptor              0x08002635   Thumb Code     8  usbd_desc.o(i.USBD_FS_LangIDStrDescriptor)
    USBD_FS_ManufacturerStrDescriptor        0x08002641   Thumb Code    16  usbd_desc.o(i.USBD_FS_ManufacturerStrDescriptor)
    USBD_FS_ProductStrDescriptor             0x08002669   Thumb Code    16  usbd_desc.o(i.USBD_FS_ProductStrDescriptor)
    USBD_FS_SerialStrDescriptor              0x08002695   Thumb Code    48  usbd_desc.o(i.USBD_FS_SerialStrDescriptor)
    USBD_GetEpDesc                           0x080027b3   Thumb Code    58  usbd_core.o(i.USBD_GetEpDesc)
    USBD_GetNextDesc                         0x080027ed   Thumb Code    14  usbd_core.o(i.USBD_GetNextDesc)
    USBD_GetString                           0x080027fb   Thumb Code    72  usbd_ctlreq.o(i.USBD_GetString)
    USBD_Get_USB_Status                      0x08002843   Thumb Code    24  usbd_conf.o(i.USBD_Get_USB_Status)
    USBD_Init                                0x0800285b   Thumb Code    38  usbd_core.o(i.USBD_Init)
    USBD_LL_ClearStallEP                     0x08002881   Thumb Code    18  usbd_conf.o(i.USBD_LL_ClearStallEP)
    USBD_LL_CloseEP                          0x08002893   Thumb Code    18  usbd_conf.o(i.USBD_LL_CloseEP)
    USBD_LL_DataInStage                      0x080028a5   Thumb Code   182  usbd_core.o(i.USBD_LL_DataInStage)
    USBD_LL_DataOutStage                     0x0800295b   Thumb Code   142  usbd_core.o(i.USBD_LL_DataOutStage)
    USBD_LL_DevConnected                     0x080029e9   Thumb Code     4  usbd_core.o(i.USBD_LL_DevConnected)
    USBD_LL_DevDisconnected                  0x080029ed   Thumb Code    30  usbd_core.o(i.USBD_LL_DevDisconnected)
    USBD_LL_GetRxDataSize                    0x08002a0b   Thumb Code     8  usbd_conf.o(i.USBD_LL_GetRxDataSize)
    USBD_LL_Init                             0x08002a15   Thumb Code    90  usbd_conf.o(i.USBD_LL_Init)
    USBD_LL_IsStallEP                        0x08002a75   Thumb Code    32  usbd_conf.o(i.USBD_LL_IsStallEP)
    USBD_LL_IsoINIncomplete                  0x08002a95   Thumb Code    40  usbd_core.o(i.USBD_LL_IsoINIncomplete)
    USBD_LL_IsoOUTIncomplete                 0x08002abd   Thumb Code    40  usbd_core.o(i.USBD_LL_IsoOUTIncomplete)
    USBD_LL_OpenEP                           0x08002ae5   Thumb Code    24  usbd_conf.o(i.USBD_LL_OpenEP)
    USBD_LL_PrepareReceive                   0x08002afd   Thumb Code    18  usbd_conf.o(i.USBD_LL_PrepareReceive)
    USBD_LL_Reset                            0x08002b0f   Thumb Code    92  usbd_core.o(i.USBD_LL_Reset)
    USBD_LL_Resume                           0x08002b6b   Thumb Code    20  usbd_core.o(i.USBD_LL_Resume)
    USBD_LL_SOF                              0x08002b7f   Thumb Code    26  usbd_core.o(i.USBD_LL_SOF)
    USBD_LL_SetSpeed                         0x08002b99   Thumb Code     6  usbd_core.o(i.USBD_LL_SetSpeed)
    USBD_LL_SetUSBAddress                    0x08002b9f   Thumb Code    18  usbd_conf.o(i.USBD_LL_SetUSBAddress)
    USBD_LL_SetupStage                       0x08002bb1   Thumb Code    96  usbd_core.o(i.USBD_LL_SetupStage)
    USBD_LL_StallEP                          0x08002c11   Thumb Code    18  usbd_conf.o(i.USBD_LL_StallEP)
    USBD_LL_Start                            0x08002c23   Thumb Code    18  usbd_conf.o(i.USBD_LL_Start)
    USBD_LL_Suspend                          0x08002c35   Thumb Code    18  usbd_core.o(i.USBD_LL_Suspend)
    USBD_LL_Transmit                         0x08002c47   Thumb Code    18  usbd_conf.o(i.USBD_LL_Transmit)
    USBD_ParseSetupRequest                   0x08002c59   Thumb Code    44  usbd_ctlreq.o(i.USBD_ParseSetupRequest)
    USBD_RegisterClass                       0x08002c85   Thumb Code    58  usbd_core.o(i.USBD_RegisterClass)
    USBD_SetClassConfig                      0x08002cbf   Thumb Code    20  usbd_core.o(i.USBD_SetClassConfig)
    USBD_Start                               0x08002d8d   Thumb Code     4  usbd_core.o(i.USBD_Start)
    USBD_StdDevReq                           0x08002d91   Thumb Code   300  usbd_ctlreq.o(i.USBD_StdDevReq)
    USBD_StdEPReq                            0x08002ebd   Thumb Code   352  usbd_ctlreq.o(i.USBD_StdEPReq)
    USBD_StdItfReq                           0x0800301d   Thumb Code   114  usbd_ctlreq.o(i.USBD_StdItfReq)
    USBD_static_free                         0x0800308f   Thumb Code     2  usbd_conf.o(i.USBD_static_free)
    USBD_static_malloc                       0x08003091   Thumb Code     4  usbd_conf.o(i.USBD_static_malloc)
    USB_ActivateEndpoint                     0x08003099   Thumb Code   122  stm32f4xx_ll_usb.o(i.USB_ActivateEndpoint)
    USB_ActivateSetup                        0x08003119   Thumb Code    28  stm32f4xx_ll_usb.o(i.USB_ActivateSetup)
    USB_CoreInit                             0x08003135   Thumb Code   112  stm32f4xx_ll_usb.o(i.USB_CoreInit)
    USB_DeactivateEndpoint                   0x080031e9   Thumb Code   194  stm32f4xx_ll_usb.o(i.USB_DeactivateEndpoint)
    USB_DevConnect                           0x080032b5   Thumb Code    28  stm32f4xx_ll_usb.o(i.USB_DevConnect)
    USB_DevDisconnect                        0x080032d1   Thumb Code    28  stm32f4xx_ll_usb.o(i.USB_DevDisconnect)
    USB_DevInit                              0x080032ed   Thumb Code   362  stm32f4xx_ll_usb.o(i.USB_DevInit)
    USB_DisableGlobalInt                     0x08003461   Thumb Code    12  stm32f4xx_ll_usb.o(i.USB_DisableGlobalInt)
    USB_EP0StartXfer                         0x0800346d   Thumb Code   280  stm32f4xx_ll_usb.o(i.USB_EP0StartXfer)
    USB_EP0_OutStart                         0x08003589   Thumb Code    84  stm32f4xx_ll_usb.o(i.USB_EP0_OutStart)
    USB_EPClearStall                         0x080035e1   Thumb Code    88  stm32f4xx_ll_usb.o(i.USB_EPClearStall)
    USB_EPSetStall                           0x08003639   Thumb Code    88  stm32f4xx_ll_usb.o(i.USB_EPSetStall)
    USB_EPStartXfer                          0x08003691   Thumb Code   480  stm32f4xx_ll_usb.o(i.USB_EPStartXfer)
    USB_EPStopXfer                           0x08003875   Thumb Code   158  stm32f4xx_ll_usb.o(i.USB_EPStopXfer)
    USB_EnableGlobalInt                      0x08003913   Thumb Code    12  stm32f4xx_ll_usb.o(i.USB_EnableGlobalInt)
    USB_FlushRxFifo                          0x08003921   Thumb Code    54  stm32f4xx_ll_usb.o(i.USB_FlushRxFifo)
    USB_FlushTxFifo                          0x0800395d   Thumb Code    58  stm32f4xx_ll_usb.o(i.USB_FlushTxFifo)
    USB_GetDevSpeed                          0x0800399d   Thumb Code    26  stm32f4xx_ll_usb.o(i.USB_GetDevSpeed)
    USB_GetMode                              0x080039b7   Thumb Code     8  stm32f4xx_ll_usb.o(i.USB_GetMode)
    USB_ReadDevAllInEpInterrupt              0x080039bf   Thumb Code    14  stm32f4xx_ll_usb.o(i.USB_ReadDevAllInEpInterrupt)
    USB_ReadDevAllOutEpInterrupt             0x080039cd   Thumb Code    14  stm32f4xx_ll_usb.o(i.USB_ReadDevAllOutEpInterrupt)
    USB_ReadDevInEPInterrupt                 0x080039db   Thumb Code    36  stm32f4xx_ll_usb.o(i.USB_ReadDevInEPInterrupt)
    USB_ReadDevOutEPInterrupt                0x080039ff   Thumb Code    16  stm32f4xx_ll_usb.o(i.USB_ReadDevOutEPInterrupt)
    USB_ReadInterrupts                       0x08003a0f   Thumb Code     8  stm32f4xx_ll_usb.o(i.USB_ReadInterrupts)
    USB_ReadPacket                           0x08003a17   Thumb Code    62  stm32f4xx_ll_usb.o(i.USB_ReadPacket)
    USB_SetCurrentMode                       0x08003a55   Thumb Code    92  stm32f4xx_ll_usb.o(i.USB_SetCurrentMode)
    USB_SetDevAddress                        0x08003ab1   Thumb Code    34  stm32f4xx_ll_usb.o(i.USB_SetDevAddress)
    USB_SetTurnaroundTime                    0x08003ad5   Thumb Code   158  stm32f4xx_ll_usb.o(i.USB_SetTurnaroundTime)
    USB_WritePacket                          0x08003bbd   Thumb Code    40  stm32f4xx_ll_usb.o(i.USB_WritePacket)
    UsageFault_Handler                       0x08003be5   Thumb Code     2  stm32f4xx_it.o(i.UsageFault_Handler)
    VS_Load_Patch                            0x08003be9   Thumb Code    92  recorder.o(i.VS_Load_Patch)
    atk_mo1053_init                          0x08003c65   Thumb Code    72  atk_mo1053.o(i.atk_mo1053_init)
    atk_mo1053_read_reg                      0x08003cb1   Thumb Code   104  atk_mo1053.o(i.atk_mo1053_read_reg)
    atk_mo1053_reset                         0x08003d21   Thumb Code   100  atk_mo1053.o(i.atk_mo1053_reset)
    atk_mo1053_spi_read_write_byte           0x08003d91   Thumb Code     4  atk_mo1053.o(i.atk_mo1053_spi_read_write_byte)
    atk_mo1053_write_cmd                     0x08003d95   Thumb Code    96  atk_mo1053.o(i.atk_mo1053_write_cmd)
    checkDataHead                            0x08003dfd   Thumb Code    56  datapackdecode.o(i.checkDataHead)
    checkSpiCtrl                             0x08003e39   Thumb Code    30  datapackdecode.o(i.checkSpiCtrl)
    dataPackInit                             0x08003e57   Thumb Code    36  datapackdecode.o(i.dataPackInit)
    dataQueueInit                            0x08003e7b   Thumb Code    16  dataqueue.o(i.dataQueueInit)
    dataQueuePop                             0x08003e8b   Thumb Code    70  dataqueue.o(i.dataQueuePop)
    dataQueuePush                            0x08003ed1   Thumb Code    86  dataqueue.o(i.dataQueuePush)
    delay_ms                                 0x08003f27   Thumb Code     4  delay.o(i.delay_ms)
    delay_us                                 0x08003f2b   Thumb Code    14  delay.o(i.delay_us)
    main                                     0x08003f39   Thumb Code   142  main.o(i.main)
    pcDataQueueInit                          0x08003fd1   Thumb Code     6  dataqueue.o(i.pcDataQueueInit)
    pcDataQueueIsEmpty                       0x08003fdd   Thumb Code    16  dataqueue.o(i.pcDataQueueIsEmpty)
    pcDataQueuePop                           0x08003ff1   Thumb Code    10  dataqueue.o(i.pcDataQueuePop)
    pcDataQueuePush                          0x08004001   Thumb Code    10  dataqueue.o(i.pcDataQueuePush)
    recoder_enter_rec_mode                   0x08004011   Thumb Code    84  recorder.o(i.recoder_enter_rec_mode)
    spi1_read_write_byte                     0x08004069   Thumb Code    28  atk_mo1053.o(i.spi1_read_write_byte)
    spi1_set_speed                           0x08004089   Thumb Code    48  spi.o(i.spi1_set_speed)
    _fp_init                                 0x080040bd   Thumb Code    10  fpinit.o(x$fpl$fpinit)
    __fplib_config_fpu_vfp                   0x080040c5   Thumb Code     0  fpinit.o(x$fpl$fpinit)
    __fplib_config_pureend_doubles           0x080040c5   Thumb Code     0  fpinit.o(x$fpl$fpinit)
    AHBPrescTable                            0x080040c6   Data          16  system_stm32f4xx.o(.constdata)
    wav_plugin                               0x080040d6   Data          80  recorder.o(.constdata)
    Region$$Table$$Base                      0x08004128   Number         0  anon$$obj.o(Region$$Table)
    Region$$Table$$Limit                     0x08004148   Number         0  anon$$obj.o(Region$$Table)
    flg                                      0x20000000   Data           1  main.o(.data)
    FS_Desc                                  0x20000004   Data          28  usbd_desc.o(.data)
    USBD_LangIDDesc                          0x20000020   Data           4  usbd_desc.o(.data)
    USBD_FS_DeviceDesc                       0x20000024   Data          18  usbd_desc.o(.data)
    USBD_StringSerial                        0x20000038   Data          26  usbd_desc.o(.data)
    USBD_Interface_fops_FS                   0x20000054   Data          20  usbd_cdc_if.o(.data)
    uwTickFreq                               0x20000068   Data           1  stm32f4xx_hal.o(.data)
    uwTickPrio                               0x2000006c   Data           4  stm32f4xx_hal.o(.data)
    uwTick                                   0x20000070   Data           4  stm32f4xx_hal.o(.data)
    SystemCoreClock                          0x20000074   Data           4  system_stm32f4xx.o(.data)
    USBD_CDC                                 0x200000d0   Data          56  usbd_cdc.o(.data)
    datapack_init_flag                       0x20000108   Data           1  datapackdecode.o(.data)
    send_buf                                 0x2000010c   Data         200  main.o(.bss)
    recv_buf                                 0x200001d4   Data         128  main.o(.bss)
    hspi1                                    0x20000254   Data          88  spi.o(.bss)
    hUsbDeviceFS                             0x200002ac   Data         732  usb_device.o(.bss)
    USBD_StrDesc                             0x20000588   Data         512  usbd_desc.o(.bss)
    UserRxBufferFS                           0x20000788   Data        2048  usbd_cdc_if.o(.bss)
    UserTxBufferFS                           0x20000f88   Data        2048  usbd_cdc_if.o(.bss)
    hpcd_USB_OTG_FS                          0x200019a8   Data        1292  usbd_conf.o(.bss)
    pcDataQueue                              0x20001eb4   Data        1293  dataqueue.o(.bss)
    pcDataPack                               0x200023c1   Data         138  datapackdecode.o(.bss)
    __libspace_start                         0x2000244c   Data          96  libspace.o(.bss)
    __temporary_stack_top$libspace           0x200024ac   Data           0  libspace.o(.bss)



==============================================================================

Memory Map of the image

  Image Entry point : 0x08000189

  Load Region LR_IROM1 (Base: 0x08000000, Size: 0x00004254, Max: 0x00100000, ABSOLUTE)

    Execution Region ER_IROM1 (Exec base: 0x08000000, Load base: 0x08000000, Size: 0x00004148, Max: 0x00100000, ABSOLUTE)

    Exec Addr    Load Addr    Size         Type   Attr      Idx    E Section Name        Object

    0x08000000   0x08000000   0x00000188   Data   RO            3    RESET               startup_stm32f407xx.o
    0x08000188   0x08000188   0x00000008   Code   RO         3651  * !!!main             c_w.l(__main.o)
    0x08000190   0x08000190   0x00000034   Code   RO         3818    !!!scatter          c_w.l(__scatter.o)
    0x080001c4   0x080001c4   0x0000001a   Code   RO         3820    !!handler_copy      c_w.l(__scatter_copy.o)
    0x080001de   0x080001de   0x00000002   PAD
    0x080001e0   0x080001e0   0x0000001c   Code   RO         3822    !!handler_zi        c_w.l(__scatter_zi.o)
    0x080001fc   0x080001fc   0x00000002   Code   RO         3688    .ARM.Collect$$libinit$$00000000  c_w.l(libinit.o)
    0x080001fe   0x080001fe   0x00000004   Code   RO         3700    .ARM.Collect$$libinit$$00000001  c_w.l(libinit2.o)
    0x08000202   0x08000202   0x00000000   Code   RO         3703    .ARM.Collect$$libinit$$00000004  c_w.l(libinit2.o)
    0x08000202   0x08000202   0x00000000   Code   RO         3706    .ARM.Collect$$libinit$$0000000A  c_w.l(libinit2.o)
    0x08000202   0x08000202   0x00000000   Code   RO         3708    .ARM.Collect$$libinit$$0000000C  c_w.l(libinit2.o)
    0x08000202   0x08000202   0x00000000   Code   RO         3710    .ARM.Collect$$libinit$$0000000E  c_w.l(libinit2.o)
    0x08000202   0x08000202   0x00000000   Code   RO         3713    .ARM.Collect$$libinit$$00000011  c_w.l(libinit2.o)
    0x08000202   0x08000202   0x00000000   Code   RO         3715    .ARM.Collect$$libinit$$00000013  c_w.l(libinit2.o)
    0x08000202   0x08000202   0x00000000   Code   RO         3717    .ARM.Collect$$libinit$$00000015  c_w.l(libinit2.o)
    0x08000202   0x08000202   0x00000000   Code   RO         3719    .ARM.Collect$$libinit$$00000017  c_w.l(libinit2.o)
    0x08000202   0x08000202   0x00000000   Code   RO         3721    .ARM.Collect$$libinit$$00000019  c_w.l(libinit2.o)
    0x08000202   0x08000202   0x00000000   Code   RO         3723    .ARM.Collect$$libinit$$0000001B  c_w.l(libinit2.o)
    0x08000202   0x08000202   0x00000000   Code   RO         3725    .ARM.Collect$$libinit$$0000001D  c_w.l(libinit2.o)
    0x08000202   0x08000202   0x00000000   Code   RO         3727    .ARM.Collect$$libinit$$0000001F  c_w.l(libinit2.o)
    0x08000202   0x08000202   0x00000000   Code   RO         3729    .ARM.Collect$$libinit$$00000021  c_w.l(libinit2.o)
    0x08000202   0x08000202   0x00000000   Code   RO         3731    .ARM.Collect$$libinit$$00000023  c_w.l(libinit2.o)
    0x08000202   0x08000202   0x00000000   Code   RO         3733    .ARM.Collect$$libinit$$00000025  c_w.l(libinit2.o)
    0x08000202   0x08000202   0x00000000   Code   RO         3737    .ARM.Collect$$libinit$$0000002C  c_w.l(libinit2.o)
    0x08000202   0x08000202   0x00000000   Code   RO         3739    .ARM.Collect$$libinit$$0000002E  c_w.l(libinit2.o)
    0x08000202   0x08000202   0x00000000   Code   RO         3741    .ARM.Collect$$libinit$$00000030  c_w.l(libinit2.o)
    0x08000202   0x08000202   0x00000000   Code   RO         3743    .ARM.Collect$$libinit$$00000032  c_w.l(libinit2.o)
    0x08000202   0x08000202   0x00000002   Code   RO         3744    .ARM.Collect$$libinit$$00000033  c_w.l(libinit2.o)
    0x08000204   0x08000204   0x00000002   Code   RO         3775    .ARM.Collect$$libshutdown$$00000000  c_w.l(libshutdown.o)
    0x08000206   0x08000206   0x00000000   Code   RO         3801    .ARM.Collect$$libshutdown$$00000002  c_w.l(libshutdown2.o)
    0x08000206   0x08000206   0x00000000   Code   RO         3803    .ARM.Collect$$libshutdown$$00000004  c_w.l(libshutdown2.o)
    0x08000206   0x08000206   0x00000000   Code   RO         3806    .ARM.Collect$$libshutdown$$00000007  c_w.l(libshutdown2.o)
    0x08000206   0x08000206   0x00000000   Code   RO         3809    .ARM.Collect$$libshutdown$$0000000A  c_w.l(libshutdown2.o)
    0x08000206   0x08000206   0x00000000   Code   RO         3811    .ARM.Collect$$libshutdown$$0000000C  c_w.l(libshutdown2.o)
    0x08000206   0x08000206   0x00000000   Code   RO         3814    .ARM.Collect$$libshutdown$$0000000F  c_w.l(libshutdown2.o)
    0x08000206   0x08000206   0x00000002   Code   RO         3815    .ARM.Collect$$libshutdown$$00000010  c_w.l(libshutdown2.o)
    0x08000208   0x08000208   0x00000000   Code   RO         3653    .ARM.Collect$$rtentry$$00000000  c_w.l(__rtentry.o)
    0x08000208   0x08000208   0x00000000   Code   RO         3659    .ARM.Collect$$rtentry$$00000002  c_w.l(__rtentry2.o)
    0x08000208   0x08000208   0x00000006   Code   RO         3671    .ARM.Collect$$rtentry$$00000004  c_w.l(__rtentry4.o)
    0x0800020e   0x0800020e   0x00000000   Code   RO         3661    .ARM.Collect$$rtentry$$00000009  c_w.l(__rtentry2.o)
    0x0800020e   0x0800020e   0x00000004   Code   RO         3662    .ARM.Collect$$rtentry$$0000000A  c_w.l(__rtentry2.o)
    0x08000212   0x08000212   0x00000000   Code   RO         3664    .ARM.Collect$$rtentry$$0000000C  c_w.l(__rtentry2.o)
    0x08000212   0x08000212   0x00000008   Code   RO         3665    .ARM.Collect$$rtentry$$0000000D  c_w.l(__rtentry2.o)
    0x0800021a   0x0800021a   0x00000002   Code   RO         3692    .ARM.Collect$$rtexit$$00000000  c_w.l(rtexit.o)
    0x0800021c   0x0800021c   0x00000000   Code   RO         3748    .ARM.Collect$$rtexit$$00000002  c_w.l(rtexit2.o)
    0x0800021c   0x0800021c   0x00000004   Code   RO         3749    .ARM.Collect$$rtexit$$00000003  c_w.l(rtexit2.o)
    0x08000220   0x08000220   0x00000006   Code   RO         3750    .ARM.Collect$$rtexit$$00000004  c_w.l(rtexit2.o)
    0x08000226   0x08000226   0x00000002   PAD
    0x08000228   0x08000228   0x00000040   Code   RO            4    .text               startup_stm32f407xx.o
    0x08000268   0x08000268   0x000000ee   Code   RO         3643    .text               c_w.l(lludivv7m.o)
    0x08000356   0x08000356   0x00000064   Code   RO         3645    .text               c_w.l(rt_memcpy_w.o)
    0x080003ba   0x080003ba   0x0000004e   Code   RO         3647    .text               c_w.l(rt_memclr_w.o)
    0x08000408   0x08000408   0x00000006   Code   RO         3649    .text               c_w.l(heapauxi.o)
    0x0800040e   0x0800040e   0x0000004a   Code   RO         3675    .text               c_w.l(sys_stackheap_outer.o)
    0x08000458   0x08000458   0x00000012   Code   RO         3677    .text               c_w.l(exit.o)
    0x0800046a   0x0800046a   0x00000002   PAD
    0x0800046c   0x0800046c   0x00000008   Code   RO         3689    .text               c_w.l(libspace.o)
    0x08000474   0x08000474   0x0000000c   Code   RO         3745    .text               c_w.l(sys_exit.o)
    0x08000480   0x08000480   0x00000002   Code   RO         3764    .text               c_w.l(use_no_semi.o)
    0x08000482   0x08000482   0x00000000   Code   RO         3766    .text               c_w.l(indicate_semi.o)
    0x08000482   0x08000482   0x00000002   Code   RO          284    i.BusFault_Handler  stm32f4xx_it.o
    0x08000484   0x08000484   0x00000004   Code   RO          507    i.CDC_Control_FS    usbd_cdc_if.o
    0x08000488   0x08000488   0x00000004   Code   RO          508    i.CDC_DeInit_FS     usbd_cdc_if.o
    0x0800048c   0x0800048c   0x00000024   Code   RO          509    i.CDC_Init_FS       usbd_cdc_if.o
    0x080004b0   0x080004b0   0x00000030   Code   RO          510    i.CDC_Receive_FS    usbd_cdc_if.o
    0x080004e0   0x080004e0   0x00000004   Code   RO          511    i.CDC_TransmitCplt_FS  usbd_cdc_if.o
    0x080004e4   0x080004e4   0x0000002c   Code   RO          512    i.CDC_Transmit_FS   usbd_cdc_if.o
    0x08000510   0x08000510   0x00000002   Code   RO          285    i.DebugMon_Handler  stm32f4xx_it.o
    0x08000512   0x08000512   0x00000004   Code   RO           13    i.Error_Handler     main.o
    0x08000516   0x08000516   0x00000002   PAD
    0x08000518   0x08000518   0x00000024   Code   RO         2237    i.HAL_Delay         stm32f4xx_hal.o
    0x0800053c   0x0800053c   0x000001f0   Code   RO         1711    i.HAL_GPIO_Init     stm32f4xx_hal_gpio.o
    0x0800072c   0x0800072c   0x0000000a   Code   RO         1713    i.HAL_GPIO_ReadPin  stm32f4xx_hal_gpio.o
    0x08000736   0x08000736   0x0000000a   Code   RO         1715    i.HAL_GPIO_WritePin  stm32f4xx_hal_gpio.o
    0x08000740   0x08000740   0x0000000c   Code   RO         2243    i.HAL_GetTick       stm32f4xx_hal.o
    0x0800074c   0x0800074c   0x00000010   Code   RO         2249    i.HAL_IncTick       stm32f4xx_hal.o
    0x0800075c   0x0800075c   0x00000034   Code   RO         2250    i.HAL_Init          stm32f4xx_hal.o
    0x08000790   0x08000790   0x00000040   Code   RO         2251    i.HAL_InitTick      stm32f4xx_hal.o
    0x080007d0   0x080007d0   0x00000030   Code   RO          366    i.HAL_MspInit       stm32f4xx_hal_msp.o
    0x08000800   0x08000800   0x0000001a   Code   RO         2100    i.HAL_NVIC_EnableIRQ  stm32f4xx_hal_cortex.o
    0x0800081a   0x0800081a   0x00000002   PAD
    0x0800081c   0x0800081c   0x00000040   Code   RO         2106    i.HAL_NVIC_SetPriority  stm32f4xx_hal_cortex.o
    0x0800085c   0x0800085c   0x00000024   Code   RO         2107    i.HAL_NVIC_SetPriorityGrouping  stm32f4xx_hal_cortex.o
    0x08000880   0x08000880   0x00000002   Code   RO         1010    i.HAL_PCDEx_LPM_Callback  stm32f4xx_hal_pcd_ex.o
    0x08000882   0x08000882   0x00000008   Code   RO         1011    i.HAL_PCDEx_SetRxFiFo  stm32f4xx_hal_pcd_ex.o
    0x0800088a   0x0800088a   0x00000044   Code   RO         1012    i.HAL_PCDEx_SetTxFiFo  stm32f4xx_hal_pcd_ex.o
    0x080008ce   0x080008ce   0x00000008   Code   RO          564    i.HAL_PCD_ConnectCallback  usbd_conf.o
    0x080008d6   0x080008d6   0x00000012   Code   RO          565    i.HAL_PCD_DataInStageCallback  usbd_conf.o
    0x080008e8   0x080008e8   0x00000014   Code   RO          566    i.HAL_PCD_DataOutStageCallback  usbd_conf.o
    0x080008fc   0x080008fc   0x00000008   Code   RO          567    i.HAL_PCD_DisconnectCallback  usbd_conf.o
    0x08000904   0x08000904   0x0000001e   Code   RO          780    i.HAL_PCD_EP_Abort  stm32f4xx_hal_pcd.o
    0x08000922   0x08000922   0x0000004c   Code   RO          781    i.HAL_PCD_EP_Close  stm32f4xx_hal_pcd.o
    0x0800096e   0x0800096e   0x0000005c   Code   RO          782    i.HAL_PCD_EP_ClrStall  stm32f4xx_hal_pcd.o
    0x080009ca   0x080009ca   0x00000012   Code   RO          784    i.HAL_PCD_EP_GetRxCount  stm32f4xx_hal_pcd.o
    0x080009dc   0x080009dc   0x00000060   Code   RO          785    i.HAL_PCD_EP_Open   stm32f4xx_hal_pcd.o
    0x08000a3c   0x08000a3c   0x00000048   Code   RO          786    i.HAL_PCD_EP_Receive  stm32f4xx_hal_pcd.o
    0x08000a84   0x08000a84   0x00000074   Code   RO          787    i.HAL_PCD_EP_SetStall  stm32f4xx_hal_pcd.o
    0x08000af8   0x08000af8   0x00000040   Code   RO          788    i.HAL_PCD_EP_Transmit  stm32f4xx_hal_pcd.o
    0x08000b38   0x08000b38   0x00000560   Code   RO          790    i.HAL_PCD_IRQHandler  stm32f4xx_hal_pcd.o
    0x08001098   0x08001098   0x00000008   Code   RO          568    i.HAL_PCD_ISOINIncompleteCallback  usbd_conf.o
    0x080010a0   0x080010a0   0x00000008   Code   RO          569    i.HAL_PCD_ISOOUTIncompleteCallback  usbd_conf.o
    0x080010a8   0x080010a8   0x000000e2   Code   RO          793    i.HAL_PCD_Init      stm32f4xx_hal_pcd.o
    0x0800118a   0x0800118a   0x00000002   PAD
    0x0800118c   0x0800118c   0x00000084   Code   RO          571    i.HAL_PCD_MspInit   usbd_conf.o
    0x08001210   0x08001210   0x0000002c   Code   RO          572    i.HAL_PCD_ResetCallback  usbd_conf.o
    0x0800123c   0x0800123c   0x00000008   Code   RO          573    i.HAL_PCD_ResumeCallback  usbd_conf.o
    0x08001244   0x08001244   0x00000008   Code   RO          574    i.HAL_PCD_SOFCallback  usbd_conf.o
    0x0800124c   0x0800124c   0x00000028   Code   RO          799    i.HAL_PCD_SetAddress  stm32f4xx_hal_pcd.o
    0x08001274   0x08001274   0x0000000e   Code   RO          575    i.HAL_PCD_SetupStageCallback  usbd_conf.o
    0x08001282   0x08001282   0x00000042   Code   RO          802    i.HAL_PCD_Start     stm32f4xx_hal_pcd.o
    0x080012c4   0x080012c4   0x00000030   Code   RO          576    i.HAL_PCD_SuspendCallback  usbd_conf.o
    0x080012f4   0x080012f4   0x00000134   Code   RO         1357    i.HAL_RCC_ClockConfig  stm32f4xx_hal_rcc.o
    0x08001428   0x08001428   0x0000000c   Code   RO         1362    i.HAL_RCC_GetHCLKFreq  stm32f4xx_hal_rcc.o
    0x08001434   0x08001434   0x00000060   Code   RO         1366    i.HAL_RCC_GetSysClockFreq  stm32f4xx_hal_rcc.o
    0x08001494   0x08001494   0x0000036c   Code   RO         1369    i.HAL_RCC_OscConfig  stm32f4xx_hal_rcc.o
    0x08001800   0x08001800   0x000000bc   Code   RO         2499    i.HAL_SPI_Init      stm32f4xx_hal_spi.o
    0x080018bc   0x080018bc   0x00000068   Code   RO          237    i.HAL_SPI_MspInit   spi.o
    0x08001924   0x08001924   0x000001e2   Code   RO         2508    i.HAL_SPI_TransmitReceive  stm32f4xx_hal_spi.o
    0x08001b06   0x08001b06   0x00000028   Code   RO         2111    i.HAL_SYSTICK_Config  stm32f4xx_hal_cortex.o
    0x08001b2e   0x08001b2e   0x00000002   Code   RO          286    i.HardFault_Handler  stm32f4xx_it.o
    0x08001b30   0x08001b30   0x00000038   Code   RO          421    i.IntToUnicode      usbd_desc.o
    0x08001b68   0x08001b68   0x000000e0   Code   RO          212    i.MX_GPIO_Init      gpio.o
    0x08001c48   0x08001c48   0x00000048   Code   RO          238    i.MX_SPI1_Init      spi.o
    0x08001c90   0x08001c90   0x00000054   Code   RO          390    i.MX_USB_DEVICE_Init  usb_device.o
    0x08001ce4   0x08001ce4   0x00000002   Code   RO          287    i.MemManage_Handler  stm32f4xx_it.o
    0x08001ce6   0x08001ce6   0x00000002   Code   RO          288    i.NMI_Handler       stm32f4xx_it.o
    0x08001ce8   0x08001ce8   0x0000000c   Code   RO          289    i.OTG_FS_IRQHandler  stm32f4xx_it.o
    0x08001cf4   0x08001cf4   0x000000cc   Code   RO          806    i.PCD_EP_OutXfrComplete_int  stm32f4xx_hal_pcd.o
    0x08001dc0   0x08001dc0   0x000000a2   Code   RO          807    i.PCD_WriteEmptyTxFifo  stm32f4xx_hal_pcd.o
    0x08001e62   0x08001e62   0x00000002   Code   RO          290    i.PendSV_Handler    stm32f4xx_it.o
    0x08001e64   0x08001e64   0x00000058   Code   RO         2537    i.SPI_EndRxTxTransaction  stm32f4xx_hal_spi.o
    0x08001ebc   0x08001ebc   0x000000b8   Code   RO         2542    i.SPI_WaitFlagStateUntilTimeout  stm32f4xx_hal_spi.o
    0x08001f74   0x08001f74   0x00000002   Code   RO          291    i.SVC_Handler       stm32f4xx_it.o
    0x08001f76   0x08001f76   0x0000000a   Code   RO         3043    i.SWAPBYTE          usbd_ctlreq.o
    0x08001f80   0x08001f80   0x00000004   Code   RO          292    i.SysTick_Handler   stm32f4xx_it.o
    0x08001f84   0x08001f84   0x00000094   Code   RO           14    i.SystemClock_Config  main.o
    0x08002018   0x08002018   0x00000010   Code   RO         2847    i.SystemInit        system_stm32f4xx.o
    0x08002028   0x08002028   0x00000076   Code   RO         3176    i.USBD_CDC_DataIn   usbd_cdc.o
    0x0800209e   0x0800209e   0x0000003c   Code   RO         3177    i.USBD_CDC_DataOut  usbd_cdc.o
    0x080020da   0x080020da   0x00000002   PAD
    0x080020dc   0x080020dc   0x00000090   Code   RO         3178    i.USBD_CDC_DeInit   usbd_cdc.o
    0x0800216c   0x0800216c   0x00000036   Code   RO         3179    i.USBD_CDC_EP0_RxReady  usbd_cdc.o
    0x080021a2   0x080021a2   0x00000002   PAD
    0x080021a4   0x080021a4   0x0000000c   Code   RO         3180    i.USBD_CDC_GetDeviceQualifierDescriptor  usbd_cdc.o
    0x080021b0   0x080021b0   0x0000003c   Code   RO         3181    i.USBD_CDC_GetFSCfgDesc  usbd_cdc.o
    0x080021ec   0x080021ec   0x00000040   Code   RO         3182    i.USBD_CDC_GetHSCfgDesc  usbd_cdc.o
    0x0800222c   0x0800222c   0x0000003c   Code   RO         3183    i.USBD_CDC_GetOtherSpeedCfgDesc  usbd_cdc.o
    0x08002268   0x08002268   0x00000118   Code   RO         3184    i.USBD_CDC_Init     usbd_cdc.o
    0x08002380   0x08002380   0x00000038   Code   RO         3185    i.USBD_CDC_ReceivePacket  usbd_cdc.o
    0x080023b8   0x080023b8   0x00000016   Code   RO         3186    i.USBD_CDC_RegisterInterface  usbd_cdc.o
    0x080023ce   0x080023ce   0x0000001a   Code   RO         3187    i.USBD_CDC_SetRxBuffer  usbd_cdc.o
    0x080023e8   0x080023e8   0x0000001e   Code   RO         3188    i.USBD_CDC_SetTxBuffer  usbd_cdc.o
    0x08002406   0x08002406   0x000000d4   Code   RO         3189    i.USBD_CDC_Setup    usbd_cdc.o
    0x080024da   0x080024da   0x00000002   PAD
    0x080024dc   0x080024dc   0x00000050   Code   RO         3190    i.USBD_CDC_TransmitPacket  usbd_cdc.o
    0x0800252c   0x0800252c   0x00000014   Code   RO         2884    i.USBD_ClrClassConfig  usbd_core.o
    0x08002540   0x08002540   0x00000004   Code   RO         2885    i.USBD_CoreFindEP   usbd_core.o
    0x08002544   0x08002544   0x00000004   Code   RO         2886    i.USBD_CoreFindIF   usbd_core.o
    0x08002548   0x08002548   0x00000010   Code   RO         3116    i.USBD_CtlContinueRx  usbd_ioreq.o
    0x08002558   0x08002558   0x00000010   Code   RO         3117    i.USBD_CtlContinueSendData  usbd_ioreq.o
    0x08002568   0x08002568   0x00000016   Code   RO         3044    i.USBD_CtlError     usbd_ctlreq.o
    0x0800257e   0x0800257e   0x0000001e   Code   RO         3118    i.USBD_CtlPrepareRx  usbd_ioreq.o
    0x0800259c   0x0800259c   0x00000016   Code   RO         3119    i.USBD_CtlReceiveStatus  usbd_ioreq.o
    0x080025b2   0x080025b2   0x0000001a   Code   RO         3120    i.USBD_CtlSendData  usbd_ioreq.o
    0x080025cc   0x080025cc   0x00000016   Code   RO         3121    i.USBD_CtlSendStatus  usbd_ioreq.o
    0x080025e2   0x080025e2   0x00000002   PAD
    0x080025e4   0x080025e4   0x00000020   Code   RO          422    i.USBD_FS_ConfigStrDescriptor  usbd_desc.o
    0x08002604   0x08002604   0x0000000c   Code   RO          423    i.USBD_FS_DeviceDescriptor  usbd_desc.o
    0x08002610   0x08002610   0x00000024   Code   RO          424    i.USBD_FS_InterfaceStrDescriptor  usbd_desc.o
    0x08002634   0x08002634   0x0000000c   Code   RO          425    i.USBD_FS_LangIDStrDescriptor  usbd_desc.o
    0x08002640   0x08002640   0x00000028   Code   RO          426    i.USBD_FS_ManufacturerStrDescriptor  usbd_desc.o
    0x08002668   0x08002668   0x0000002c   Code   RO          427    i.USBD_FS_ProductStrDescriptor  usbd_desc.o
    0x08002694   0x08002694   0x00000038   Code   RO          428    i.USBD_FS_SerialStrDescriptor  usbd_desc.o
    0x080026cc   0x080026cc   0x000000e6   Code   RO         3045    i.USBD_GetDescriptor  usbd_ctlreq.o
    0x080027b2   0x080027b2   0x0000003a   Code   RO         2888    i.USBD_GetEpDesc    usbd_core.o
    0x080027ec   0x080027ec   0x0000000e   Code   RO         2889    i.USBD_GetNextDesc  usbd_core.o
    0x080027fa   0x080027fa   0x00000048   Code   RO         3046    i.USBD_GetString    usbd_ctlreq.o
    0x08002842   0x08002842   0x00000018   Code   RO          577    i.USBD_Get_USB_Status  usbd_conf.o
    0x0800285a   0x0800285a   0x00000026   Code   RO         2890    i.USBD_Init         usbd_core.o
    0x08002880   0x08002880   0x00000012   Code   RO          578    i.USBD_LL_ClearStallEP  usbd_conf.o
    0x08002892   0x08002892   0x00000012   Code   RO          579    i.USBD_LL_CloseEP   usbd_conf.o
    0x080028a4   0x080028a4   0x000000b6   Code   RO         2891    i.USBD_LL_DataInStage  usbd_core.o
    0x0800295a   0x0800295a   0x0000008e   Code   RO         2892    i.USBD_LL_DataOutStage  usbd_core.o
    0x080029e8   0x080029e8   0x00000004   Code   RO         2893    i.USBD_LL_DevConnected  usbd_core.o
    0x080029ec   0x080029ec   0x0000001e   Code   RO         2894    i.USBD_LL_DevDisconnected  usbd_core.o
    0x08002a0a   0x08002a0a   0x00000008   Code   RO          583    i.USBD_LL_GetRxDataSize  usbd_conf.o
    0x08002a12   0x08002a12   0x00000002   PAD
    0x08002a14   0x08002a14   0x00000060   Code   RO          584    i.USBD_LL_Init      usbd_conf.o
    0x08002a74   0x08002a74   0x00000020   Code   RO          585    i.USBD_LL_IsStallEP  usbd_conf.o
    0x08002a94   0x08002a94   0x00000028   Code   RO         2895    i.USBD_LL_IsoINIncomplete  usbd_core.o
    0x08002abc   0x08002abc   0x00000028   Code   RO         2896    i.USBD_LL_IsoOUTIncomplete  usbd_core.o
    0x08002ae4   0x08002ae4   0x00000018   Code   RO          586    i.USBD_LL_OpenEP    usbd_conf.o
    0x08002afc   0x08002afc   0x00000012   Code   RO          587    i.USBD_LL_PrepareReceive  usbd_conf.o
    0x08002b0e   0x08002b0e   0x0000005c   Code   RO         2897    i.USBD_LL_Reset     usbd_core.o
    0x08002b6a   0x08002b6a   0x00000014   Code   RO         2898    i.USBD_LL_Resume    usbd_core.o
    0x08002b7e   0x08002b7e   0x0000001a   Code   RO         2899    i.USBD_LL_SOF       usbd_core.o
    0x08002b98   0x08002b98   0x00000006   Code   RO         2900    i.USBD_LL_SetSpeed  usbd_core.o
    0x08002b9e   0x08002b9e   0x00000012   Code   RO          588    i.USBD_LL_SetUSBAddress  usbd_conf.o
    0x08002bb0   0x08002bb0   0x00000060   Code   RO         2901    i.USBD_LL_SetupStage  usbd_core.o
    0x08002c10   0x08002c10   0x00000012   Code   RO          589    i.USBD_LL_StallEP   usbd_conf.o
    0x08002c22   0x08002c22   0x00000012   Code   RO          590    i.USBD_LL_Start     usbd_conf.o
    0x08002c34   0x08002c34   0x00000012   Code   RO         2902    i.USBD_LL_Suspend   usbd_core.o
    0x08002c46   0x08002c46   0x00000012   Code   RO          592    i.USBD_LL_Transmit  usbd_conf.o
    0x08002c58   0x08002c58   0x0000002c   Code   RO         3047    i.USBD_ParseSetupRequest  usbd_ctlreq.o
    0x08002c84   0x08002c84   0x0000003a   Code   RO         2903    i.USBD_RegisterClass  usbd_core.o
    0x08002cbe   0x08002cbe   0x00000014   Code   RO         2905    i.USBD_SetClassConfig  usbd_core.o
    0x08002cd2   0x08002cd2   0x00000002   PAD
    0x08002cd4   0x08002cd4   0x000000b8   Code   RO         3048    i.USBD_SetConfig    usbd_ctlreq.o
    0x08002d8c   0x08002d8c   0x00000004   Code   RO         2906    i.USBD_Start        usbd_core.o
    0x08002d90   0x08002d90   0x0000012c   Code   RO         3049    i.USBD_StdDevReq    usbd_ctlreq.o
    0x08002ebc   0x08002ebc   0x00000160   Code   RO         3050    i.USBD_StdEPReq     usbd_ctlreq.o
    0x0800301c   0x0800301c   0x00000072   Code   RO         3051    i.USBD_StdItfReq    usbd_ctlreq.o
    0x0800308e   0x0800308e   0x00000002   Code   RO          593    i.USBD_static_free  usbd_conf.o
    0x08003090   0x08003090   0x00000008   Code   RO          594    i.USBD_static_malloc  usbd_conf.o
    0x08003098   0x08003098   0x00000080   Code   RO         1052    i.USB_ActivateEndpoint  stm32f4xx_ll_usb.o
    0x08003118   0x08003118   0x0000001c   Code   RO         1054    i.USB_ActivateSetup  stm32f4xx_ll_usb.o
    0x08003134   0x08003134   0x00000074   Code   RO         1056    i.USB_CoreInit      stm32f4xx_ll_usb.o
    0x080031a8   0x080031a8   0x00000040   Code   RO         1057    i.USB_CoreReset     stm32f4xx_ll_usb.o
    0x080031e8   0x080031e8   0x000000cc   Code   RO         1060    i.USB_DeactivateEndpoint  stm32f4xx_ll_usb.o
    0x080032b4   0x080032b4   0x0000001c   Code   RO         1061    i.USB_DevConnect    stm32f4xx_ll_usb.o
    0x080032d0   0x080032d0   0x0000001c   Code   RO         1062    i.USB_DevDisconnect  stm32f4xx_ll_usb.o
    0x080032ec   0x080032ec   0x00000174   Code   RO         1063    i.USB_DevInit       stm32f4xx_ll_usb.o
    0x08003460   0x08003460   0x0000000c   Code   RO         1064    i.USB_DisableGlobalInt  stm32f4xx_ll_usb.o
    0x0800346c   0x0800346c   0x0000011c   Code   RO         1067    i.USB_EP0StartXfer  stm32f4xx_ll_usb.o
    0x08003588   0x08003588   0x00000058   Code   RO         1068    i.USB_EP0_OutStart  stm32f4xx_ll_usb.o
    0x080035e0   0x080035e0   0x00000058   Code   RO         1069    i.USB_EPClearStall  stm32f4xx_ll_usb.o
    0x08003638   0x08003638   0x00000058   Code   RO         1070    i.USB_EPSetStall    stm32f4xx_ll_usb.o
    0x08003690   0x08003690   0x000001e4   Code   RO         1071    i.USB_EPStartXfer   stm32f4xx_ll_usb.o
    0x08003874   0x08003874   0x0000009e   Code   RO         1072    i.USB_EPStopXfer    stm32f4xx_ll_usb.o
    0x08003912   0x08003912   0x0000000c   Code   RO         1073    i.USB_EnableGlobalInt  stm32f4xx_ll_usb.o
    0x0800391e   0x0800391e   0x00000002   PAD
    0x08003920   0x08003920   0x0000003c   Code   RO         1074    i.USB_FlushRxFifo   stm32f4xx_ll_usb.o
    0x0800395c   0x0800395c   0x00000040   Code   RO         1075    i.USB_FlushTxFifo   stm32f4xx_ll_usb.o
    0x0800399c   0x0800399c   0x0000001a   Code   RO         1077    i.USB_GetDevSpeed   stm32f4xx_ll_usb.o
    0x080039b6   0x080039b6   0x00000008   Code   RO         1079    i.USB_GetMode       stm32f4xx_ll_usb.o
    0x080039be   0x080039be   0x0000000e   Code   RO         1086    i.USB_ReadDevAllInEpInterrupt  stm32f4xx_ll_usb.o
    0x080039cc   0x080039cc   0x0000000e   Code   RO         1087    i.USB_ReadDevAllOutEpInterrupt  stm32f4xx_ll_usb.o
    0x080039da   0x080039da   0x00000024   Code   RO         1088    i.USB_ReadDevInEPInterrupt  stm32f4xx_ll_usb.o
    0x080039fe   0x080039fe   0x00000010   Code   RO         1089    i.USB_ReadDevOutEPInterrupt  stm32f4xx_ll_usb.o
    0x08003a0e   0x08003a0e   0x00000008   Code   RO         1090    i.USB_ReadInterrupts  stm32f4xx_ll_usb.o
    0x08003a16   0x08003a16   0x0000003e   Code   RO         1091    i.USB_ReadPacket    stm32f4xx_ll_usb.o
    0x08003a54   0x08003a54   0x0000005c   Code   RO         1093    i.USB_SetCurrentMode  stm32f4xx_ll_usb.o
    0x08003ab0   0x08003ab0   0x00000022   Code   RO         1094    i.USB_SetDevAddress  stm32f4xx_ll_usb.o
    0x08003ad2   0x08003ad2   0x00000002   PAD
    0x08003ad4   0x08003ad4   0x000000e8   Code   RO         1096    i.USB_SetTurnaroundTime  stm32f4xx_ll_usb.o
    0x08003bbc   0x08003bbc   0x00000028   Code   RO         1099    i.USB_WritePacket   stm32f4xx_ll_usb.o
    0x08003be4   0x08003be4   0x00000002   Code   RO          293    i.UsageFault_Handler  stm32f4xx_it.o
    0x08003be6   0x08003be6   0x00000002   PAD
    0x08003be8   0x08003be8   0x0000005c   Code   RO         3484    i.VS_Load_Patch     recorder.o
    0x08003c44   0x08003c44   0x00000020   Code   RO         2113    i.__NVIC_SetPriority  stm32f4xx_hal_cortex.o
    0x08003c64   0x08003c64   0x0000004c   Code   RO         3285    i.atk_mo1053_init   atk_mo1053.o
    0x08003cb0   0x08003cb0   0x00000070   Code   RO         3289    i.atk_mo1053_read_reg  atk_mo1053.o
    0x08003d20   0x08003d20   0x00000070   Code   RO         3290    i.atk_mo1053_reset  atk_mo1053.o
    0x08003d90   0x08003d90   0x00000004   Code   RO         3302    i.atk_mo1053_spi_read_write_byte  atk_mo1053.o
    0x08003d94   0x08003d94   0x00000068   Code   RO         3305    i.atk_mo1053_write_cmd  atk_mo1053.o
    0x08003dfc   0x08003dfc   0x0000003c   Code   RO         3604    i.checkDataHead     datapackdecode.o
    0x08003e38   0x08003e38   0x0000001e   Code   RO         3605    i.checkSpiCtrl      datapackdecode.o
    0x08003e56   0x08003e56   0x00000024   Code   RO         3606    i.dataPackInit      datapackdecode.o
    0x08003e7a   0x08003e7a   0x00000010   Code   RO         3523    i.dataQueueInit     dataqueue.o
    0x08003e8a   0x08003e8a   0x00000046   Code   RO         3526    i.dataQueuePop      dataqueue.o
    0x08003ed0   0x08003ed0   0x00000056   Code   RO         3527    i.dataQueuePush     dataqueue.o
    0x08003f26   0x08003f26   0x00000004   Code   RO         3454    i.delay_ms          delay.o
    0x08003f2a   0x08003f2a   0x0000000e   Code   RO         3455    i.delay_us          delay.o
    0x08003f38   0x08003f38   0x00000098   Code   RO           15    i.main              main.o
    0x08003fd0   0x08003fd0   0x0000000c   Code   RO         3528    i.pcDataQueueInit   dataqueue.o
    0x08003fdc   0x08003fdc   0x00000014   Code   RO         3529    i.pcDataQueueIsEmpty  dataqueue.o
    0x08003ff0   0x08003ff0   0x00000010   Code   RO         3531    i.pcDataQueuePop    dataqueue.o
    0x08004000   0x08004000   0x00000010   Code   RO         3532    i.pcDataQueuePush   dataqueue.o
    0x08004010   0x08004010   0x00000058   Code   RO         3485    i.recoder_enter_rec_mode  recorder.o
    0x08004068   0x08004068   0x00000020   Code   RO         3307    i.spi1_read_write_byte  atk_mo1053.o
    0x08004088   0x08004088   0x00000034   Code   RO          239    i.spi1_set_speed    spi.o
    0x080040bc   0x080040bc   0x0000000a   Code   RO         3760    x$fpl$fpinit        fz_wm.l(fpinit.o)
    0x080040c6   0x080040c6   0x00000010   Data   RO         2848    .constdata          system_stm32f4xx.o
    0x080040d6   0x080040d6   0x00000050   Data   RO         3487    .constdata          recorder.o
    0x08004126   0x08004126   0x00000002   PAD
    0x08004128   0x08004128   0x00000020   Data   RO         3816    Region$$Table       anon$$obj.o


    Execution Region RW_IRAM1 (Exec base: 0x20000000, Load base: 0x08004148, Size: 0x000048b0, Max: 0x0001c000, ABSOLUTE)

    Exec Addr    Load Addr    Size         Type   Attr      Idx    E Section Name        Object

    0x20000000   0x08004148   0x00000001   Data   RW           17    .data               main.o
    0x20000001   0x08004149   0x00000003   PAD
    0x20000004   0x0800414c   0x0000001c   Data   RW          430    .data               usbd_desc.o
    0x20000020   0x08004168   0x00000032   Data   RW          431    .data               usbd_desc.o
    0x20000052   0x0800419a   0x00000002   PAD
    0x20000054   0x0800419c   0x00000014   Data   RW          514    .data               usbd_cdc_if.o
    0x20000068   0x080041b0   0x0000000c   Data   RW         2257    .data               stm32f4xx_hal.o
    0x20000074   0x080041bc   0x00000004   Data   RW         2850    .data               system_stm32f4xx.o
    0x20000078   0x080041c0   0x00000001   Data   RW         3052    .data               usbd_ctlreq.o
    0x20000079   0x080041c1   0x00000003   PAD
    0x2000007c   0x080041c4   0x00000053   Data   RW         3191    .data               usbd_cdc.o
    0x200000cf   0x08004217   0x00000001   PAD
    0x200000d0   0x08004218   0x00000038   Data   RW         3192    .data               usbd_cdc.o
    0x20000108   0x08004250   0x00000001   Data   RW         3608    .data               datapackdecode.o
    0x20000109   0x08004251   0x00000003   PAD
    0x2000010c        -       0x00000148   Zero   RW           16    .bss                main.o
    0x20000254        -       0x00000058   Zero   RW          240    .bss                spi.o
    0x200002ac        -       0x000002dc   Zero   RW          391    .bss                usb_device.o
    0x20000588        -       0x00000200   Zero   RW          429    .bss                usbd_desc.o
    0x20000788        -       0x00001000   Zero   RW          513    .bss                usbd_cdc_if.o
    0x20001788        -       0x0000072c   Zero   RW          595    .bss                usbd_conf.o
    0x20001eb4        -       0x0000050d   Zero   RW         3533    .bss                dataqueue.o
    0x200023c1        -       0x0000008a   Zero   RW         3607    .bss                datapackdecode.o
    0x2000244b   0x08004251   0x00000001   PAD
    0x2000244c        -       0x00000060   Zero   RW         3690    .bss                c_w.l(libspace.o)
    0x200024ac   0x08004251   0x00000004   PAD
    0x200024b0        -       0x00000400   Zero   RW            2    HEAP                startup_stm32f407xx.o
    0x200028b0        -       0x00002000   Zero   RW            1    STACK               startup_stm32f407xx.o


    Execution Region RW_IRAM2 (Exec base: 0x2001c000, Load base: 0x08004254, Size: 0x00000000, Max: 0x00004000, ABSOLUTE)

    **** No section assigned to this execution region ****


==============================================================================

Image component sizes


      Code (inc. data)   RO Data    RW Data    ZI Data      Debug   Object Name

       440         36          0          0          0       5254   atk_mo1053.o
       126          4          0          1        138       2582   datapackdecode.o
       236         22          0          0       1293       4891   dataqueue.o
        18          0          0          0          0       1018   delay.o
       224         16          0          0          0       1063   gpio.o
       304         18          0          1        328     676042   main.o
       180          4         80          0          0       1942   recorder.o
       228         24          0          0         88       2298   spi.o
        64         26        392          0       9216        860   startup_stm32f407xx.o
       180         28          0         12          0       9537   stm32f4xx_hal.o
       198         14          0          0          0      34055   stm32f4xx_hal_cortex.o
       516         46          0          0          0       2915   stm32f4xx_hal_gpio.o
        48          6          0          0          0        886   stm32f4xx_hal_msp.o
      2638         12          0          0          0      13936   stm32f4xx_hal_pcd.o
        78          0          0          0          0       2465   stm32f4xx_hal_pcd_ex.o
      1292         54          0          0          0       4610   stm32f4xx_hal_rcc.o
       942         12          0          0          0       4993   stm32f4xx_hal_spi.o
        32          6          0          0          0       4794   stm32f4xx_it.o
      2888        134          0          0          0      24491   stm32f4xx_ll_usb.o
        16          4         16          4          0       1175   system_stm32f4xx.o
        84         18          0          0        732        844   usb_device.o
      1278         36          0        139          0      14689   usbd_cdc.o
       140         28          0         20       4096       4164   usbd_cdc_if.o
       644         24          0          0       1836      17268   usbd_conf.o
       916          0          0          0          0      15807   usbd_core.o
      1328         28          0          1          0      15064   usbd_ctlreq.o
       288        104          0         78        512       6345   usbd_desc.o
       132          0          0          0          0       4640   usbd_ioreq.o

    ----------------------------------------------------------------------
     15482        704        522        268      18240     878628   Object Totals
         0          0         32          0          0          0   (incl. Generated)
        24          0          2         12          1          0   (incl. Padding)

    ----------------------------------------------------------------------

      Code (inc. data)   RO Data    RW Data    ZI Data      Debug   Library Member Name

         8          0          0          0          0         68   __main.o
         0          0          0          0          0          0   __rtentry.o
        12          0          0          0          0          0   __rtentry2.o
         6          0          0          0          0          0   __rtentry4.o
        52          8          0          0          0          0   __scatter.o
        26          0          0          0          0          0   __scatter_copy.o
        28          0          0          0          0          0   __scatter_zi.o
        18          0          0          0          0         80   exit.o
         6          0          0          0          0        152   heapauxi.o
         0          0          0          0          0          0   indicate_semi.o
         2          0          0          0          0          0   libinit.o
         6          0          0          0          0          0   libinit2.o
         2          0          0          0          0          0   libshutdown.o
         2          0          0          0          0          0   libshutdown2.o
         8          4          0          0         96         68   libspace.o
       238          0          0          0          0        100   lludivv7m.o
        78          0          0          0          0         80   rt_memclr_w.o
       100          0          0          0          0         80   rt_memcpy_w.o
         2          0          0          0          0          0   rtexit.o
        10          0          0          0          0          0   rtexit2.o
        12          4          0          0          0         68   sys_exit.o
        74          0          0          0          0         80   sys_stackheap_outer.o
         2          0          0          0          0         68   use_no_semi.o
        10          0          0          0          0        116   fpinit.o

    ----------------------------------------------------------------------
       708         16          0          0        100        960   Library Totals
         6          0          0          0          4          0   (incl. Padding)

    ----------------------------------------------------------------------

      Code (inc. data)   RO Data    RW Data    ZI Data      Debug   Library Name

       692         16          0          0         96        844   c_w.l
        10          0          0          0          0        116   fz_wm.l

    ----------------------------------------------------------------------
       708         16          0          0        100        960   Library Totals

    ----------------------------------------------------------------------

==============================================================================


      Code (inc. data)   RO Data    RW Data    ZI Data      Debug   

     16190        720        522        268      18340     860276   Grand Totals
     16190        720        522        268      18340     860276   ELF Image Totals
     16190        720        522        268          0          0   ROM Totals

==============================================================================

    Total RO  Size (Code + RO Data)                16712 (  16.32kB)
    Total RW  Size (RW Data + ZI Data)             18608 (  18.17kB)
    Total ROM Size (Code + RO Data + RW Data)      16980 (  16.58kB)

==============================================================================

