Component: ARM Compiler 5.06 update 5 (build 528) Tool: armlink [4d35e2]

==============================================================================

Section Cross References

    startup_stm32f407xx.o(STACK) refers (Special) to heapauxi.o(.text) for __use_two_region_memory
    startup_stm32f407xx.o(HEAP) refers (Special) to heapauxi.o(.text) for __use_two_region_memory
    startup_stm32f407xx.o(RESET) refers (Special) to heapauxi.o(.text) for __use_two_region_memory
    startup_stm32f407xx.o(RESET) refers to startup_stm32f407xx.o(STACK) for __initial_sp
    startup_stm32f407xx.o(RESET) refers to startup_stm32f407xx.o(.text) for Reset_Handler
    startup_stm32f407xx.o(RESET) refers to stm32f4xx_it.o(i.NMI_Handler) for NMI_Handler
    startup_stm32f407xx.o(RESET) refers to stm32f4xx_it.o(i.HardFault_Handler) for HardFault_Handler
    startup_stm32f407xx.o(RESET) refers to stm32f4xx_it.o(i.MemManage_Handler) for MemManage_Handler
    startup_stm32f407xx.o(RESET) refers to stm32f4xx_it.o(i.BusFault_Handler) for BusFault_Handler
    startup_stm32f407xx.o(RESET) refers to stm32f4xx_it.o(i.UsageFault_Handler) for UsageFault_Handler
    startup_stm32f407xx.o(RESET) refers to stm32f4xx_it.o(i.SVC_Handler) for SVC_Handler
    startup_stm32f407xx.o(RESET) refers to stm32f4xx_it.o(i.DebugMon_Handler) for DebugMon_Handler
    startup_stm32f407xx.o(RESET) refers to stm32f4xx_it.o(i.PendSV_Handler) for PendSV_Handler
    startup_stm32f407xx.o(RESET) refers to stm32f4xx_it.o(i.SysTick_Handler) for SysTick_Handler
    startup_stm32f407xx.o(RESET) refers to stm32f4xx_it.o(i.OTG_FS_IRQHandler) for OTG_FS_IRQHandler
    startup_stm32f407xx.o(.text) refers (Special) to heapauxi.o(.text) for __use_two_region_memory
    startup_stm32f407xx.o(.text) refers to system_stm32f4xx.o(i.SystemInit) for SystemInit
    startup_stm32f407xx.o(.text) refers to __main.o(!!!main) for __main
    startup_stm32f407xx.o(.text) refers to startup_stm32f407xx.o(HEAP) for Heap_Mem
    startup_stm32f407xx.o(.text) refers to startup_stm32f407xx.o(STACK) for Stack_Mem
    main.o(i.CDC_Transmit_One_Byte) refers to usbd_cdc_if.o(i.CDC_Transmit_FS) for CDC_Transmit_FS
    main.o(i.CDC_Transmit_One_Byte) refers to main.o(.bss) for .bss
    main.o(i.CDC_Transmit_One_Byte) refers to main.o(.data) for .data
    main.o(i.SystemClock_Config) refers to rt_memclr_w.o(.text) for __aeabi_memclr4
    main.o(i.SystemClock_Config) refers to stm32f4xx_hal_rcc.o(i.HAL_RCC_OscConfig) for HAL_RCC_OscConfig
    main.o(i.SystemClock_Config) refers to stm32f4xx_hal_rcc.o(i.HAL_RCC_ClockConfig) for HAL_RCC_ClockConfig
    main.o(i.main) refers to stm32f4xx_hal.o(i.HAL_Init) for HAL_Init
    main.o(i.main) refers to datapackdecode.o(i.dataPackInit) for dataPackInit
    main.o(i.main) refers to dataqueue.o(i.pcDataQueueInit) for pcDataQueueInit
    main.o(i.main) refers to dataqueue.o(i.audioDataQueueInit) for audioDataQueueInit
    main.o(i.main) refers to main.o(i.SystemClock_Config) for SystemClock_Config
    main.o(i.main) refers to gpio.o(i.MX_GPIO_Init) for MX_GPIO_Init
    main.o(i.main) refers to usb_device.o(i.MX_USB_DEVICE_Init) for MX_USB_DEVICE_Init
    main.o(i.main) refers to spi.o(i.MX_SPI1_Init) for MX_SPI1_Init
    main.o(i.main) refers to usart.o(i.MX_UART4_Init) for MX_UART4_Init
    main.o(i.main) refers to atk_mo1053.o(i.atk_mo1053_init) for atk_mo1053_init
    main.o(i.main) refers to atk_mo1053.o(i.atk_mo1053_reset) for atk_mo1053_reset
    main.o(i.main) refers to atk_mo1053.o(i.atk_mo1053_soft_reset) for atk_mo1053_soft_reset
    main.o(i.main) refers to atk_mo1053.o(i.atk_mo1053_restart_play) for atk_mo1053_restart_play
    main.o(i.main) refers to stm32f4xx_hal_uart.o(i.HAL_UART_Transmit) for HAL_UART_Transmit
    main.o(i.main) refers to recorder.o(i.recoder_enter_rec_mode) for recoder_enter_rec_mode
    main.o(i.main) refers to atk_mo1053.o(i.atk_mo1053_set_volume) for atk_mo1053_set_volume
    main.o(i.main) refers to delay.o(i.delay_ms) for delay_ms
    main.o(i.main) refers to atk_mo1053.o(i.atk_mo1053_read_reg) for atk_mo1053_read_reg
    main.o(i.main) refers to usbd_cdc_if.o(i.CDC_Transmit_FS) for CDC_Transmit_FS
    main.o(i.main) refers to atk_mo1053.o(i.atk_mo1053_set_all) for atk_mo1053_set_all
    main.o(i.main) refers to atk_mo1053.o(i.atk_mo1053_reset_decode_time) for atk_mo1053_reset_decode_time
    main.o(i.main) refers to atk_mo1053.o(i.atk_mo1053_spi_speed_high) for atk_mo1053_spi_speed_high
    main.o(i.main) refers to atk_mo1053.o(i.atk_mo1053_write_cmd) for atk_mo1053_write_cmd
    main.o(i.main) refers to datapackdecode.o(i.getAudioData) for getAudioData
    main.o(i.main) refers to atk_mo1053.o(i.atk_mo1053_send_music_data) for atk_mo1053_send_music_data
    main.o(i.main) refers to dataqueue.o(i.pcDataQueueIsEmpty) for pcDataQueueIsEmpty
    main.o(i.main) refers to dataqueue.o(i.pcDataQueuePop) for pcDataQueuePop
    main.o(i.main) refers to datapackdecode.o(i.checkDataHead) for checkDataHead
[...]
    i.atk_mo1053_restart_play                0x0800423a   Section        0  atk_mo1053.o(i.atk_mo1053_restart_play)
    i.atk_mo1053_send_music_data             0x080042d8   Section        0  atk_mo1053.o(i.atk_mo1053_send_music_data)
    i.atk_mo1053_set_all                     0x08004324   Section        0  atk_mo1053.o(i.atk_mo1053_set_all)
    i.atk_mo1053_set_effect                  0x08004350   Section        0  atk_mo1053.o(i.atk_mo1053_set_effect)
    i.atk_mo1053_set_speaker                 0x08004378   Section        0  atk_mo1053.o(i.atk_mo1053_set_speaker)
    i.atk_mo1053_set_tone                    0x08004394   Section        0  atk_mo1053.o(i.atk_mo1053_set_tone)
    i.atk_mo1053_set_volume                  0x080043c8   Section        0  atk_mo1053.o(i.atk_mo1053_set_volume)
    i.atk_mo1053_soft_reset                  0x080043f0   Section        0  atk_mo1053.o(i.atk_mo1053_soft_reset)
    i.atk_mo1053_spi_read_write_byte         0x08004474   Section        0  atk_mo1053.o(i.atk_mo1053_spi_read_write_byte)
    i.atk_mo1053_spi_speed_high              0x08004478   Section        0  atk_mo1053.o(i.atk_mo1053_spi_speed_high)
    i.atk_mo1053_write_cmd                   0x08004480   Section        0  atk_mo1053.o(i.atk_mo1053_write_cmd)
    i.atk_mo1053_write_ram                   0x080044e8   Section        0  atk_mo1053.o(i.atk_mo1053_write_ram)
    atk_mo1053_write_ram                     0x080044e9   Thumb Code    38  atk_mo1053.o(i.atk_mo1053_write_ram)
    i.audioDataQueueInit                     0x08004514   Section        0  dataqueue.o(i.audioDataQueueInit)
    i.checkDataHead                          0x08004524   Section        0  datapackdecode.o(i.checkDataHead)
    i.checkSpiCtrl                           0x08004560   Section        0  datapackdecode.o(i.checkSpiCtrl)
    i.dataPackInit                           0x08004586   Section        0  datapackdecode.o(i.dataPackInit)
    i.dataQueueInit                          0x080045c0   Section        0  dataqueue.o(i.dataQueueInit)
    i.dataQueuePop                           0x080045d0   Section        0  dataqueue.o(i.dataQueuePop)
    i.dataQueuePush                          0x0800461a   Section        0  dataqueue.o(i.dataQueuePush)
    i.delay_ms                               0x08004678   Section        0  delay.o(i.delay_ms)
    i.delay_us                               0x0800467c   Section        0  delay.o(i.delay_us)
    i.getAudioData                           0x0800468a   Section        0  datapackdecode.o(i.getAudioData)
    i.main                                   0x080046a0   Section        0  main.o(i.main)
    i.pcDataQueueInit                        0x08004830   Section        0  dataqueue.o(i.pcDataQueueInit)
    i.pcDataQueueIsEmpty                     0x0800483c   Section        0  dataqueue.o(i.pcDataQueueIsEmpty)
    i.pcDataQueuePop                         0x08004850   Section        0  dataqueue.o(i.pcDataQueuePop)
    i.pcDataQueuePush                        0x08004860   Section        0  dataqueue.o(i.pcDataQueuePush)
    i.recoder_enter_rec_mode                 0x08004870   Section        0  recorder.o(i.recoder_enter_rec_mode)
    i.spi1_read_write_byte                   0x080048c8   Section        0  atk_mo1053.o(i.spi1_read_write_byte)
    i.spi1_set_speed                         0x080048e8   Section        0  spi.o(i.spi1_set_speed)
    x$fpl$fpinit                             0x0800491c   Section       10  fpinit.o(x$fpl$fpinit)
    $v0                                      0x0800491c   Number         0  fpinit.o(x$fpl$fpinit)
    .constdata                               0x08004926   Section       16  system_stm32f4xx.o(.constdata)
    .constdata                               0x08004936   Section        8  system_stm32f4xx.o(.constdata)
    .constdata                               0x0800493e   Section       80  recorder.o(.constdata)
    .data                                    0x20000000   Section        4  main.o(.data)
    cnt                                      0x20000002   Data           2  main.o(.data)
    .data                                    0x20000004   Section       28  usbd_desc.o(.data)
    .data                                    0x20000020   Section       50  usbd_desc.o(.data)
    .data                                    0x20000054   Section       20  usbd_cdc_if.o(.data)
    .data                                    0x20000068   Section        8  usbd_cdc_if.o(.data)
    cnt                                      0x20000068   Data           1  usbd_cdc_if.o(.data)
    total_length                             0x2000006c   Data           4  usbd_cdc_if.o(.data)
    .data                                    0x20000070   Section       12  stm32f4xx_hal.o(.data)
    .data                                    0x2000007c   Section        4  system_stm32f4xx.o(.data)
    .data                                    0x20000080   Section        1  usbd_ctlreq.o(.data)
    cfgidx                                   0x20000080   Data           1  usbd_ctlreq.o(.data)
    .data                                    0x20000084   Section       83  usbd_cdc.o(.data)
    CDCInEpAdd                               0x20000084   Data           1  usbd_cdc.o(.data)
    CDCOutEpAdd                              0x20000085   Data           1  usbd_cdc.o(.data)
    CDCCmdEpAdd                              0x20000086   Data           1  usbd_cdc.o(.data)
    USBD_CDC_DeviceQualifierDesc             0x20000088   Data          10  usbd_cdc.o(.data)
    USBD_CDC_CfgDesc                         0x20000094   Data          67  usbd_cdc.o(.data)
    .data                                    0x200000d8   Section       56  usbd_cdc.o(.data)
    .data                                    0x20000110   Section        8  atk_mo1053.o(.data)
    vsset                                    0x20000110   Data           8  atk_mo1053.o(.data)
    .data                                    0x20000118   Section        1  datapackdecode.o(.data)
    .bss                                     0x2000011c   Section     1612  main.o(.bss)
    .bss                                     0x20000768   Section       88  spi.o(.bss)
    .bss                                     0x200007c0   Section       68  usart.o(.bss)
    .bss                                     0x20000804   Section      732  usb_device.o(.bss)
    .bss                                     0x20000ae0   Section      512  usbd_desc.o(.bss)
    .bss                                     0x20000ce0   Section     4646  usbd_cdc_if.o(.bss)
    recv_buf                                 0x20000ce0   Data         550  usbd_cdc_if.o(.bss)
    .bss                                     0x20001f08   Section     1836  usbd_conf.o(.bss)
    mem                                      0x20001f08   Data         544  usbd_conf.o(.bss)
    .bss                                     0x20002634   Section    68300  dataqueue.o(.bss)
    .bss                                     0x20013100   Section      561  datapackdecode.o(.bss)
    .bss                                     0x20013334   Section       96  libspace.o(.bss)
    HEAP                                     0x20013398   Section     1024  startup_stm32f407xx.o(HEAP)
    Heap_Mem                                 0x20013398   Data        1024  startup_stm32f407xx.o(HEAP)
    STACK                                    0x20013798   Section     8192  startup_stm32f407xx.o(STACK)
    Stack_Mem                                0x20013798   Data        8192  startup_stm32f407xx.o(STACK)
    __initial_sp                             0x20015798   Data           0  startup_stm32f407xx.o(STACK)

    Global Symbols

    Symbol Name                              Value     Ov Type        Size  Object(Section)

    BuildAttributes$$THM_ISAv4$E$P$D$K$B$S$7EM$VFPi3$EXTD16$VFPS$VFMA$PE$A:L22UL41UL21$X:L11$S22US41US21$IEEE1$IW$USESV6$~STKCKD$USESV7$~SHL$OSPACE$ROPI$EBA8$UX$STANDARDLIB$REQ8$PRES8$EABIv2 0x00000000   Number         0  anon$$obj.o ABSOLUTE
    __ARM_use_no_argv                        0x00000000   Number         0  main.o ABSOLUTE
    __ARM_exceptions_init                     - Undefined Weak Reference
    __alloca_initialize                       - Undefined Weak Reference
    __arm_preinit_                            - Undefined Weak Reference
    __cpp_initialize__aeabi_                  - Undefined Weak Reference
    __cxa_finalize                            - Undefined Weak Reference
    __rt_locale                               - Undefined Weak Reference
    __sigvec_lookup                           - Undefined Weak Reference
    _atexit_init                              - Undefined Weak Reference
    _call_atexit_fns                          - Undefined Weak Reference
    _clock_init                               - Undefined Weak Reference
    _fp_trap_init                             - Undefined Weak Reference
    _fp_trap_shutdown                         - Undefined Weak Reference
    _get_lc_collate                           - Undefined Weak Reference
    _get_lc_ctype                             - Undefined Weak Reference
    _get_lc_monetary                          - Undefined Weak Reference
    _get_lc_numeric                           - Undefined Weak Reference
    _get_lc_time                              - Undefined Weak Reference
    _getenv_init                              - Undefined Weak Reference
    _handle_redirection                       - Undefined Weak Reference
    _init_alloc                               - Undefined Weak Reference
    _init_user_alloc                          - Undefined Weak Reference
    _initio                                   - Undefined Weak Reference
    _rand_init                                - Undefined Weak Reference
    _signal_finish                            - Undefined Weak Reference
    _signal_init                              - Undefined Weak Reference
    _terminate_alloc                          - Undefined Weak Reference
    _terminate_user_alloc                     - Undefined Weak Reference
    _terminateio                              - Undefined Weak Reference
    __Vectors_Size                           0x00000188   Number         0  startup_stm32f407xx.o ABSOLUTE
    __Vectors                                0x08000000   Data           4  startup_stm32f407xx.o(RESET)
    __Vectors_End                            0x08000188   Data           0  startup_stm32f407xx.o(RESET)
    __main                                   0x08000189   Thumb Code     8  __main.o(!!!main)
    __scatterload                            0x08000191   Thumb Code     0  __scatter.o(!!!scatter)
    __scatterload_rt2                        0x08000191   Thumb Code    44  __scatter.o(!!!scatter)
    __scatterload_rt2_thumb_only             0x08000191   Thumb Code     0  __scatter.o(!!!scatter)
    __scatterload_null                       0x0800019f   Thumb Code     0  __scatter.o(!!!scatter)
    __scatterload_copy                       0x080001c5   Thumb Code    26  __scatter_copy.o(!!handler_copy)
    __scatterload_zeroinit                   0x080001e1   Thumb Code    28  __scatter_zi.o(!!handler_zi)
    __rt_lib_init                            0x080001fd   Thumb Code     0  libinit.o(.ARM.Collect$$libinit$$00000000)
    __rt_lib_init_fp_1                       0x080001ff   Thumb Code     0  libinit2.o(.ARM.Collect$$libinit$$00000001)
    __rt_lib_init_alloca_1                   0x08000203   Thumb Code     0  libinit2.o(.ARM.Collect$$libinit$$0000002E)
    __rt_lib_init_argv_1                     0x08000203   Thumb Code     0  libinit2.o(.ARM.Collect$$libinit$$0000002C)
    __rt_lib_init_atexit_1                   0x08000203   Thumb Code     0  libinit2.o(.ARM.Collect$$libinit$$0000001B)
    __rt_lib_init_clock_1                    0x08000203   Thumb Code     0  libinit2.o(.ARM.Collect$$libinit$$00000021)
    __rt_lib_init_cpp_1                      0x08000203   Thumb Code     0  libinit2.o(.ARM.Collect$$libinit$$00000032)
    __rt_lib_init_exceptions_1               0x08000203   Thumb Code     0  libinit2.o(.ARM.Collect$$libinit$$00000030)
    __rt_lib_init_fp_trap_1                  0x08000203   Thumb Code     0  libinit2.o(.ARM.Collect$$libinit$$0000001F)
    __rt_lib_init_getenv_1                   0x08000203   Thumb Code     0  libinit2.o(.ARM.Collect$$libinit$$00000023)
    __rt_lib_init_heap_1                     0x08000203   Thumb Code     0  libinit2.o(.ARM.Collect$$libinit$$0000000A)
    __rt_lib_init_lc_collate_1               0x08000203   Thumb Code     0  libinit2.o(.ARM.Collect$$libinit$$00000011)
    __rt_lib_init_lc_ctype_1                 0x08000203   Thumb Code     0  libinit2.o(.ARM.Collect$$libinit$$00000013)
    __rt_lib_init_lc_monetary_1              0x08000203   Thumb Code     0  libinit2.o(.ARM.Collect$$libinit$$00000015)
    __rt_lib_init_lc_numeric_1               0x08000203   Thumb Code     0  libinit2.o(.ARM.Collect$$libinit$$00000017)
    __rt_lib_init_lc_time_1                  0x08000203   Thumb Code     0  libinit2.o(.ARM.Collect$$libinit$$00000019)
    __rt_lib_init_preinit_1                  0x08000203   Thumb Code     0  libinit2.o(.ARM.Collect$$libinit$$00000004)
    __rt_lib_init_rand_1                     0x08000203   Thumb Code     0  libinit2.o(.ARM.Collect$$libinit$$0000000E)
    __rt_lib_init_return                     0x08000203   Thumb Code     0  libinit2.o(.ARM.Collect$$libinit$$00000033)
    __rt_lib_init_signal_1                   0x08000203   Thumb Code     0  libinit2.o(.ARM.Collect$$libinit$$0000001D)
    __rt_lib_init_stdio_1                    0x08000203   Thumb Code     0  libinit2.o(.ARM.Collect$$libinit$$00000025)
    __rt_lib_init_user_alloc_1               0x08000203   Thumb Code     0  libinit2.o(.ARM.Collect$$libinit$$0000000C)
    __rt_lib_shutdown                        0x08000205   Thumb Code     0  libshutdown.o(.ARM.Collect$$libshutdown$$00000000)
    __rt_lib_shutdown_cpp_1                  0x08000207   Thumb Code     0  libshutdown2.o(.ARM.Collect$$libshutdown$$00000002)
    __rt_lib_shutdown_fp_trap_1              0x08000207   Thumb Code     0  libshutdown2.o(.ARM.Collect$$libshutdown$$00000007)
    __rt_lib_shutdown_heap_1                 0x08000207   Thumb Code     0  libshutdown2.o(.ARM.Collect$$libshutdown$$0000000F)
    __rt_lib_shutdown_return                 0x08000207   Thumb Code     0  libshutdown2.o(.ARM.Collect$$libshutdown$$00000010)
    __rt_lib_shutdown_signal_1               0x08000207   Thumb Code     0  libshutdown2.o(.ARM.Collect$$libshutdown$$0000000A)
    __rt_lib_shutdown_stdio_1                0x08000207   Thumb Code     0  libshutdown2.o(.ARM.Collect$$libshutdown$$00000004)
    __rt_lib_shutdown_user_alloc_1           0x08000207   Thumb Code     0  libshutdown2.o(.ARM.Collect$$libshutdown$$0000000C)
    __rt_entry                               0x08000209   Thumb Code     0  __rtentry.o(.ARM.Collect$$rtentry$$00000000)
    __rt_entry_presh_1                       0x08000209   Thumb Code     0  __rtentry2.o(.ARM.Collect$$rtentry$$00000002)
    __rt_entry_sh                            0x08000209   Thumb Code     0  __rtentry4.o(.ARM.Collect$$rtentry$$00000004)
    __rt_entry_li                            0x0800020f   Thumb Code     0  __rtentry2.o(.ARM.Collect$$rtentry$$0000000A)
    __rt_entry_postsh_1                      0x0800020f   Thumb Code     0  __rtentry2.o(.ARM.Collect$$rtentry$$00000009)
    __rt_entry_main                          0x08000213   Thumb Code     0  __rtentry2.o(.ARM.Collect$$rtentry$$0000000D)
    __rt_entry_postli_1                      0x08000213   Thumb Code     0  __rtentry2.o(.ARM.Collect$$rtentry$$0000000C)
    __rt_exit                                0x0800021b   Thumb Code     0  rtexit.o(.ARM.Collect$$rtexit$$00000000)
    __rt_exit_ls                             0x0800021d   Thumb Code     0  rtexit2.o(.ARM.Collect$$rtexit$$00000003)
    __rt_exit_prels_1                        0x0800021d   Thumb Code     0  rtexit2.o(.ARM.Collect$$rtexit$$00000002)
    __rt_exit_exit                           0x08000221   Thumb Code     0  rtexit2.o(.ARM.Collect$$rtexit$$00000004)
    Reset_Handler                            0x08000229   Thumb Code     8  startup_stm32f407xx.o(.text)
    ADC_IRQHandler                           0x08000243   Thumb Code     0  startup_stm32f407xx.o(.text)
    CAN1_RX0_IRQHandler                      0x08000243   Thumb Code     0  startup_stm32f407xx.o(.text)
    CAN1_RX1_IRQHandler                      0x08000243   Thumb Code     0  startup_stm32f407xx.o(.text)
    CAN1_SCE_IRQHandler                      0x08000243   Thumb Code     0  startup_stm32f407xx.o(.text)
    CAN1_TX_IRQHandler                       0x08000243   Thumb Code     0  startup_stm32f407xx.o(.text)
    CAN2_RX0_IRQHandler                      0x08000243   Thumb Code     0  startup_stm32f407xx.o(.text)
    CAN2_RX1_IRQHandler                      0x08000243   Thumb Code     0  startup_stm32f407xx.o(.text)
    CAN2_SCE_IRQHandler                      0x08000243   Thumb Code     0  startup_stm32f407xx.o(.text)
    CAN2_TX_IRQHandler                       0x08000243   Thumb Code     0  startup_stm32f407xx.o(.text)
    DCMI_IRQHandler                          0x08000243   Thumb Code     0  startup_stm32f407xx.o(.text)
    DMA1_Stream0_IRQHandler                  0x08000243   Thumb Code     0  startup_stm32f407xx.o(.text)
    DMA1_Stream1_IRQHandler                  0x08000243   Thumb Code     0  startup_stm32f407xx.o(.text)
    DMA1_Stream2_IRQHandler                  0x08000243   Thumb Code     0  startup_stm32f407xx.o(.text)
    DMA1_Stream3_IRQHandler                  0x08000243   Thumb Code     0  startup_stm32f407xx.o(.text)
    DMA1_Stream4_IRQHandler                  0x08000243   Thumb Code     0  startup_stm32f407xx.o(.text)
    DMA1_Stream5_IRQHandler                  0x08000243   Thumb Code     0  startup_stm32f407xx.o(.text)
    DMA1_Stream6_IRQHandler                  0x08000243   Thumb Code     0  startup_stm32f407xx.o(.text)
    DMA1_Stream7_IRQHandler                  0x08000243   Thumb Code     0  startup_stm32f407xx.o(.text)
    DMA2_Stream0_IRQHandler                  0x08000243   Thumb Code     0  startup_stm32f407xx.o(.text)
    DMA2_Stream1_IRQHandler                  0x08000243   Thumb Code     0  startup_stm32f407xx.o(.text)
    DMA2_Stream2_IRQHandler                  0x08000243   Thumb Code     0  startup_stm32f407xx.o(.text)
    DMA2_Stream3_IRQHandler                  0x08000243   Thumb Code     0  startup_stm32f407xx.o(.text)
    DMA2_Stream4_IRQHandler                  0x08000243   Thumb Code     0  startup_stm32f407xx.o(.text)
    DMA2_Stream5_IRQHandler                  0x08000243   Thumb Code     0  startup_stm32f407xx.o(.text)
    DMA2_Stream6_IRQHandler                  0x08000243   Thumb Code     0  startup_stm32f407xx.o(.text)
    DMA2_Stream7_IRQHandler                  0x08000243   Thumb Code     0  startup_stm32f407xx.o(.text)
    ETH_IRQHandler                           0x08000243   Thumb Code     0  startup_stm32f407xx.o(.text)
    ETH_WKUP_IRQHandler                      0x08000243   Thumb Code     0  startup_stm32f407xx.o(.text)
    EXTI0_IRQHandler                         0x08000243   Thumb Code     0  startup_stm32f407xx.o(.text)
    EXTI15_10_IRQHandler                     0x08000243   Thumb Code     0  startup_stm32f407xx.o(.text)
    EXTI1_IRQHandler                         0x08000243   Thumb Code     0  startup_stm32f407xx.o(.text)
    EXTI2_IRQHandler                         0x08000243   Thumb Code     0  startup_stm32f407xx.o(.text)
    EXTI3_IRQHandler                         0x08000243   Thumb Code     0  startup_stm32f407xx.o(.text)
    EXTI4_IRQHandler                         0x08000243   Thumb Code     0  startup_stm32f407xx.o(.text)
    EXTI9_5_IRQHandler                       0x08000243   Thumb Code     0  startup_stm32f407xx.o(.text)
    FLASH_IRQHandler                         0x08000243   Thumb Code     0  startup_stm32f407xx.o(.text)
    FMC_IRQHandler                           0x08000243   Thumb Code     0  startup_stm32f407xx.o(.text)
    FPU_IRQHandler                           0x08000243   Thumb Code     0  startup_stm32f407xx.o(.text)
    HASH_RNG_IRQHandler                      0x08000243   Thumb Code     0  startup_stm32f407xx.o(.text)
    I2C1_ER_IRQHandler                       0x08000243   Thumb Code     0  startup_stm32f407xx.o(.text)
    I2C1_EV_IRQHandler                       0x08000243   Thumb Code     0  startup_stm32f407xx.o(.text)
    I2C2_ER_IRQHandler                       0x08000243   Thumb Code     0  startup_stm32f407xx.o(.text)
    I2C2_EV_IRQHandler                       0x08000243   Thumb Code     0  startup_stm32f407xx.o(.text)
    I2C3_ER_IRQHandler                       0x08000243   Thumb Code     0  startup_stm32f407xx.o(.text)
    I2C3_EV_IRQHandler                       0x08000243   Thumb Code     0  startup_stm32f407xx.o(.text)
    OTG_FS_WKUP_IRQHandler                   0x08000243   Thumb Code     0  startup_stm32f407xx.o(.text)
    OTG_HS_EP1_IN_IRQHandler                 0x08000243   Thumb Code     0  startup_stm32f407xx.o(.text)
    OTG_HS_EP1_OUT_IRQHandler                0x08000243   Thumb Code     0  startup_stm32f407xx.o(.text)
    OTG_HS_IRQHandler                        0x08000243   Thumb Code     0  startup_stm32f407xx.o(.text)
    OTG_HS_WKUP_IRQHandler                   0x08000243   Thumb Code     0  startup_stm32f407xx.o(.text)
    PVD_IRQHandler                           0x08000243   Thumb Code     0  startup_stm32f407xx.o(.text)
    RCC_IRQHandler                           0x08000243   Thumb Code     0  startup_stm32f407xx.o(.text)
    RTC_Alarm_IRQHandler                     0x08000243   Thumb Code     0  startup_stm32f407xx.o(.text)
    RTC_WKUP_IRQHandler                      0x08000243   Thumb Code     0  startup_stm32f407xx.o(.text)
    SDIO_IRQHandler                          0x08000243   Thumb Code     0  startup_stm32f407xx.o(.text)
    SPI1_IRQHandler                          0x08000243   Thumb Code     0  startup_stm32f407xx.o(.text)
    SPI2_IRQHandler                          0x08000243   Thumb Code     0  startup_stm32f407xx.o(.text)
    SPI3_IRQHandler                          0x08000243   Thumb Code     0  startup_stm32f407xx.o(.text)
    TAMP_STAMP_IRQHandler                    0x08000243   Thumb Code     0  startup_stm32f407xx.o(.text)
    TIM1_BRK_TIM9_IRQHandler                 0x08000243   Thumb Code     0  startup_stm32f407xx.o(.text)
    TIM1_CC_IRQHandler                       0x08000243   Thumb Code     0  startup_stm32f407xx.o(.text)
    TIM1_TRG_COM_TIM11_IRQHandler            0x08000243   Thumb Code     0  startup_stm32f407xx.o(.text)
    TIM1_UP_TIM10_IRQHandler                 0x08000243   Thumb Code     0  startup_stm32f407xx.o(.text)
    TIM2_IRQHandler                          0x08000243   Thumb Code     0  startup_stm32f407xx.o(.text)
    TIM3_IRQHandler                          0x08000243   Thumb Code     0  startup_stm32f407xx.o(.text)
    TIM4_IRQHandler                          0x08000243   Thumb Code     0  startup_stm32f407xx.o(.text)
    TIM5_IRQHandler                          0x08000243   Thumb Code     0  startup_stm32f407xx.o(.text)
    TIM6_DAC_IRQHandler                      0x08000243   Thumb Code     0  startup_stm32f407xx.o(.text)
    TIM7_IRQHandler                          0x08000243   Thumb Code     0  startup_stm32f407xx.o(.text)
    TIM8_BRK_TIM12_IRQHandler                0x08000243   Thumb Code     0  startup_stm32f407xx.o(.text)
    TIM8_CC_IRQHandler                       0x08000243   Thumb Code     0  startup_stm32f407xx.o(.text)
    TIM8_TRG_COM_TIM14_IRQHandler            0x08000243   Thumb Code     0  startup_stm32f407xx.o(.text)
    TIM8_UP_TIM13_IRQHandler                 0x08000243   Thumb Code     0  startup_stm32f407xx.o(.text)
    UART4_IRQHandler                         0x08000243   Thumb Code     0  startup_stm32f407xx.o(.text)
    UART5_IRQHandler                         0x08000243   Thumb Code     0  startup_stm32f407xx.o(.text)
    USART1_IRQHandler                        0x08000243   Thumb Code     0  startup_stm32f407xx.o(.text)
    USART2_IRQHandler                        0x08000243   Thumb Code     0  startup_stm32f407xx.o(.text)
    USART3_IRQHandler                        0x08000243   Thumb Code     0  startup_stm32f407xx.o(.text)
    USART6_IRQHandler                        0x08000243   Thumb Code     0  startup_stm32f407xx.o(.text)
    WWDG_IRQHandler                          0x08000243   Thumb Code     0  startup_stm32f407xx.o(.text)
    __user_initial_stackheap                 0x08000245   Thumb Code     0  startup_stm32f407xx.o(.text)
    __aeabi_uldivmod                         0x08000269   Thumb Code     0  lludivv7m.o(.text)
    _ll_udiv                                 0x08000269   Thumb Code   238  lludivv7m.o(.text)
    __aeabi_memcpy                           0x08000357   Thumb Code     0  rt_memcpy_v6.o(.text)
    __rt_memcpy                              0x08000357   Thumb Code   138  rt_memcpy_v6.o(.text)
    _memcpy_lastbytes                        0x080003bd   Thumb Code     0  rt_memcpy_v6.o(.text)
    __aeabi_memcpy4                          0x080003e1   Thumb Code     0  rt_memcpy_w.o(.text)
    __aeabi_memcpy8                          0x080003e1   Thumb Code     0  rt_memcpy_w.o(.text)
    __rt_memcpy_w                            0x080003e1   Thumb Code   100  rt_memcpy_w.o(.text)
    _memcpy_lastbytes_aligned                0x08000429   Thumb Code     0  rt_memcpy_w.o(.text)
    __aeabi_memclr                           0x08000445   Thumb Code     0  rt_memclr.o(.text)
    __rt_memclr                              0x08000445   Thumb Code    68  rt_memclr.o(.text)
    _memset                                  0x08000449   Thumb Code     0  rt_memclr.o(.text)
    __aeabi_memclr4                          0x08000489   Thumb Code     0  rt_memclr_w.o(.text)
    __aeabi_memclr8                          0x08000489   Thumb Code     0  rt_memclr_w.o(.text)
    __rt_memclr_w                            0x08000489   Thumb Code    78  rt_memclr_w.o(.text)
    _memset_w                                0x0800048d   Thumb Code     0  rt_memclr_w.o(.text)
    __use_two_region_memory                  0x080004d7   Thumb Code     2  heapauxi.o(.text)
    __rt_heap_escrow$2region                 0x080004d9   Thumb Code     2  heapauxi.o(.text)
    __rt_heap_expand$2region                 0x080004db   Thumb Code     2  heapauxi.o(.text)
    __user_setup_stackheap                   0x080004dd   Thumb Code    74  sys_stackheap_outer.o(.text)
    exit                                     0x08000527   Thumb Code    18  exit.o(.text)
    __user_libspace                          0x08000539   Thumb Code     8  libspace.o(.text)
    __user_perproc_libspace                  0x08000539   Thumb Code     0  libspace.o(.text)
    __user_perthread_libspace                0x08000539   Thumb Code     0  libspace.o(.text)
    _sys_exit                                0x08000541   Thumb Code     8  sys_exit.o(.text)
    __I$use$semihosting                      0x0800054d   Thumb Code     0  use_no_semi.o(.text)
    __use_no_semihosting_swi                 0x0800054d   Thumb Code     2  use_no_semi.o(.text)
    BusFault_Handler                         0x0800054f   Thumb Code     2  stm32f4xx_it.o(i.BusFault_Handler)
    __semihosting_library_function           0x0800054f   Thumb Code     0  indicate_semi.o(.text)
    CDC_Transmit_FS                          0x080005e9   Thumb Code    38  usbd_cdc_if.o(i.CDC_Transmit_FS)
    DebugMon_Handler                         0x08000615   Thumb Code     2  stm32f4xx_it.o(i.DebugMon_Handler)
    Error_Handler                            0x08000617   Thumb Code     4  main.o(i.Error_Handler)
    HAL_Delay                                0x0800061d   Thumb Code    32  stm32f4xx_hal.o(i.HAL_Delay)
    HAL_GPIO_Init                            0x08000641   Thumb Code   450  stm32f4xx_hal_gpio.o(i.HAL_GPIO_Init)
    HAL_GPIO_ReadPin                         0x08000831   Thumb Code    10  stm32f4xx_hal_gpio.o(i.HAL_GPIO_ReadPin)
    HAL_GPIO_WritePin                        0x0800083b   Thumb Code    10  stm32f4xx_hal_gpio.o(i.HAL_GPIO_WritePin)
    HAL_GetTick                              0x08000845   Thumb Code     6  stm32f4xx_hal.o(i.HAL_GetTick)
    HAL_IncTick                              0x08000851   Thumb Code    12  stm32f4xx_hal.o(i.HAL_IncTick)
    HAL_Init                                 0x08000861   Thumb Code    48  stm32f4xx_hal.o(i.HAL_Init)
    HAL_InitTick                             0x08000895   Thumb Code    54  stm32f4xx_hal.o(i.HAL_InitTick)
    HAL_MspInit                              0x080008d5   Thumb Code    42  stm32f4xx_hal_msp.o(i.HAL_MspInit)
    HAL_NVIC_EnableIRQ                       0x08000905   Thumb Code    26  stm32f4xx_hal_cortex.o(i.HAL_NVIC_EnableIRQ)
    HAL_NVIC_SetPriority                     0x08000921   Thumb Code    60  stm32f4xx_hal_cortex.o(i.HAL_NVIC_SetPriority)
    HAL_NVIC_SetPriorityGrouping             0x08000961   Thumb Code    26  stm32f4xx_hal_cortex.o(i.HAL_NVIC_SetPriorityGrouping)
    HAL_PCDEx_LPM_Callback                   0x08000985   Thumb Code     2  stm32f4xx_hal_pcd_ex.o(i.HAL_PCDEx_LPM_Callback)
    HAL_PCDEx_SetRxFiFo                      0x08000987   Thumb Code     8  stm32f4xx_hal_pcd_ex.o(i.HAL_PCDEx_SetRxFiFo)
    HAL_PCDEx_SetTxFiFo                      0x0800098f   Thumb Code    68  stm32f4xx_hal_pcd_ex.o(i.HAL_PCDEx_SetTxFiFo)
    HAL_PCD_ConnectCallback                  0x080009d3   Thumb Code     8  usbd_conf.o(i.HAL_PCD_ConnectCallback)
    HAL_PCD_DataInStageCallback              0x080009db   Thumb Code    18  usbd_conf.o(i.HAL_PCD_DataInStageCallback)
    HAL_PCD_DataOutStageCallback             0x080009ed   Thumb Code    20  usbd_conf.o(i.HAL_PCD_DataOutStageCallback)
    HAL_PCD_DisconnectCallback               0x08000a01   Thumb Code     8  usbd_conf.o(i.HAL_PCD_DisconnectCallback)
    HAL_PCD_EP_Abort                         0x08000a09   Thumb Code    30  stm32f4xx_hal_pcd.o(i.HAL_PCD_EP_Abort)
    HAL_PCD_EP_Close                         0x08000a27   Thumb Code    76  stm32f4xx_hal_pcd.o(i.HAL_PCD_EP_Close)
    HAL_PCD_EP_ClrStall                      0x08000a73   Thumb Code    92  stm32f4xx_hal_pcd.o(i.HAL_PCD_EP_ClrStall)
    HAL_PCD_EP_GetRxCount                    0x08000acf   Thumb Code    18  stm32f4xx_hal_pcd.o(i.HAL_PCD_EP_GetRxCount)
    HAL_PCD_EP_Open                          0x08000ae1   Thumb Code    96  stm32f4xx_hal_pcd.o(i.HAL_PCD_EP_Open)
    HAL_PCD_EP_Receive                       0x08000b41   Thumb Code    72  stm32f4xx_hal_pcd.o(i.HAL_PCD_EP_Receive)
    HAL_PCD_EP_SetStall                      0x08000b89   Thumb Code   116  stm32f4xx_hal_pcd.o(i.HAL_PCD_EP_SetStall)
    HAL_PCD_EP_Transmit                      0x08000bfd   Thumb Code    64  stm32f4xx_hal_pcd.o(i.HAL_PCD_EP_Transmit)
    HAL_PCD_IRQHandler                       0x08000c3d   Thumb Code  1376  stm32f4xx_hal_pcd.o(i.HAL_PCD_IRQHandler)
    HAL_PCD_ISOINIncompleteCallback          0x0800119d   Thumb Code     8  usbd_conf.o(i.HAL_PCD_ISOINIncompleteCallback)
    HAL_PCD_ISOOUTIncompleteCallback         0x080011a5   Thumb Code     8  usbd_conf.o(i.HAL_PCD_ISOOUTIncompleteCallback)
    HAL_PCD_Init                             0x080011ad   Thumb Code   226  stm32f4xx_hal_pcd.o(i.HAL_PCD_Init)
    HAL_PCD_MspInit                          0x08001291   Thumb Code   122  usbd_conf.o(i.HAL_PCD_MspInit)
    HAL_PCD_ResetCallback                    0x08001315   Thumb Code    44  usbd_conf.o(i.HAL_PCD_ResetCallback)
    HAL_PCD_ResumeCallback                   0x08001341   Thumb Code     8  usbd_conf.o(i.HAL_PCD_ResumeCallback)
    HAL_PCD_SOFCallback                      0x08001349   Thumb Code     8  usbd_conf.o(i.HAL_PCD_SOFCallback)
    HAL_PCD_SetAddress                       0x08001351   Thumb Code    40  stm32f4xx_hal_pcd.o(i.HAL_PCD_SetAddress)
    HAL_PCD_SetupStageCallback               0x08001379   Thumb Code    14  usbd_conf.o(i.HAL_PCD_SetupStageCallback)
    HAL_PCD_Start                            0x08001387   Thumb Code    66  stm32f4xx_hal_pcd.o(i.HAL_PCD_Start)
    HAL_PCD_SuspendCallback                  0x080013c9   Thumb Code    44  usbd_conf.o(i.HAL_PCD_SuspendCallback)
    HAL_RCC_ClockConfig                      0x080013f9   Thumb Code   288  stm32f4xx_hal_rcc.o(i.HAL_RCC_ClockConfig)
    HAL_RCC_GetHCLKFreq                      0x0800152d   Thumb Code     6  stm32f4xx_hal_rcc.o(i.HAL_RCC_GetHCLKFreq)
    HAL_RCC_GetPCLK1Freq                     0x08001539   Thumb Code    20  stm32f4xx_hal_rcc.o(i.HAL_RCC_GetPCLK1Freq)
    HAL_RCC_GetPCLK2Freq                     0x08001559   Thumb Code    20  stm32f4xx_hal_rcc.o(i.HAL_RCC_GetPCLK2Freq)
    HAL_RCC_GetSysClockFreq                  0x08001579   Thumb Code    88  stm32f4xx_hal_rcc.o(i.HAL_RCC_GetSysClockFreq)
    HAL_RCC_OscConfig                        0x080015d9   Thumb Code   856  stm32f4xx_hal_rcc.o(i.HAL_RCC_OscConfig)
    HAL_SPI_Init                             0x08001945   Thumb Code   188  stm32f4xx_hal_spi.o(i.HAL_SPI_Init)
    HAL_SPI_MspInit                          0x08001a01   Thumb Code    92  spi.o(i.HAL_SPI_MspInit)
    HAL_SPI_TransmitReceive                  0x08001a69   Thumb Code   482  stm32f4xx_hal_spi.o(i.HAL_SPI_TransmitReceive)
    HAL_SYSTICK_Config                       0x08001c4b   Thumb Code    40  stm32f4xx_hal_cortex.o(i.HAL_SYSTICK_Config)
    HAL_UART_Init                            0x08001c73   Thumb Code    98  stm32f4xx_hal_uart.o(i.HAL_UART_Init)
    HAL_UART_MspInit                         0x08001cd5   Thumb Code    94  usart.o(i.HAL_UART_MspInit)
    HAL_UART_Transmit                        0x08001d41   Thumb Code   178  stm32f4xx_hal_uart.o(i.HAL_UART_Transmit)
    HardFault_Handler                        0x08001df3   Thumb Code     2  stm32f4xx_it.o(i.HardFault_Handler)
    MX_GPIO_Init                             0x08001e2d   Thumb Code   208  gpio.o(i.MX_GPIO_Init)
    MX_SPI1_Init                             0x08001f0d   Thumb Code    64  spi.o(i.MX_SPI1_Init)
    MX_UART4_Init                            0x08001f55   Thumb Code    48  usart.o(i.MX_UART4_Init)
    MX_USB_DEVICE_Init                       0x08001f8d   Thumb Code    66  usb_device.o(i.MX_USB_DEVICE_Init)
    MemManage_Handler                        0x08001fe1   Thumb Code     2  stm32f4xx_it.o(i.MemManage_Handler)
    NMI_Handler                              0x08001fe3   Thumb Code     2  stm32f4xx_it.o(i.NMI_Handler)
    OTG_FS_IRQHandler                        0x08001fe5   Thumb Code     6  stm32f4xx_it.o(i.OTG_FS_IRQHandler)
    PendSV_Handler                           0x0800215f   Thumb Code     2  stm32f4xx_it.o(i.PendSV_Handler)
    SVC_Handler                              0x08002271   Thumb Code     2  stm32f4xx_it.o(i.SVC_Handler)
    SysTick_Handler                          0x0800227d   Thumb Code     4  stm32f4xx_it.o(i.SysTick_Handler)
    SystemClock_Config                       0x08002281   Thumb Code   140  main.o(i.SystemClock_Config)
    SystemInit                               0x08002315   Thumb Code    12  system_stm32f4xx.o(i.SystemInit)
    USBD_CDC_GetDeviceQualifierDescriptor    0x08002625   Thumb Code     8  usbd_cdc.o(i.USBD_CDC_GetDeviceQualifierDescriptor)
    USBD_CDC_ReceivePacket                   0x08002801   Thumb Code    50  usbd_cdc.o(i.USBD_CDC_ReceivePacket)
    USBD_CDC_RegisterInterface               0x08002839   Thumb Code    22  usbd_cdc.o(i.USBD_CDC_RegisterInterface)
    USBD_CDC_SetRxBuffer                     0x0800284f   Thumb Code    26  usbd_cdc.o(i.USBD_CDC_SetRxBuffer)
    USBD_CDC_SetTxBuffer                     0x08002869   Thumb Code    30  usbd_cdc.o(i.USBD_CDC_SetTxBuffer)
    USBD_CDC_TransmitPacket                  0x0800295d   Thumb Code    76  usbd_cdc.o(i.USBD_CDC_TransmitPacket)
    USBD_ClrClassConfig                      0x080029ad   Thumb Code    20  usbd_core.o(i.USBD_ClrClassConfig)
    USBD_CoreFindEP                          0x080029c1   Thumb Code     4  usbd_core.o(i.USBD_CoreFindEP)
    USBD_CoreFindIF                          0x080029c5   Thumb Code     4  usbd_core.o(i.USBD_CoreFindIF)
    USBD_CtlContinueRx                       0x080029c9   Thumb Code    16  usbd_ioreq.o(i.USBD_CtlContinueRx)
    USBD_CtlContinueSendData                 0x080029d9   Thumb Code    16  usbd_ioreq.o(i.USBD_CtlContinueSendData)
    USBD_CtlError                            0x080029e9   Thumb Code    22  usbd_ctlreq.o(i.USBD_CtlError)
    USBD_CtlPrepareRx                        0x080029ff   Thumb Code    30  usbd_ioreq.o(i.USBD_CtlPrepareRx)
    USBD_CtlReceiveStatus                    0x08002a1d   Thumb Code    22  usbd_ioreq.o(i.USBD_CtlReceiveStatus)
    USBD_CtlSendData                         0x08002a33   Thumb Code    26  usbd_ioreq.o(i.USBD_CtlSendData)
    USBD_CtlSendStatus                       0x08002a4d   Thumb Code    22  usbd_ioreq.o(i.USBD_CtlSendStatus)
    USBD_FS_ConfigStrDescriptor              0x08002a65   Thumb Code    16  usbd_desc.o(i.USBD_FS_ConfigStrDescriptor)
    USBD_FS_DeviceDescriptor                 0x08002a85   Thumb Code     8  usbd_desc.o(i.USBD_FS_DeviceDescriptor)
    USBD_FS_InterfaceStrDescriptor           0x08002a91   Thumb Code    16  usbd_desc.o(i.USBD_FS_InterfaceStrDescriptor)
    USBD_FS_LangIDStrDescriptor              0x08002ab5   Thumb Code     8  usbd_desc.o(i.USBD_FS_LangIDStrDescriptor)
    USBD_FS_ManufacturerStrDescriptor        0x08002ac1   Thumb Code    16  usbd_desc.o(i.USBD_FS_ManufacturerStrDescriptor)
    USBD_FS_ProductStrDescriptor             0x08002ae9   Thumb Code    16  usbd_desc.o(i.USBD_FS_ProductStrDescriptor)
    USBD_FS_SerialStrDescriptor              0x08002b15   Thumb Code    48  usbd_desc.o(i.USBD_FS_SerialStrDescriptor)
    USBD_GetEpDesc                           0x08002c33   Thumb Code    58  usbd_core.o(i.USBD_GetEpDesc)
    USBD_GetNextDesc                         0x08002c6d   Thumb Code    14  usbd_core.o(i.USBD_GetNextDesc)
    USBD_GetString                           0x08002c7b   Thumb Code    72  usbd_ctlreq.o(i.USBD_GetString)
    USBD_Get_USB_Status                      0x08002cc3   Thumb Code    24  usbd_conf.o(i.USBD_Get_USB_Status)
    USBD_Init                                0x08002cdb   Thumb Code    38  usbd_core.o(i.USBD_Init)
    USBD_LL_ClearStallEP                     0x08002d01   Thumb Code    18  usbd_conf.o(i.USBD_LL_ClearStallEP)
    USBD_LL_CloseEP                          0x08002d13   Thumb Code    18  usbd_conf.o(i.USBD_LL_CloseEP)
    USBD_LL_DataInStage                      0x08002d25   Thumb Code   182  usbd_core.o(i.USBD_LL_DataInStage)
    USBD_LL_DataOutStage                     0x08002ddb   Thumb Code   142  usbd_core.o(i.USBD_LL_DataOutStage)
    USBD_LL_DevConnected                     0x08002e69   Thumb Code     4  usbd_core.o(i.USBD_LL_DevConnected)
    USBD_LL_DevDisconnected                  0x08002e6d   Thumb Code    30  usbd_core.o(i.USBD_LL_DevDisconnected)
    USBD_LL_GetRxDataSize                    0x08002e8b   Thumb Code     8  usbd_conf.o(i.USBD_LL_GetRxDataSize)
    USBD_LL_Init                             0x08002e95   Thumb Code    90  usbd_conf.o(i.USBD_LL_Init)
    USBD_LL_IsStallEP                        0x08002ef5   Thumb Code    32  usbd_conf.o(i.USBD_LL_IsStallEP)
    USBD_LL_IsoINIncomplete                  0x08002f15   Thumb Code    40  usbd_core.o(i.USBD_LL_IsoINIncomplete)
    USBD_LL_IsoOUTIncomplete                 0x08002f3d   Thumb Code    40  usbd_core.o(i.USBD_LL_IsoOUTIncomplete)
    USBD_LL_OpenEP                           0x08002f65   Thumb Code    24  usbd_conf.o(i.USBD_LL_OpenEP)
    USBD_LL_PrepareReceive                   0x08002f7d   Thumb Code    18  usbd_conf.o(i.USBD_LL_PrepareReceive)
    USBD_LL_Reset                            0x08002f8f   Thumb Code    92  usbd_core.o(i.USBD_LL_Reset)
    USBD_LL_Resume                           0x08002feb   Thumb Code    20  usbd_core.o(i.USBD_LL_Resume)
    USBD_LL_SOF                              0x08002fff   Thumb Code    26  usbd_core.o(i.USBD_LL_SOF)
    USBD_LL_SetSpeed                         0x08003019   Thumb Code     6  usbd_core.o(i.USBD_LL_SetSpeed)
    USBD_LL_SetUSBAddress                    0x0800301f   Thumb Code    18  usbd_conf.o(i.USBD_LL_SetUSBAddress)
    USBD_LL_SetupStage                       0x08003031   Thumb Code    96  usbd_core.o(i.USBD_LL_SetupStage)
    USBD_LL_StallEP                          0x08003091   Thumb Code    18  usbd_conf.o(i.USBD_LL_StallEP)
    USBD_LL_Start                            0x080030a3   Thumb Code    18  usbd_conf.o(i.USBD_LL_Start)
    USBD_LL_Suspend                          0x080030b5   Thumb Code    18  usbd_core.o(i.USBD_LL_Suspend)
    USBD_LL_Transmit                         0x080030c7   Thumb Code    18  usbd_conf.o(i.USBD_LL_Transmit)
    USBD_ParseSetupRequest                   0x080030d9   Thumb Code    44  usbd_ctlreq.o(i.USBD_ParseSetupRequest)
    USBD_RegisterClass                       0x08003105   Thumb Code    58  usbd_core.o(i.USBD_RegisterClass)
    USBD_SetClassConfig                      0x0800313f   Thumb Code    20  usbd_core.o(i.USBD_SetClassConfig)
    USBD_Start                               0x0800320d   Thumb Code     4  usbd_core.o(i.USBD_Start)
    USBD_StdDevReq                           0x08003211   Thumb Code   300  usbd_ctlreq.o(i.USBD_StdDevReq)
    USBD_StdEPReq                            0x0800333d   Thumb Code   352  usbd_ctlreq.o(i.USBD_StdEPReq)
    USBD_StdItfReq                           0x0800349d   Thumb Code   114  usbd_ctlreq.o(i.USBD_StdItfReq)
    USBD_static_free                         0x0800350f   Thumb Code     2  usbd_conf.o(i.USBD_static_free)
    USBD_static_malloc                       0x08003511   Thumb Code     4  usbd_conf.o(i.USBD_static_malloc)
    USB_ActivateEndpoint                     0x08003519   Thumb Code   122  stm32f4xx_ll_usb.o(i.USB_ActivateEndpoint)
    USB_ActivateSetup                        0x08003599   Thumb Code    28  stm32f4xx_ll_usb.o(i.USB_ActivateSetup)
    USB_CoreInit                             0x080035b5   Thumb Code   112  stm32f4xx_ll_usb.o(i.USB_CoreInit)
    USB_DeactivateEndpoint                   0x08003669   Thumb Code   194  stm32f4xx_ll_usb.o(i.USB_DeactivateEndpoint)
    USB_DevConnect                           0x08003735   Thumb Code    28  stm32f4xx_ll_usb.o(i.USB_DevConnect)
    USB_DevDisconnect                        0x08003751   Thumb Code    28  stm32f4xx_ll_usb.o(i.USB_DevDisconnect)
    USB_DevInit                              0x0800376d   Thumb Code   362  stm32f4xx_ll_usb.o(i.USB_DevInit)
    USB_DisableGlobalInt                     0x080038e1   Thumb Code    12  stm32f4xx_ll_usb.o(i.USB_DisableGlobalInt)
    USB_EP0StartXfer                         0x080038ed   Thumb Code   280  stm32f4xx_ll_usb.o(i.USB_EP0StartXfer)
    USB_EP0_OutStart                         0x08003a09   Thumb Code    84  stm32f4xx_ll_usb.o(i.USB_EP0_OutStart)
    USB_EPClearStall                         0x08003a61   Thumb Code    88  stm32f4xx_ll_usb.o(i.USB_EPClearStall)
    USB_EPSetStall                           0x08003ab9   Thumb Code    88  stm32f4xx_ll_usb.o(i.USB_EPSetStall)
    USB_EPStartXfer                          0x08003b11   Thumb Code   480  stm32f4xx_ll_usb.o(i.USB_EPStartXfer)
    USB_EPStopXfer                           0x08003cf5   Thumb Code   158  stm32f4xx_ll_usb.o(i.USB_EPStopXfer)
    USB_EnableGlobalInt                      0x08003d93   Thumb Code    12  stm32f4xx_ll_usb.o(i.USB_EnableGlobalInt)
    USB_FlushRxFifo                          0x08003da1   Thumb Code    54  stm32f4xx_ll_usb.o(i.USB_FlushRxFifo)
    USB_FlushTxFifo                          0x08003ddd   Thumb Code    58  stm32f4xx_ll_usb.o(i.USB_FlushTxFifo)
    USB_GetDevSpeed                          0x08003e1d   Thumb Code    26  stm32f4xx_ll_usb.o(i.USB_GetDevSpeed)
    USB_GetMode                              0x08003e37   Thumb Code     8  stm32f4xx_ll_usb.o(i.USB_GetMode)
    USB_ReadDevAllInEpInterrupt              0x08003e3f   Thumb Code    14  stm32f4xx_ll_usb.o(i.USB_ReadDevAllInEpInterrupt)
    USB_ReadDevAllOutEpInterrupt             0x08003e4d   Thumb Code    14  stm32f4xx_ll_usb.o(i.USB_ReadDevAllOutEpInterrupt)
    USB_ReadDevInEPInterrupt                 0x08003e5b   Thumb Code    36  stm32f4xx_ll_usb.o(i.USB_ReadDevInEPInterrupt)
    USB_ReadDevOutEPInterrupt                0x08003e7f   Thumb Code    16  stm32f4xx_ll_usb.o(i.USB_ReadDevOutEPInterrupt)
    USB_ReadInterrupts                       0x08003e8f   Thumb Code     8  stm32f4xx_ll_usb.o(i.USB_ReadInterrupts)
    USB_ReadPacket                           0x08003e97   Thumb Code    62  stm32f4xx_ll_usb.o(i.USB_ReadPacket)
    USB_SetCurrentMode                       0x08003ed5   Thumb Code    92  stm32f4xx_ll_usb.o(i.USB_SetCurrentMode)
    USB_SetDevAddress                        0x08003f31   Thumb Code    34  stm32f4xx_ll_usb.o(i.USB_SetDevAddress)
    USB_SetTurnaroundTime                    0x08003f55   Thumb Code   158  stm32f4xx_ll_usb.o(i.USB_SetTurnaroundTime)
    USB_WritePacket                          0x0800403d   Thumb Code    40  stm32f4xx_ll_usb.o(i.USB_WritePacket)
    UsageFault_Handler                       0x08004065   Thumb Code     2  stm32f4xx_it.o(i.UsageFault_Handler)
    VS_Load_Patch                            0x08004069   Thumb Code    92  recorder.o(i.VS_Load_Patch)
    atk_mo1053_init                          0x080040e5   Thumb Code    72  atk_mo1053.o(i.atk_mo1053_init)
    atk_mo1053_read_reg                      0x08004145   Thumb Code   104  atk_mo1053.o(i.atk_mo1053_read_reg)
    atk_mo1053_reset                         0x080041b5   Thumb Code   100  atk_mo1053.o(i.atk_mo1053_reset)
    atk_mo1053_reset_decode_time             0x08004225   Thumb Code    22  atk_mo1053.o(i.atk_mo1053_reset_decode_time)
    atk_mo1053_restart_play                  0x0800423b   Thumb Code   158  atk_mo1053.o(i.atk_mo1053_restart_play)
    atk_mo1053_send_music_data               0x080042d9   Thumb Code    68  atk_mo1053.o(i.atk_mo1053_send_music_data)
    atk_mo1053_set_all                       0x08004325   Thumb Code    38  atk_mo1053.o(i.atk_mo1053_set_all)
    atk_mo1053_set_effect                    0x08004351   Thumb Code    40  atk_mo1053.o(i.atk_mo1053_set_effect)
    atk_mo1053_set_speaker                   0x08004379   Thumb Code    28  atk_mo1053.o(i.atk_mo1053_set_speaker)
    atk_mo1053_set_tone                      0x08004395   Thumb Code    52  atk_mo1053.o(i.atk_mo1053_set_tone)
    atk_mo1053_set_volume                    0x080043c9   Thumb Code    40  atk_mo1053.o(i.atk_mo1053_set_volume)
    atk_mo1053_soft_reset                    0x080043f1   Thumb Code   126  atk_mo1053.o(i.atk_mo1053_soft_reset)
    atk_mo1053_spi_read_write_byte           0x08004475   Thumb Code     4  atk_mo1053.o(i.atk_mo1053_spi_read_write_byte)
    atk_mo1053_spi_speed_high                0x08004479   Thumb Code     6  atk_mo1053.o(i.atk_mo1053_spi_speed_high)
    atk_mo1053_write_cmd                     0x08004481   Thumb Code    96  atk_mo1053.o(i.atk_mo1053_write_cmd)
    audioDataQueueInit                       0x08004515   Thumb Code    12  dataqueue.o(i.audioDataQueueInit)
    checkDataHead                            0x08004525   Thumb Code    56  datapackdecode.o(i.checkDataHead)
    checkSpiCtrl                             0x08004561   Thumb Code    38  datapackdecode.o(i.checkSpiCtrl)
    dataPackInit                             0x08004587   Thumb Code    58  datapackdecode.o(i.dataPackInit)
    dataQueueInit                            0x080045c1   Thumb Code    16  dataqueue.o(i.dataQueueInit)
    dataQueuePop                             0x080045d1   Thumb Code    74  dataqueue.o(i.dataQueuePop)
    dataQueuePush                            0x0800461b   Thumb Code    94  dataqueue.o(i.dataQueuePush)
    delay_ms                                 0x08004679   Thumb Code     4  delay.o(i.delay_ms)
    delay_us                                 0x0800467d   Thumb Code    14  delay.o(i.delay_us)
    getAudioData                             0x0800468b   Thumb Code    20  datapackdecode.o(i.getAudioData)
    main                                     0x080046a1   Thumb Code   374  main.o(i.main)
    pcDataQueueInit                          0x08004831   Thumb Code     6  dataqueue.o(i.pcDataQueueInit)
    pcDataQueueIsEmpty                       0x0800483d   Thumb Code    16  dataqueue.o(i.pcDataQueueIsEmpty)
    pcDataQueuePop                           0x08004851   Thumb Code    10  dataqueue.o(i.pcDataQueuePop)
    pcDataQueuePush                          0x08004861   Thumb Code    10  dataqueue.o(i.pcDataQueuePush)
    recoder_enter_rec_mode                   0x08004871   Thumb Code    84  recorder.o(i.recoder_enter_rec_mode)
    spi1_read_write_byte                     0x080048c9   Thumb Code    28  atk_mo1053.o(i.spi1_read_write_byte)
    spi1_set_speed                           0x080048e9   Thumb Code    48  spi.o(i.spi1_set_speed)
    _fp_init                                 0x0800491d   Thumb Code    10  fpinit.o(x$fpl$fpinit)
    __fplib_config_fpu_vfp                   0x08004925   Thumb Code     0  fpinit.o(x$fpl$fpinit)
    __fplib_config_pureend_doubles           0x08004925   Thumb Code     0  fpinit.o(x$fpl$fpinit)
    AHBPrescTable                            0x08004926   Data          16  system_stm32f4xx.o(.constdata)
    APBPrescTable                            0x08004936   Data           8  system_stm32f4xx.o(.constdata)
    wav_plugin                               0x0800493e   Data          80  recorder.o(.constdata)
    Region$$Table$$Base                      0x08004990   Number         0  anon$$obj.o(Region$$Table)
    Region$$Table$$Limit                     0x080049b0   Number         0  anon$$obj.o(Region$$Table)
    rec_state                                0x20000000   Data           1  main.o(.data)
    FS_Desc                                  0x20000004   Data          28  usbd_desc.o(.data)
    USBD_LangIDDesc                          0x20000020   Data           4  usbd_desc.o(.data)
    USBD_FS_DeviceDesc                       0x20000024   Data          18  usbd_desc.o(.data)
    USBD_StringSerial                        0x20000038   Data          26  usbd_desc.o(.data)
    USBD_Interface_fops_FS                   0x20000054   Data          20  usbd_cdc_if.o(.data)
    uwTickFreq                               0x20000070   Data           1  stm32f4xx_hal.o(.data)
    uwTickPrio                               0x20000074   Data           4  stm32f4xx_hal.o(.data)
    uwTick                                   0x20000078   Data           4  stm32f4xx_hal.o(.data)
    SystemCoreClock                          0x2000007c   Data           4  system_stm32f4xx.o(.data)
    USBD_CDC                                 0x200000d8   Data          56  usbd_cdc.o(.data)
    datapack_init_flag                       0x20000118   Data           1  datapackdecode.o(.data)
    send_buf                                 0x2000011c   Data         550  main.o(.bss)
    recv_buf                                 0x20000342   Data         550  main.o(.bss)
    audio_buf                                0x20000568   Data         512  main.o(.bss)
    hspi1                                    0x20000768   Data          88  spi.o(.bss)
    huart4                                   0x200007c0   Data          68  usart.o(.bss)
    hUsbDeviceFS                             0x20000804   Data         732  usb_device.o(.bss)
    USBD_StrDesc                             0x20000ae0   Data         512  usbd_desc.o(.bss)
    UserRxBufferFS                           0x20000f06   Data        2048  usbd_cdc_if.o(.bss)
    UserTxBufferFS                           0x20001706   Data        2048  usbd_cdc_if.o(.bss)
    hpcd_USB_OTG_FS                          0x20002128   Data        1292  usbd_conf.o(.bss)
    pcDataQueue                              0x20002634   Data        2758  dataqueue.o(.bss)
    audioDataQueue                           0x200030fc   Data       65540  dataqueue.o(.bss)
    pcDataPack                               0x20013100   Data         561  datapackdecode.o(.bss)
    __libspace_start                         0x20013334   Data          96  libspace.o(.bss)
    __temporary_stack_top$libspace           0x20013394   Data           0  libspace.o(.bss)



==============================================================================

Memory Map of the image

  Image Entry point : 0x08000189

  Load Region LR_IROM1 (Base: 0x08000000, Size: 0x00004acc, Max: 0x00100000, ABSOLUTE)

    Execution Region ER_IROM1 (Exec base: 0x08000000, Load base: 0x08000000, Size: 0x000049b0, Max: 0x00100000, ABSOLUTE)

    Exec Addr    Load Addr    Size         Type   Attr      Idx    E Section Name        Object

    0x08000000   0x08000000   0x00000188   Data   RO            3    RESET               startup_stm32f407xx.o
    0x08000188   0x08000188   0x00000008   Code   RO         4103  * !!!main             c_w.l(__main.o)
    0x08000190   0x08000190   0x00000034   Code   RO         4270    !!!scatter          c_w.l(__scatter.o)
    0x080001c4   0x080001c4   0x0000001a   Code   RO         4272    !!handler_copy      c_w.l(__scatter_copy.o)
    0x080001de   0x080001de   0x00000002   PAD
    0x080001e0   0x080001e0   0x0000001c   Code   RO         4274    !!handler_zi        c_w.l(__scatter_zi.o)
    0x080001fc   0x080001fc   0x00000002   Code   RO         4140    .ARM.Collect$$libinit$$00000000  c_w.l(libinit.o)
    0x080001fe   0x080001fe   0x00000004   Code   RO         4152    .ARM.Collect$$libinit$$00000001  c_w.l(libinit2.o)
    0x08000202   0x08000202   0x00000000   Code   RO         4155    .ARM.Collect$$libinit$$00000004  c_w.l(libinit2.o)
    0x08000202   0x08000202   0x00000000   Code   RO         4158    .ARM.Collect$$libinit$$0000000A  c_w.l(libinit2.o)
    0x08000202   0x08000202   0x00000000   Code   RO         4160    .ARM.Collect$$libinit$$0000000C  c_w.l(libinit2.o)
    0x08000202   0x08000202   0x00000000   Code   RO         4162    .ARM.Collect$$libinit$$0000000E  c_w.l(libinit2.o)
    0x08000202   0x08000202   0x00000000   Code   RO         4165    .ARM.Collect$$libinit$$00000011  c_w.l(libinit2.o)
    0x08000202   0x08000202   0x00000000   Code   RO         4167    .ARM.Collect$$libinit$$00000013  c_w.l(libinit2.o)
    0x08000202   0x08000202   0x00000000   Code   RO         4169    .ARM.Collect$$libinit$$00000015  c_w.l(libinit2.o)
    0x08000202   0x08000202   0x00000000   Code   RO         4171    .ARM.Collect$$libinit$$00000017  c_w.l(libinit2.o)
    0x08000202   0x08000202   0x00000000   Code   RO         4173    .ARM.Collect$$libinit$$00000019  c_w.l(libinit2.o)
    0x08000202   0x08000202   0x00000000   Code   RO         4175    .ARM.Collect$$libinit$$0000001B  c_w.l(libinit2.o)
    0x08000202   0x08000202   0x00000000   Code   RO         4177    .ARM.Collect$$libinit$$0000001D  c_w.l(libinit2.o)
    0x08000202   0x08000202   0x00000000   Code   RO         4179    .ARM.Collect$$libinit$$0000001F  c_w.l(libinit2.o)
    0x08000202   0x08000202   0x00000000   Code   RO         4181    .ARM.Collect$$libinit$$00000021  c_w.l(libinit2.o)
    0x08000202   0x08000202   0x00000000   Code   RO         4183    .ARM.Collect$$libinit$$00000023  c_w.l(libinit2.o)
    0x08000202   0x08000202   0x00000000   Code   RO         4185    .ARM.Collect$$libinit$$00000025  c_w.l(libinit2.o)
    0x08000202   0x08000202   0x00000000   Code   RO         4189    .ARM.Collect$$libinit$$0000002C  c_w.l(libinit2.o)
    0x08000202   0x08000202   0x00000000   Code   RO         4191    .ARM.Collect$$libinit$$0000002E  c_w.l(libinit2.o)
    0x08000202   0x08000202   0x00000000   Code   RO         4193    .ARM.Collect$$libinit$$00000030  c_w.l(libinit2.o)
    0x08000202   0x08000202   0x00000000   Code   RO         4195    .ARM.Collect$$libinit$$00000032  c_w.l(libinit2.o)
    0x08000202   0x08000202   0x00000002   Code   RO         4196    .ARM.Collect$$libinit$$00000033  c_w.l(libinit2.o)
    0x08000204   0x08000204   0x00000002   Code   RO         4227    .ARM.Collect$$libshutdown$$00000000  c_w.l(libshutdown.o)
    0x08000206   0x08000206   0x00000000   Code   RO         4253    .ARM.Collect$$libshutdown$$00000002  c_w.l(libshutdown2.o)
    0x08000206   0x08000206   0x00000000   Code   RO         4255    .ARM.Collect$$libshutdown$$00000004  c_w.l(libshutdown2.o)
    0x08000206   0x08000206   0x00000000   Code   RO         4258    .ARM.Collect$$libshutdown$$00000007  c_w.l(libshutdown2.o)
    0x08000206   0x08000206   0x00000000   Code   RO         4261    .ARM.Collect$$libshutdown$$0000000A  c_w.l(libshutdown2.o)
    0x08000206   0x08000206   0x00000000   Code   RO         4263    .ARM.Collect$$libshutdown$$0000000C  c_w.l(libshutdown2.o)
    0x08000206   0x08000206   0x00000000   Code   RO         4266    .ARM.Collect$$libshutdown$$0000000F  c_w.l(libshutdown2.o)
    0x08000206   0x08000206   0x00000002   Code   RO         4267    .ARM.Collect$$libshutdown$$00000010  c_w.l(libshutdown2.o)
    0x08000208   0x08000208   0x00000000   Code   RO         4105    .ARM.Collect$$rtentry$$00000000  c_w.l(__rtentry.o)
    0x08000208   0x08000208   0x00000000   Code   RO         4111    .ARM.Collect$$rtentry$$00000002  c_w.l(__rtentry2.o)
    0x08000208   0x08000208   0x00000006   Code   RO         4123    .ARM.Collect$$rtentry$$00000004  c_w.l(__rtentry4.o)
    0x0800020e   0x0800020e   0x00000000   Code   RO         4113    .ARM.Collect$$rtentry$$00000009  c_w.l(__rtentry2.o)
    0x0800020e   0x0800020e   0x00000004   Code   RO         4114    .ARM.Collect$$rtentry$$0000000A  c_w.l(__rtentry2.o)
    0x08000212   0x08000212   0x00000000   Code   RO         4116    .ARM.Collect$$rtentry$$0000000C  c_w.l(__rtentry2.o)
    0x08000212   0x08000212   0x00000008   Code   RO         4117    .ARM.Collect$$rtentry$$0000000D  c_w.l(__rtentry2.o)
    0x0800021a   0x0800021a   0x00000002   Code   RO         4144    .ARM.Collect$$rtexit$$00000000  c_w.l(rtexit.o)
    0x0800021c   0x0800021c   0x00000000   Code   RO         4200    .ARM.Collect$$rtexit$$00000002  c_w.l(rtexit2.o)
    0x0800021c   0x0800021c   0x00000004   Code   RO         4201    .ARM.Collect$$rtexit$$00000003  c_w.l(rtexit2.o)
    0x08000220   0x08000220   0x00000006   Code   RO         4202    .ARM.Collect$$rtexit$$00000004  c_w.l(rtexit2.o)
    0x08000226   0x08000226   0x00000002   PAD
    0x08000228   0x08000228   0x00000040   Code   RO            4    .text               startup_stm32f407xx.o
    0x08000268   0x08000268   0x000000ee   Code   RO         4091    .text               c_w.l(lludivv7m.o)
    0x08000356   0x08000356   0x0000008a   Code   RO         4093    .text               c_w.l(rt_memcpy_v6.o)
    0x080003e0   0x080003e0   0x00000064   Code   RO         4095    .text               c_w.l(rt_memcpy_w.o)
    0x08000444   0x08000444   0x00000044   Code   RO         4097    .text               c_w.l(rt_memclr.o)
    0x08000488   0x08000488   0x0000004e   Code   RO         4099    .text               c_w.l(rt_memclr_w.o)
    0x080004d6   0x080004d6   0x00000006   Code   RO         4101    .text               c_w.l(heapauxi.o)
    0x080004dc   0x080004dc   0x0000004a   Code   RO         4127    .text               c_w.l(sys_stackheap_outer.o)
    0x08000526   0x08000526   0x00000012   Code   RO         4129    .text               c_w.l(exit.o)
    0x08000538   0x08000538   0x00000008   Code   RO         4141    .text               c_w.l(libspace.o)
    0x08000540   0x08000540   0x0000000c   Code   RO         4197    .text               c_w.l(sys_exit.o)
    0x0800054c   0x0800054c   0x00000002   Code   RO         4216    .text               c_w.l(use_no_semi.o)
    0x0800054e   0x0800054e   0x00000000   Code   RO         4218    .text               c_w.l(indicate_semi.o)
    0x0800054e   0x0800054e   0x00000002   Code   RO          340    i.BusFault_Handler  stm32f4xx_it.o
    0x08000550   0x08000550   0x00000004   Code   RO          563    i.CDC_Control_FS    usbd_cdc_if.o
    0x08000554   0x08000554   0x00000004   Code   RO          564    i.CDC_DeInit_FS     usbd_cdc_if.o
    0x08000558   0x08000558   0x00000024   Code   RO          565    i.CDC_Init_FS       usbd_cdc_if.o
    0x0800057c   0x0800057c   0x00000068   Code   RO          566    i.CDC_Receive_FS    usbd_cdc_if.o
    0x080005e4   0x080005e4   0x00000004   Code   RO          567    i.CDC_TransmitCplt_FS  usbd_cdc_if.o
    0x080005e8   0x080005e8   0x0000002c   Code   RO          568    i.CDC_Transmit_FS   usbd_cdc_if.o
    0x08000614   0x08000614   0x00000002   Code   RO          341    i.DebugMon_Handler  stm32f4xx_it.o
    0x08000616   0x08000616   0x00000004   Code   RO           14    i.Error_Handler     main.o
    0x0800061a   0x0800061a   0x00000002   PAD
    0x0800061c   0x0800061c   0x00000024   Code   RO         2294    i.HAL_Delay         stm32f4xx_hal.o
    0x08000640   0x08000640   0x000001f0   Code   RO         1768    i.HAL_GPIO_Init     stm32f4xx_hal_gpio.o
    0x08000830   0x08000830   0x0000000a   Code   RO         1770    i.HAL_GPIO_ReadPin  stm32f4xx_hal_gpio.o
    0x0800083a   0x0800083a   0x0000000a   Code   RO         1772    i.HAL_GPIO_WritePin  stm32f4xx_hal_gpio.o
    0x08000844   0x08000844   0x0000000c   Code   RO         2300    i.HAL_GetTick       stm32f4xx_hal.o
    0x08000850   0x08000850   0x00000010   Code   RO         2306    i.HAL_IncTick       stm32f4xx_hal.o
    0x08000860   0x08000860   0x00000034   Code   RO         2307    i.HAL_Init          stm32f4xx_hal.o
    0x08000894   0x08000894   0x00000040   Code   RO         2308    i.HAL_InitTick      stm32f4xx_hal.o
    0x080008d4   0x080008d4   0x00000030   Code   RO          422    i.HAL_MspInit       stm32f4xx_hal_msp.o
    0x08000904   0x08000904   0x0000001a   Code   RO         2157    i.HAL_NVIC_EnableIRQ  stm32f4xx_hal_cortex.o
    0x0800091e   0x0800091e   0x00000002   PAD
    0x08000920   0x08000920   0x00000040   Code   RO         2163    i.HAL_NVIC_SetPriority  stm32f4xx_hal_cortex.o
    0x08000960   0x08000960   0x00000024   Code   RO         2164    i.HAL_NVIC_SetPriorityGrouping  stm32f4xx_hal_cortex.o
    0x08000984   0x08000984   0x00000002   Code   RO         1067    i.HAL_PCDEx_LPM_Callback  stm32f4xx_hal_pcd_ex.o
    0x08000986   0x08000986   0x00000008   Code   RO         1068    i.HAL_PCDEx_SetRxFiFo  stm32f4xx_hal_pcd_ex.o
    0x0800098e   0x0800098e   0x00000044   Code   RO         1069    i.HAL_PCDEx_SetTxFiFo  stm32f4xx_hal_pcd_ex.o
    0x080009d2   0x080009d2   0x00000008   Code   RO          621    i.HAL_PCD_ConnectCallback  usbd_conf.o
    0x080009da   0x080009da   0x00000012   Code   RO          622    i.HAL_PCD_DataInStageCallback  usbd_conf.o
    0x080009ec   0x080009ec   0x00000014   Code   RO          623    i.HAL_PCD_DataOutStageCallback  usbd_conf.o
    0x08000a00   0x08000a00   0x00000008   Code   RO          624    i.HAL_PCD_DisconnectCallback  usbd_conf.o
    0x08000a08   0x08000a08   0x0000001e   Code   RO          837    i.HAL_PCD_EP_Abort  stm32f4xx_hal_pcd.o
    0x08000a26   0x08000a26   0x0000004c   Code   RO          838    i.HAL_PCD_EP_Close  stm32f4xx_hal_pcd.o
    0x08000a72   0x08000a72   0x0000005c   Code   RO          839    i.HAL_PCD_EP_ClrStall  stm32f4xx_hal_pcd.o
    0x08000ace   0x08000ace   0x00000012   Code   RO          841    i.HAL_PCD_EP_GetRxCount  stm32f4xx_hal_pcd.o
    0x08000ae0   0x08000ae0   0x00000060   Code   RO          842    i.HAL_PCD_EP_Open   stm32f4xx_hal_pcd.o
    0x08000b40   0x08000b40   0x00000048   Code   RO          843    i.HAL_PCD_EP_Receive  stm32f4xx_hal_pcd.o
    0x08000b88   0x08000b88   0x00000074   Code   RO          844    i.HAL_PCD_EP_SetStall  stm32f4xx_hal_pcd.o
    0x08000bfc   0x08000bfc   0x00000040   Code   RO          845    i.HAL_PCD_EP_Transmit  stm32f4xx_hal_pcd.o
    0x08000c3c   0x08000c3c   0x00000560   Code   RO          847    i.HAL_PCD_IRQHandler  stm32f4xx_hal_pcd.o
    0x0800119c   0x0800119c   0x00000008   Code   RO          625    i.HAL_PCD_ISOINIncompleteCallback  usbd_conf.o
    0x080011a4   0x080011a4   0x00000008   Code   RO          626    i.HAL_PCD_ISOOUTIncompleteCallback  usbd_conf.o
    0x080011ac   0x080011ac   0x000000e2   Code   RO          850    i.HAL_PCD_Init      stm32f4xx_hal_pcd.o
    0x0800128e   0x0800128e   0x00000002   PAD
    0x08001290   0x08001290   0x00000084   Code   RO          628    i.HAL_PCD_MspInit   usbd_conf.o
    0x08001314   0x08001314   0x0000002c   Code   RO          629    i.HAL_PCD_ResetCallback  usbd_conf.o
    0x08001340   0x08001340   0x00000008   Code   RO          630    i.HAL_PCD_ResumeCallback  usbd_conf.o
    0x08001348   0x08001348   0x00000008   Code   RO          631    i.HAL_PCD_SOFCallback  usbd_conf.o
    0x08001350   0x08001350   0x00000028   Code   RO          856    i.HAL_PCD_SetAddress  stm32f4xx_hal_pcd.o
    0x08001378   0x08001378   0x0000000e   Code   RO          632    i.HAL_PCD_SetupStageCallback  usbd_conf.o
    0x08001386   0x08001386   0x00000042   Code   RO          859    i.HAL_PCD_Start     stm32f4xx_hal_pcd.o
    0x080013c8   0x080013c8   0x00000030   Code   RO          633    i.HAL_PCD_SuspendCallback  usbd_conf.o
    0x080013f8   0x080013f8   0x00000134   Code   RO         1414    i.HAL_RCC_ClockConfig  stm32f4xx_hal_rcc.o
    0x0800152c   0x0800152c   0x0000000c   Code   RO         1419    i.HAL_RCC_GetHCLKFreq  stm32f4xx_hal_rcc.o
    0x08001538   0x08001538   0x00000020   Code   RO         1421    i.HAL_RCC_GetPCLK1Freq  stm32f4xx_hal_rcc.o
    0x08001558   0x08001558   0x00000020   Code   RO         1422    i.HAL_RCC_GetPCLK2Freq  stm32f4xx_hal_rcc.o
    0x08001578   0x08001578   0x00000060   Code   RO         1423    i.HAL_RCC_GetSysClockFreq  stm32f4xx_hal_rcc.o
    0x080015d8   0x080015d8   0x0000036c   Code   RO         1426    i.HAL_RCC_OscConfig  stm32f4xx_hal_rcc.o
    0x08001944   0x08001944   0x000000bc   Code   RO         2556    i.HAL_SPI_Init      stm32f4xx_hal_spi.o
    0x08001a00   0x08001a00   0x00000068   Code   RO          251    i.HAL_SPI_MspInit   spi.o
    0x08001a68   0x08001a68   0x000001e2   Code   RO         2565    i.HAL_SPI_TransmitReceive  stm32f4xx_hal_spi.o
    0x08001c4a   0x08001c4a   0x00000028   Code   RO         2168    i.HAL_SYSTICK_Config  stm32f4xx_hal_cortex.o
    0x08001c72   0x08001c72   0x00000062   Code   RO         2932    i.HAL_UART_Init     stm32f4xx_hal_uart.o
    0x08001cd4   0x08001cd4   0x0000006c   Code   RO          299    i.HAL_UART_MspInit  usart.o
    0x08001d40   0x08001d40   0x000000b2   Code   RO         2940    i.HAL_UART_Transmit  stm32f4xx_hal_uart.o
    0x08001df2   0x08001df2   0x00000002   Code   RO          342    i.HardFault_Handler  stm32f4xx_it.o
    0x08001df4   0x08001df4   0x00000038   Code   RO          477    i.IntToUnicode      usbd_desc.o
    0x08001e2c   0x08001e2c   0x000000e0   Code   RO          226    i.MX_GPIO_Init      gpio.o
    0x08001f0c   0x08001f0c   0x00000048   Code   RO          252    i.MX_SPI1_Init      spi.o
    0x08001f54   0x08001f54   0x00000038   Code   RO          300    i.MX_UART4_Init     usart.o
    0x08001f8c   0x08001f8c   0x00000054   Code   RO          446    i.MX_USB_DEVICE_Init  usb_device.o
    0x08001fe0   0x08001fe0   0x00000002   Code   RO          343    i.MemManage_Handler  stm32f4xx_it.o
    0x08001fe2   0x08001fe2   0x00000002   Code   RO          344    i.NMI_Handler       stm32f4xx_it.o
    0x08001fe4   0x08001fe4   0x0000000c   Code   RO          345    i.OTG_FS_IRQHandler  stm32f4xx_it.o
    0x08001ff0   0x08001ff0   0x000000cc   Code   RO          863    i.PCD_EP_OutXfrComplete_int  stm32f4xx_hal_pcd.o
    0x080020bc   0x080020bc   0x000000a2   Code   RO          864    i.PCD_WriteEmptyTxFifo  stm32f4xx_hal_pcd.o
    0x0800215e   0x0800215e   0x00000002   Code   RO          346    i.PendSV_Handler    stm32f4xx_it.o
    0x08002160   0x08002160   0x00000058   Code   RO         2594    i.SPI_EndRxTxTransaction  stm32f4xx_hal_spi.o
    0x080021b8   0x080021b8   0x000000b8   Code   RO         2599    i.SPI_WaitFlagStateUntilTimeout  stm32f4xx_hal_spi.o
    0x08002270   0x08002270   0x00000002   Code   RO          347    i.SVC_Handler       stm32f4xx_it.o
    0x08002272   0x08002272   0x0000000a   Code   RO         3457    i.SWAPBYTE          usbd_ctlreq.o
    0x0800227c   0x0800227c   0x00000004   Code   RO          348    i.SysTick_Handler   stm32f4xx_it.o
    0x08002280   0x08002280   0x00000094   Code   RO           15    i.SystemClock_Config  main.o
    0x08002314   0x08002314   0x00000010   Code   RO         3261    i.SystemInit        system_stm32f4xx.o
    0x08002324   0x08002324   0x0000010c   Code   RO         2958    i.UART_SetConfig    stm32f4xx_hal_uart.o
    0x08002430   0x08002430   0x00000078   Code   RO         2961    i.UART_WaitOnFlagUntilTimeout  stm32f4xx_hal_uart.o
    0x080024a8   0x080024a8   0x00000076   Code   RO         3590    i.USBD_CDC_DataIn   usbd_cdc.o
    0x0800251e   0x0800251e   0x0000003c   Code   RO         3591    i.USBD_CDC_DataOut  usbd_cdc.o
    0x0800255a   0x0800255a   0x00000002   PAD
    0x0800255c   0x0800255c   0x00000090   Code   RO         3592    i.USBD_CDC_DeInit   usbd_cdc.o
    0x080025ec   0x080025ec   0x00000036   Code   RO         3593    i.USBD_CDC_EP0_RxReady  usbd_cdc.o
    0x08002622   0x08002622   0x00000002   PAD
    0x08002624   0x08002624   0x0000000c   Code   RO         3594    i.USBD_CDC_GetDeviceQualifierDescriptor  usbd_cdc.o
    0x08002630   0x08002630   0x0000003c   Code   RO         3595    i.USBD_CDC_GetFSCfgDesc  usbd_cdc.o
    0x0800266c   0x0800266c   0x00000040   Code   RO         3596    i.USBD_CDC_GetHSCfgDesc  usbd_cdc.o
    0x080026ac   0x080026ac   0x0000003c   Code   RO         3597    i.USBD_CDC_GetOtherSpeedCfgDesc  usbd_cdc.o
    0x080026e8   0x080026e8   0x00000118   Code   RO         3598    i.USBD_CDC_Init     usbd_cdc.o
    0x08002800   0x08002800   0x00000038   Code   RO         3599    i.USBD_CDC_ReceivePacket  usbd_cdc.o
    0x08002838   0x08002838   0x00000016   Code   RO         3600    i.USBD_CDC_RegisterInterface  usbd_cdc.o
    0x0800284e   0x0800284e   0x0000001a   Code   RO         3601    i.USBD_CDC_SetRxBuffer  usbd_cdc.o
    0x08002868   0x08002868   0x0000001e   Code   RO         3602    i.USBD_CDC_SetTxBuffer  usbd_cdc.o
    0x08002886   0x08002886   0x000000d4   Code   RO         3603    i.USBD_CDC_Setup    usbd_cdc.o
    0x0800295a   0x0800295a   0x00000002   PAD
    0x0800295c   0x0800295c   0x00000050   Code   RO         3604    i.USBD_CDC_TransmitPacket  usbd_cdc.o
    0x080029ac   0x080029ac   0x00000014   Code   RO         3298    i.USBD_ClrClassConfig  usbd_core.o
    0x080029c0   0x080029c0   0x00000004   Code   RO         3299    i.USBD_CoreFindEP   usbd_core.o
    0x080029c4   0x080029c4   0x00000004   Code   RO         3300    i.USBD_CoreFindIF   usbd_core.o
    0x080029c8   0x080029c8   0x00000010   Code   RO         3530    i.USBD_CtlContinueRx  usbd_ioreq.o
    0x080029d8   0x080029d8   0x00000010   Code   RO         3531    i.USBD_CtlContinueSendData  usbd_ioreq.o
    0x080029e8   0x080029e8   0x00000016   Code   RO         3458    i.USBD_CtlError     usbd_ctlreq.o
    0x080029fe   0x080029fe   0x0000001e   Code   RO         3532    i.USBD_CtlPrepareRx  usbd_ioreq.o
    0x08002a1c   0x08002a1c   0x00000016   Code   RO         3533    i.USBD_CtlReceiveStatus  usbd_ioreq.o
    0x08002a32   0x08002a32   0x0000001a   Code   RO         3534    i.USBD_CtlSendData  usbd_ioreq.o
    0x08002a4c   0x08002a4c   0x00000016   Code   RO         3535    i.USBD_CtlSendStatus  usbd_ioreq.o
    0x08002a62   0x08002a62   0x00000002   PAD
    0x08002a64   0x08002a64   0x00000020   Code   RO          478    i.USBD_FS_ConfigStrDescriptor  usbd_desc.o
    0x08002a84   0x08002a84   0x0000000c   Code   RO          479    i.USBD_FS_DeviceDescriptor  usbd_desc.o
    0x08002a90   0x08002a90   0x00000024   Code   RO          480    i.USBD_FS_InterfaceStrDescriptor  usbd_desc.o
    0x08002ab4   0x08002ab4   0x0000000c   Code   RO          481    i.USBD_FS_LangIDStrDescriptor  usbd_desc.o
    0x08002ac0   0x08002ac0   0x00000028   Code   RO          482    i.USBD_FS_ManufacturerStrDescriptor  usbd_desc.o
    0x08002ae8   0x08002ae8   0x0000002c   Code   RO          483    i.USBD_FS_ProductStrDescriptor  usbd_desc.o
    0x08002b14   0x08002b14   0x00000038   Code   RO          484    i.USBD_FS_SerialStrDescriptor  usbd_desc.o
    0x08002b4c   0x08002b4c   0x000000e6   Code   RO         3459    i.USBD_GetDescriptor  usbd_ctlreq.o
    0x08002c32   0x08002c32   0x0000003a   Code   RO         3302    i.USBD_GetEpDesc    usbd_core.o
    0x08002c6c   0x08002c6c   0x0000000e   Code   RO         3303    i.USBD_GetNextDesc  usbd_core.o
    0x08002c7a   0x08002c7a   0x00000048   Code   RO         3460    i.USBD_GetString    usbd_ctlreq.o
    0x08002cc2   0x08002cc2   0x00000018   Code   RO          634    i.USBD_Get_USB_Status  usbd_conf.o
    0x08002cda   0x08002cda   0x00000026   Code   RO         3304    i.USBD_Init         usbd_core.o
    0x08002d00   0x08002d00   0x00000012   Code   RO          635    i.USBD_LL_ClearStallEP  usbd_conf.o
    0x08002d12   0x08002d12   0x00000012   Code   RO          636    i.USBD_LL_CloseEP   usbd_conf.o
    0x08002d24   0x08002d24   0x000000b6   Code   RO         3305    i.USBD_LL_DataInStage  usbd_core.o
    0x08002dda   0x08002dda   0x0000008e   Code   RO         3306    i.USBD_LL_DataOutStage  usbd_core.o
    0x08002e68   0x08002e68   0x00000004   Code   RO         3307    i.USBD_LL_DevConnected  usbd_core.o
    0x08002e6c   0x08002e6c   0x0000001e   Code   RO         3308    i.USBD_LL_DevDisconnected  usbd_core.o
    0x08002e8a   0x08002e8a   0x00000008   Code   RO          640    i.USBD_LL_GetRxDataSize  usbd_conf.o
    0x08002e92   0x08002e92   0x00000002   PAD
    0x08002e94   0x08002e94   0x00000060   Code   RO          641    i.USBD_LL_Init      usbd_conf.o
    0x08002ef4   0x08002ef4   0x00000020   Code   RO          642    i.USBD_LL_IsStallEP  usbd_conf.o
    0x08002f14   0x08002f14   0x00000028   Code   RO         3309    i.USBD_LL_IsoINIncomplete  usbd_core.o
    0x08002f3c   0x08002f3c   0x00000028   Code   RO         3310    i.USBD_LL_IsoOUTIncomplete  usbd_core.o
    0x08002f64   0x08002f64   0x00000018   Code   RO          643    i.USBD_LL_OpenEP    usbd_conf.o
    0x08002f7c   0x08002f7c   0x00000012   Code   RO          644    i.USBD_LL_PrepareReceive  usbd_conf.o
    0x08002f8e   0x08002f8e   0x0000005c   Code   RO         3311    i.USBD_LL_Reset     usbd_core.o
    0x08002fea   0x08002fea   0x00000014   Code   RO         3312    i.USBD_LL_Resume    usbd_core.o
    0x08002ffe   0x08002ffe   0x0000001a   Code   RO         3313    i.USBD_LL_SOF       usbd_core.o
    0x08003018   0x08003018   0x00000006   Code   RO         3314    i.USBD_LL_SetSpeed  usbd_core.o
    0x0800301e   0x0800301e   0x00000012   Code   RO          645    i.USBD_LL_SetUSBAddress  usbd_conf.o
    0x08003030   0x08003030   0x00000060   Code   RO         3315    i.USBD_LL_SetupStage  usbd_core.o
    0x08003090   0x08003090   0x00000012   Code   RO          646    i.USBD_LL_StallEP   usbd_conf.o
    0x080030a2   0x080030a2   0x00000012   Code   RO          647    i.USBD_LL_Start     usbd_conf.o
    0x080030b4   0x080030b4   0x00000012   Code   RO         3316    i.USBD_LL_Suspend   usbd_core.o
    0x080030c6   0x080030c6   0x00000012   Code   RO          649    i.USBD_LL_Transmit  usbd_conf.o
    0x080030d8   0x080030d8   0x0000002c   Code   RO         3461    i.USBD_ParseSetupRequest  usbd_ctlreq.o
    0x08003104   0x08003104   0x0000003a   Code   RO         3317    i.USBD_RegisterClass  usbd_core.o
    0x0800313e   0x0800313e   0x00000014   Code   RO         3319    i.USBD_SetClassConfig  usbd_core.o
    0x08003152   0x08003152   0x00000002   PAD
    0x08003154   0x08003154   0x000000b8   Code   RO         3462    i.USBD_SetConfig    usbd_ctlreq.o
    0x0800320c   0x0800320c   0x00000004   Code   RO         3320    i.USBD_Start        usbd_core.o
    0x08003210   0x08003210   0x0000012c   Code   RO         3463    i.USBD_StdDevReq    usbd_ctlreq.o
    0x0800333c   0x0800333c   0x00000160   Code   RO         3464    i.USBD_StdEPReq     usbd_ctlreq.o
    0x0800349c   0x0800349c   0x00000072   Code   RO         3465    i.USBD_StdItfReq    usbd_ctlreq.o
    0x0800350e   0x0800350e   0x00000002   Code   RO          650    i.USBD_static_free  usbd_conf.o
    0x08003510   0x08003510   0x00000008   Code   RO          651    i.USBD_static_malloc  usbd_conf.o
    0x08003518   0x08003518   0x00000080   Code   RO         1109    i.USB_ActivateEndpoint  stm32f4xx_ll_usb.o
    0x08003598   0x08003598   0x0000001c   Code   RO         1111    i.USB_ActivateSetup  stm32f4xx_ll_usb.o
    0x080035b4   0x080035b4   0x00000074   Code   RO         1113    i.USB_CoreInit      stm32f4xx_ll_usb.o
    0x08003628   0x08003628   0x00000040   Code   RO         1114    i.USB_CoreReset     stm32f4xx_ll_usb.o
    0x08003668   0x08003668   0x000000cc   Code   RO         1117    i.USB_DeactivateEndpoint  stm32f4xx_ll_usb.o
    0x08003734   0x08003734   0x0000001c   Code   RO         1118    i.USB_DevConnect    stm32f4xx_ll_usb.o
    0x08003750   0x08003750   0x0000001c   Code   RO         1119    i.USB_DevDisconnect  stm32f4xx_ll_usb.o
    0x0800376c   0x0800376c   0x00000174   Code   RO         1120    i.USB_DevInit       stm32f4xx_ll_usb.o
    0x080038e0   0x080038e0   0x0000000c   Code   RO         1121    i.USB_DisableGlobalInt  stm32f4xx_ll_usb.o
    0x080038ec   0x080038ec   0x0000011c   Code   RO         1124    i.USB_EP0StartXfer  stm32f4xx_ll_usb.o
    0x08003a08   0x08003a08   0x00000058   Code   RO         1125    i.USB_EP0_OutStart  stm32f4xx_ll_usb.o
    0x08003a60   0x08003a60   0x00000058   Code   RO         1126    i.USB_EPClearStall  stm32f4xx_ll_usb.o
    0x08003ab8   0x08003ab8   0x00000058   Code   RO         1127    i.USB_EPSetStall    stm32f4xx_ll_usb.o
    0x08003b10   0x08003b10   0x000001e4   Code   RO         1128    i.USB_EPStartXfer   stm32f4xx_ll_usb.o
    0x08003cf4   0x08003cf4   0x0000009e   Code   RO         1129    i.USB_EPStopXfer    stm32f4xx_ll_usb.o
    0x08003d92   0x08003d92   0x0000000c   Code   RO         1130    i.USB_EnableGlobalInt  stm32f4xx_ll_usb.o
    0x08003d9e   0x08003d9e   0x00000002   PAD
    0x08003da0   0x08003da0   0x0000003c   Code   RO         1131    i.USB_FlushRxFifo   stm32f4xx_ll_usb.o
    0x08003ddc   0x08003ddc   0x00000040   Code   RO         1132    i.USB_FlushTxFifo   stm32f4xx_ll_usb.o
    0x08003e1c   0x08003e1c   0x0000001a   Code   RO         1134    i.USB_GetDevSpeed   stm32f4xx_ll_usb.o
    0x08003e36   0x08003e36   0x00000008   Code   RO         1136    i.USB_GetMode       stm32f4xx_ll_usb.o
    0x08003e3e   0x08003e3e   0x0000000e   Code   RO         1143    i.USB_ReadDevAllInEpInterrupt  stm32f4xx_ll_usb.o
    0x08003e4c   0x08003e4c   0x0000000e   Code   RO         1144    i.USB_ReadDevAllOutEpInterrupt  stm32f4xx_ll_usb.o
    0x08003e5a   0x08003e5a   0x00000024   Code   RO         1145    i.USB_ReadDevInEPInterrupt  stm32f4xx_ll_usb.o
    0x08003e7e   0x08003e7e   0x00000010   Code   RO         1146    i.USB_ReadDevOutEPInterrupt  stm32f4xx_ll_usb.o
    0x08003e8e   0x08003e8e   0x00000008   Code   RO         1147    i.USB_ReadInterrupts  stm32f4xx_ll_usb.o
    0x08003e96   0x08003e96   0x0000003e   Code   RO         1148    i.USB_ReadPacket    stm32f4xx_ll_usb.o
    0x08003ed4   0x08003ed4   0x0000005c   Code   RO         1150    i.USB_SetCurrentMode  stm32f4xx_ll_usb.o
    0x08003f30   0x08003f30   0x00000022   Code   RO         1151    i.USB_SetDevAddress  stm32f4xx_ll_usb.o
    0x08003f52   0x08003f52   0x00000002   PAD
    0x08003f54   0x08003f54   0x000000e8   Code   RO         1153    i.USB_SetTurnaroundTime  stm32f4xx_ll_usb.o
    0x0800403c   0x0800403c   0x00000028   Code   RO         1156    i.USB_WritePacket   stm32f4xx_ll_usb.o
    0x08004064   0x08004064   0x00000002   Code   RO          349    i.UsageFault_Handler  stm32f4xx_it.o
    0x08004066   0x08004066   0x00000002   PAD
    0x08004068   0x08004068   0x0000005c   Code   RO         3898    i.VS_Load_Patch     recorder.o
    0x080040c4   0x080040c4   0x00000020   Code   RO         2170    i.__NVIC_SetPriority  stm32f4xx_hal_cortex.o
    0x080040e4   0x080040e4   0x0000004c   Code   RO         3699    i.atk_mo1053_init   atk_mo1053.o
    0x08004130   0x08004130   0x00000014   Code   RO         3702    i.atk_mo1053_read_ram  atk_mo1053.o
    0x08004144   0x08004144   0x00000070   Code   RO         3703    i.atk_mo1053_read_reg  atk_mo1053.o
    0x080041b4   0x080041b4   0x00000070   Code   RO         3704    i.atk_mo1053_reset  atk_mo1053.o
    0x08004224   0x08004224   0x00000016   Code   RO         3705    i.atk_mo1053_reset_decode_time  atk_mo1053.o
    0x0800423a   0x0800423a   0x0000009e   Code   RO         3706    i.atk_mo1053_restart_play  atk_mo1053.o
    0x080042d8   0x080042d8   0x0000004c   Code   RO         3707    i.atk_mo1053_send_music_data  atk_mo1053.o
    0x08004324   0x08004324   0x0000002c   Code   RO         3708    i.atk_mo1053_set_all  atk_mo1053.o
    0x08004350   0x08004350   0x00000028   Code   RO         3709    i.atk_mo1053_set_effect  atk_mo1053.o
    0x08004378   0x08004378   0x0000001c   Code   RO         3710    i.atk_mo1053_set_speaker  atk_mo1053.o
    0x08004394   0x08004394   0x00000034   Code   RO         3712    i.atk_mo1053_set_tone  atk_mo1053.o
    0x080043c8   0x080043c8   0x00000028   Code   RO         3713    i.atk_mo1053_set_volume  atk_mo1053.o
    0x080043f0   0x080043f0   0x00000084   Code   RO         3715    i.atk_mo1053_soft_reset  atk_mo1053.o
    0x08004474   0x08004474   0x00000004   Code   RO         3716    i.atk_mo1053_spi_read_write_byte  atk_mo1053.o
    0x08004478   0x08004478   0x00000006   Code   RO         3717    i.atk_mo1053_spi_speed_high  atk_mo1053.o
    0x0800447e   0x0800447e   0x00000002   PAD
    0x08004480   0x08004480   0x00000068   Code   RO         3719    i.atk_mo1053_write_cmd  atk_mo1053.o
    0x080044e8   0x080044e8   0x0000002c   Code   RO         3720    i.atk_mo1053_write_ram  atk_mo1053.o
    0x08004514   0x08004514   0x00000010   Code   RO         3937    i.audioDataQueueInit  dataqueue.o
    0x08004524   0x08004524   0x0000003c   Code   RO         4046    i.checkDataHead     datapackdecode.o
    0x08004560   0x08004560   0x00000026   Code   RO         4047    i.checkSpiCtrl      datapackdecode.o
    0x08004586   0x08004586   0x0000003a   Code   RO         4048    i.dataPackInit      datapackdecode.o
    0x080045c0   0x080045c0   0x00000010   Code   RO         3942    i.dataQueueInit     dataqueue.o
    0x080045d0   0x080045d0   0x0000004a   Code   RO         3945    i.dataQueuePop      dataqueue.o
    0x0800461a   0x0800461a   0x0000005e   Code   RO         3946    i.dataQueuePush     dataqueue.o
    0x08004678   0x08004678   0x00000004   Code   RO         3868    i.delay_ms          delay.o
    0x0800467c   0x0800467c   0x0000000e   Code   RO         3869    i.delay_us          delay.o
    0x0800468a   0x0800468a   0x00000014   Code   RO         4049    i.getAudioData      datapackdecode.o
    0x0800469e   0x0800469e   0x00000002   PAD
    0x080046a0   0x080046a0   0x00000190   Code   RO           16    i.main              main.o
    0x08004830   0x08004830   0x0000000c   Code   RO         3947    i.pcDataQueueInit   dataqueue.o
    0x0800483c   0x0800483c   0x00000014   Code   RO         3948    i.pcDataQueueIsEmpty  dataqueue.o
    0x08004850   0x08004850   0x00000010   Code   RO         3950    i.pcDataQueuePop    dataqueue.o
    0x08004860   0x08004860   0x00000010   Code   RO         3951    i.pcDataQueuePush   dataqueue.o
    0x08004870   0x08004870   0x00000058   Code   RO         3899    i.recoder_enter_rec_mode  recorder.o
    0x080048c8   0x080048c8   0x00000020   Code   RO         3721    i.spi1_read_write_byte  atk_mo1053.o
    0x080048e8   0x080048e8   0x00000034   Code   RO          253    i.spi1_set_speed    spi.o
    0x0800491c   0x0800491c   0x0000000a   Code   RO         4212    x$fpl$fpinit        fz_wm.l(fpinit.o)
    0x08004926   0x08004926   0x00000010   Data   RO         3262    .constdata          system_stm32f4xx.o
    0x08004936   0x08004936   0x00000008   Data   RO         3263    .constdata          system_stm32f4xx.o
    0x0800493e   0x0800493e   0x00000050   Data   RO         3901    .constdata          recorder.o
    0x0800498e   0x0800498e   0x00000002   PAD
    0x08004990   0x08004990   0x00000020   Data   RO         4268    Region$$Table       anon$$obj.o


    Execution Region RW_IRAM1 (Exec base: 0x20000000, Load base: 0x080049b0, Size: 0x00015798, Max: 0x0001c000, ABSOLUTE)

    Exec Addr    Load Addr    Size         Type   Attr      Idx    E Section Name        Object

    0x20000000   0x080049b0   0x00000004   Data   RW           19    .data               main.o
    0x20000004   0x080049b4   0x0000001c   Data   RW          486    .data               usbd_desc.o
    0x20000020   0x080049d0   0x00000032   Data   RW          487    .data               usbd_desc.o
    0x20000052   0x08004a02   0x00000002   PAD
    0x20000054   0x08004a04   0x00000014   Data   RW          570    .data               usbd_cdc_if.o
    0x20000068   0x08004a18   0x00000008   Data   RW          571    .data               usbd_cdc_if.o
    0x20000070   0x08004a20   0x0000000c   Data   RW         2314    .data               stm32f4xx_hal.o
    0x2000007c   0x08004a2c   0x00000004   Data   RW         3264    .data               system_stm32f4xx.o
    0x20000080   0x08004a30   0x00000001   Data   RW         3466    .data               usbd_ctlreq.o
    0x20000081   0x08004a31   0x00000003   PAD
    0x20000084   0x08004a34   0x00000053   Data   RW         3605    .data               usbd_cdc.o
    0x200000d7   0x08004a87   0x00000001   PAD
    0x200000d8   0x08004a88   0x00000038   Data   RW         3606    .data               usbd_cdc.o
    0x20000110   0x08004ac0   0x00000008   Data   RW         3723    .data               atk_mo1053.o
    0x20000118   0x08004ac8   0x00000001   Data   RW         4051    .data               datapackdecode.o
    0x20000119   0x08004ac9   0x00000003   PAD
    0x2000011c        -       0x0000064c   Zero   RW           17    .bss                main.o
    0x20000768        -       0x00000058   Zero   RW          254    .bss                spi.o
    0x200007c0        -       0x00000044   Zero   RW          301    .bss                usart.o
    0x20000804        -       0x000002dc   Zero   RW          447    .bss                usb_device.o
    0x20000ae0        -       0x00000200   Zero   RW          485    .bss                usbd_desc.o
    0x20000ce0        -       0x00001226   Zero   RW          569    .bss                usbd_cdc_if.o
    0x20001f06   0x08004ac9   0x00000002   PAD
    0x20001f08        -       0x0000072c   Zero   RW          652    .bss                usbd_conf.o
    0x20002634        -       0x00010acc   Zero   RW         3952    .bss                dataqueue.o
    0x20013100        -       0x00000231   Zero   RW         4050    .bss                datapackdecode.o
    0x20013331   0x08004ac9   0x00000003   PAD
    0x20013334        -       0x00000060   Zero   RW         4142    .bss                c_w.l(libspace.o)
    0x20013394   0x08004ac9   0x00000004   PAD
    0x20013398        -       0x00000400   Zero   RW            2    HEAP                startup_stm32f407xx.o
    0x20013798        -       0x00002000   Zero   RW            1    STACK               startup_stm32f407xx.o


    Execution Region RW_IRAM2 (Exec base: 0x2001c000, Load base: 0x08004acc, Size: 0x00000000, Max: 0x00004000, ABSOLUTE)

    **** No section assigned to this execution region ****


==============================================================================

Image component sizes


      Code (inc. data)   RO Data    RW Data    ZI Data      Debug   Object Name

      1102         62          0          8          0      15251   atk_mo1053.o
       176          4          0          1        561       3285   datapackdecode.o
       264         26          0          0      68300       5594   dataqueue.o
        18          0          0          0          0       1018   delay.o
       224         16          0          0          0       1063   gpio.o
       552         34          0          4       1612     686270   main.o
       180          4         80          0          0       1942   recorder.o
       228         24          0          0         88       2298   spi.o
        64         26        392          0       9216        860   startup_stm32f407xx.o
       180         28          0         12          0       9537   stm32f4xx_hal.o
       198         14          0          0          0      34055   stm32f4xx_hal_cortex.o
       516         46          0          0          0       2915   stm32f4xx_hal_gpio.o
        48          6          0          0          0        886   stm32f4xx_hal_msp.o
      2638         12          0          0          0      13936   stm32f4xx_hal_pcd.o
        78          0          0          0          0       2465   stm32f4xx_hal_pcd_ex.o
      1356         78          0          0          0       5832   stm32f4xx_hal_rcc.o
       942         12          0          0          0       4993   stm32f4xx_hal_spi.o
       664         10          0          0          0       4284   stm32f4xx_hal_uart.o
        32          6          0          0          0       4794   stm32f4xx_it.o
      2888        134          0          0          0      24491   stm32f4xx_ll_usb.o
        16          4         24          4          0       1175   system_stm32f4xx.o
       164         22          0          0         68       1764   usart.o
        84         18          0          0        732        844   usb_device.o
      1278         36          0        139          0      14689   usbd_cdc.o
       196         32          0         28       4646       4248   usbd_cdc_if.o
       644         24          0          0       1836      17268   usbd_conf.o
       916          0          0          0          0      15807   usbd_core.o
      1328         28          0          1          0      15064   usbd_ctlreq.o
       288        104          0         78        512       6345   usbd_desc.o
       132          0          0          0          0       4640   usbd_ioreq.o

    ----------------------------------------------------------------------
     17422        810        530        284      87576     907613   Object Totals
         0          0         32          0          0          0   (incl. Generated)
        28          0          2          9          5          0   (incl. Padding)

    ----------------------------------------------------------------------

      Code (inc. data)   RO Data    RW Data    ZI Data      Debug   Library Member Name

         8          0          0          0          0         68   __main.o
         0          0          0          0          0          0   __rtentry.o
        12          0          0          0          0          0   __rtentry2.o
         6          0          0          0          0          0   __rtentry4.o
        52          8          0          0          0          0   __scatter.o
        26          0          0          0          0          0   __scatter_copy.o
        28          0          0          0          0          0   __scatter_zi.o
        18          0          0          0          0         80   exit.o
         6          0          0          0          0        152   heapauxi.o
         0          0          0          0          0          0   indicate_semi.o
         2          0          0          0          0          0   libinit.o
         6          0          0          0          0          0   libinit2.o
         2          0          0          0          0          0   libshutdown.o
         2          0          0          0          0          0   libshutdown2.o
         8          4          0          0         96         68   libspace.o
       238          0          0          0          0        100   lludivv7m.o
        68          0          0          0          0         68   rt_memclr.o
        78          0          0          0          0         80   rt_memclr_w.o
       138          0          0          0          0         68   rt_memcpy_v6.o
       100          0          0          0          0         80   rt_memcpy_w.o
         2          0          0          0          0          0   rtexit.o
        10          0          0          0          0          0   rtexit2.o
        12          4          0          0          0         68   sys_exit.o
        74          0          0          0          0         80   sys_stackheap_outer.o
         2          0          0          0          0         68   use_no_semi.o
        10          0          0          0          0        116   fpinit.o

    ----------------------------------------------------------------------
       912         16          0          0        100       1096   Library Totals
         4          0          0          0          4          0   (incl. Padding)

    ----------------------------------------------------------------------

      Code (inc. data)   RO Data    RW Data    ZI Data      Debug   Library Name

       898         16          0          0         96        980   c_w.l
        10          0          0          0          0        116   fz_wm.l

    ----------------------------------------------------------------------
       912         16          0          0        100       1096   Library Totals

    ----------------------------------------------------------------------

==============================================================================


      Code (inc. data)   RO Data    RW Data    ZI Data      Debug   

     18334        826        530        284      87676     887093   Grand Totals
     18334        826        530        284      87676     887093   ELF Image Totals
     18334        826        530        284          0          0   ROM Totals

==============================================================================

    Total RO  Size (Code + RO Data)                18864 (  18.42kB)
    Total RW  Size (RW Data + ZI Data)             87960 (  85.90kB)
    Total ROM Size (Code + RO Data + RW Data)      19148 (  18.70kB)

==============================================================================

